Archive member included to satisfy reference by file (symbol)

/opt/gcc-arm-none-eabi/bin/../lib/gcc/arm-none-eabi/13.2.1/../../../../arm-none-eabi/lib/thumb/v7e-m/nofp/libc_nano.a(libc_a-exit.o)
                              /opt/gcc-arm-none-eabi/bin/../lib/gcc/arm-none-eabi/13.2.1/../../../../arm-none-eabi/lib/thumb/v7e-m/nofp/crt0.o (exit)
/opt/gcc-arm-none-eabi/bin/../lib/gcc/arm-none-eabi/13.2.1/../../../../arm-none-eabi/lib/thumb/v7e-m/nofp/libc_nano.a(libc_a-init.o)
                              /opt/gcc-arm-none-eabi/bin/../lib/gcc/arm-none-eabi/13.2.1/../../../../arm-none-eabi/lib/thumb/v7e-m/nofp/crt0.o (__libc_init_array)
/opt/gcc-arm-none-eabi/bin/../lib/gcc/arm-none-eabi/13.2.1/../../../../arm-none-eabi/lib/thumb/v7e-m/nofp/libc_nano.a(libc_a-nano-vfprintf_float.o)
                              (_printf_float)
/opt/gcc-arm-none-eabi/bin/../lib/gcc/arm-none-eabi/13.2.1/../../../../arm-none-eabi/lib/thumb/v7e-m/nofp/libc_nano.a(libc_a-nano-vfprintf_i.o)
                              /opt/gcc-arm-none-eabi/bin/../lib/gcc/arm-none-eabi/13.2.1/../../../../arm-none-eabi/lib/thumb/v7e-m/nofp/libc_nano.a(libc_a-nano-vfprintf_float.o) (_printf_common)
/opt/gcc-arm-none-eabi/bin/../lib/gcc/arm-none-eabi/13.2.1/../../../../arm-none-eabi/lib/thumb/v7e-m/nofp/libc_nano.a(libc_a-memchr.o)
                              /opt/gcc-arm-none-eabi/bin/../lib/gcc/arm-none-eabi/13.2.1/../../../../arm-none-eabi/lib/thumb/v7e-m/nofp/libc_nano.a(libc_a-nano-vfprintf_i.o) (memchr)
/opt/gcc-arm-none-eabi/bin/../lib/gcc/arm-none-eabi/13.2.1/../../../../arm-none-eabi/lib/thumb/v7e-m/nofp/libc_nano.a(libc_a-findfp.o)
                              /opt/gcc-arm-none-eabi/bin/../lib/gcc/arm-none-eabi/13.2.1/../../../../arm-none-eabi/lib/thumb/v7e-m/nofp/libc_nano.a(libc_a-exit.o) (__stdio_exit_handler)
/opt/gcc-arm-none-eabi/bin/../lib/gcc/arm-none-eabi/13.2.1/../../../../arm-none-eabi/lib/thumb/v7e-m/nofp/libc_nano.a(libc_a-strlen.o)
                              /opt/gcc-arm-none-eabi/bin/../lib/gcc/arm-none-eabi/13.2.1/../../../../arm-none-eabi/lib/thumb/v7e-m/nofp/libc_nano.a(libc_a-nano-vfprintf_float.o) (strlen)
/opt/gcc-arm-none-eabi/bin/../lib/gcc/arm-none-eabi/13.2.1/../../../../arm-none-eabi/lib/thumb/v7e-m/nofp/libc_nano.a(libc_a-stdio.o)
                              /opt/gcc-arm-none-eabi/bin/../lib/gcc/arm-none-eabi/13.2.1/../../../../arm-none-eabi/lib/thumb/v7e-m/nofp/libc_nano.a(libc_a-findfp.o) (__sread)
/opt/gcc-arm-none-eabi/bin/../lib/gcc/arm-none-eabi/13.2.1/../../../../arm-none-eabi/lib/thumb/v7e-m/nofp/libc_nano.a(libc_a-dtoa.o)
                              /opt/gcc-arm-none-eabi/bin/../lib/gcc/arm-none-eabi/13.2.1/../../../../arm-none-eabi/lib/thumb/v7e-m/nofp/libc_nano.a(libc_a-nano-vfprintf_float.o) (_dtoa_r)
/opt/gcc-arm-none-eabi/bin/../lib/gcc/arm-none-eabi/13.2.1/../../../../arm-none-eabi/lib/thumb/v7e-m/nofp/libc_nano.a(libc_a-readr.o)
                              /opt/gcc-arm-none-eabi/bin/../lib/gcc/arm-none-eabi/13.2.1/../../../../arm-none-eabi/lib/thumb/v7e-m/nofp/libc_nano.a(libc_a-stdio.o) (_read_r)
/opt/gcc-arm-none-eabi/bin/../lib/gcc/arm-none-eabi/13.2.1/../../../../arm-none-eabi/lib/thumb/v7e-m/nofp/libc_nano.a(libc_a-writer.o)
                              /opt/gcc-arm-none-eabi/bin/../lib/gcc/arm-none-eabi/13.2.1/../../../../arm-none-eabi/lib/thumb/v7e-m/nofp/libc_nano.a(libc_a-stdio.o) (_write_r)
/opt/gcc-arm-none-eabi/bin/../lib/gcc/arm-none-eabi/13.2.1/../../../../arm-none-eabi/lib/thumb/v7e-m/nofp/libc_nano.a(libc_a-fwalk.o)
                              /opt/gcc-arm-none-eabi/bin/../lib/gcc/arm-none-eabi/13.2.1/../../../../arm-none-eabi/lib/thumb/v7e-m/nofp/libc_nano.a(libc_a-findfp.o) (_fwalk_sglue)
/opt/gcc-arm-none-eabi/bin/../lib/gcc/arm-none-eabi/13.2.1/../../../../arm-none-eabi/lib/thumb/v7e-m/nofp/libc_nano.a(libc_a-memset.o)
                              /opt/gcc-arm-none-eabi/bin/../lib/gcc/arm-none-eabi/13.2.1/../../../../arm-none-eabi/lib/thumb/v7e-m/nofp/crt0.o (memset)
/opt/gcc-arm-none-eabi/bin/../lib/gcc/arm-none-eabi/13.2.1/../../../../arm-none-eabi/lib/thumb/v7e-m/nofp/libc_nano.a(libc_a-lock.o)
                              /opt/gcc-arm-none-eabi/bin/../lib/gcc/arm-none-eabi/13.2.1/../../../../arm-none-eabi/lib/thumb/v7e-m/nofp/libc_nano.a(libc_a-findfp.o) (__retarget_lock_init_recursive)
/opt/gcc-arm-none-eabi/bin/../lib/gcc/arm-none-eabi/13.2.1/../../../../arm-none-eabi/lib/thumb/v7e-m/nofp/libc_nano.a(libc_a-localeconv.o)
                              /opt/gcc-arm-none-eabi/bin/../lib/gcc/arm-none-eabi/13.2.1/../../../../arm-none-eabi/lib/thumb/v7e-m/nofp/libc_nano.a(libc_a-nano-vfprintf_float.o) (_localeconv_r)
/opt/gcc-arm-none-eabi/bin/../lib/gcc/arm-none-eabi/13.2.1/../../../../arm-none-eabi/lib/thumb/v7e-m/nofp/libc_nano.a(libc_a-closer.o)
                              /opt/gcc-arm-none-eabi/bin/../lib/gcc/arm-none-eabi/13.2.1/../../../../arm-none-eabi/lib/thumb/v7e-m/nofp/libc_nano.a(libc_a-stdio.o) (_close_r)
[...]
Memory Configuration

Name             Origin             Length             Attributes
RAM              0x20000000         0x00018000         xrw
FLASH            0x08000000         0x00080000         xr
*default*        0x00000000         0xffffffff

Linker script and memory map

LOAD /opt/gcc-arm-none-eabi/bin/../lib/gcc/arm-none-eabi/13.2.1/thumb/v7e-m/nofp/crti.o
LOAD /opt/gcc-arm-none-eabi/bin/../lib/gcc/arm-none-eabi/13.2.1/thumb/v7e-m/nofp/crtbegin.o
LOAD /opt/gcc-arm-none-eabi/bin/../lib/gcc/arm-none-eabi/13.2.1/../../../../arm-none-eabi/lib/thumb/v7e-m/nofp/crt0.o
LOAD /opt/gcc-arm-none-eabi/bin/../lib/gcc/arm-none-eabi/13.2.1/../../../../arm-none-eabi/lib/thumb/v7e-m/nofp/libc_nano.a
LOAD /opt/gcc-arm-none-eabi/bin/../lib/gcc/arm-none-eabi/13.2.1/../../../../arm-none-eabi/lib/thumb/v7e-m/nofp/libm.a
LOAD CMakeFiles/Drone.elf.dir/FWLIB/src/misc.c.o
LOAD CMakeFiles/Drone.elf.dir/FWLIB/src/stm32f4xx_adc.c.o
LOAD CMakeFiles/Drone.elf.dir/FWLIB/src/stm32f4xx_can.c.o
LOAD CMakeFiles/Drone.elf.dir/FWLIB/src/stm32f4xx_cec.c.o
LOAD CMakeFiles/Drone.elf.dir/FWLIB/src/stm32f4xx_crc.c.o
LOAD CMakeFiles/Drone.elf.dir/FWLIB/src/stm32f4xx_cryp.c.o
LOAD CMakeFiles/Drone.elf.dir/FWLIB/src/stm32f4xx_cryp_aes.c.o
LOAD CMakeFiles/Drone.elf.dir/FWLIB/src/stm32f4xx_cryp_des.c.o
LOAD CMakeFiles/Drone.elf.dir/FWLIB/src/stm32f4xx_cryp_tdes.c.o
LOAD CMakeFiles/Drone.elf.dir/FWLIB/src/stm32f4xx_dac.c.o
LOAD CMakeFiles/Drone.elf.dir/FWLIB/src/stm32f4xx_dbgmcu.c.o
LOAD CMakeFiles/Drone.elf.dir/FWLIB/src/stm32f4xx_dcmi.c.o
LOAD CMakeFiles/Drone.elf.dir/FWLIB/src/stm32f4xx_dfsdm.c.o
LOAD CMakeFiles/Drone.elf.dir/FWLIB/src/stm32f4xx_dma.c.o
LOAD CMakeFiles/Drone.elf.dir/FWLIB/src/stm32f4xx_dma2d.c.o
LOAD CMakeFiles/Drone.elf.dir/FWLIB/src/stm32f4xx_dsi.c.o
LOAD CMakeFiles/Drone.elf.dir/FWLIB/src/stm32f4xx_exti.c.o
LOAD CMakeFiles/Drone.elf.dir/FWLIB/src/stm32f4xx_flash.c.o
LOAD CMakeFiles/Drone.elf.dir/FWLIB/src/stm32f4xx_flash_ramfunc.c.o
LOAD CMakeFiles/Drone.elf.dir/FWLIB/src/stm32f4xx_fmpi2c.c.o
LOAD CMakeFiles/Drone.elf.dir/FWLIB/src/stm32f4xx_gpio.c.o
LOAD CMakeFiles/Drone.elf.dir/FWLIB/src/stm32f4xx_hash.c.o
LOAD CMakeFiles/Drone.elf.dir/FWLIB/src/stm32f4xx_hash_md5.c.o
LOAD CMakeFiles/Drone.elf.dir/FWLIB/src/stm32f4xx_hash_sha1.c.o
LOAD CMakeFiles/Drone.elf.dir/FWLIB/src/stm32f4xx_i2c.c.o
LOAD CMakeFiles/Drone.elf.dir/FWLIB/src/stm32f4xx_iwdg.c.o
LOAD CMakeFiles/Drone.elf.dir/FWLIB/src/stm32f4xx_lptim.c.o
LOAD CMakeFiles/Drone.elf.dir/FWLIB/src/stm32f4xx_ltdc.c.o
LOAD CMakeFiles/Drone.elf.dir/FWLIB/src/stm32f4xx_pwr.c.o
LOAD CMakeFiles/Drone.elf.dir/FWLIB/src/stm32f4xx_qspi.c.o
LOAD CMakeFiles/Drone.elf.dir/FWLIB/src/stm32f4xx_rcc.c.o
LOAD CMakeFiles/Drone.elf.dir/FWLIB/src/stm32f4xx_rng.c.o
LOAD CMakeFiles/Drone.elf.dir/FWLIB/src/stm32f4xx_rtc.c.o
LOAD CMakeFiles/Drone.elf.dir/FWLIB/src/stm32f4xx_sai.c.o
LOAD CMakeFiles/Drone.elf.dir/FWLIB/src/stm32f4xx_sdio.c.o
LOAD CMakeFiles/Drone.elf.dir/FWLIB/src/stm32f4xx_spdifrx.c.o
LOAD CMakeFiles/Drone.elf.dir/FWLIB/src/stm32f4xx_spi.c.o
LOAD CMakeFiles/Drone.elf.dir/FWLIB/src/stm32f4xx_syscfg.c.o
LOAD CMakeFiles/Drone.elf.dir/FWLIB/src/stm32f4xx_tim.c.o
LOAD CMakeFiles/Drone.elf.dir/FWLIB/src/stm32f4xx_usart.c.o
LOAD CMakeFiles/Drone.elf.dir/FWLIB/src/stm32f4xx_wwdg.c.o
LOAD CMakeFiles/Drone.elf.dir/HARDWARE/src/HMC5883L.c.o
LOAD CMakeFiles/Drone.elf.dir/HARDWARE/src/MPU.c.o
LOAD CMakeFiles/Drone.elf.dir/HARDWARE/src/Moter.c.o
LOAD CMakeFiles/Drone.elf.dir/HARDWARE/src/MyI2C.c.o
LOAD CMakeFiles/Drone.elf.dir/HARDWARE/src/Receiver.c.o
LOAD CMakeFiles/Drone.elf.dir/HARDWARE/src/Serial.c.o
LOAD CMakeFiles/Drone.elf.dir/SYSTEM/src/ChangeHCLK.c.o
LOAD CMakeFiles/Drone.elf.dir/SystemView/SEGGER_RTT.c.o
LOAD CMakeFiles/Drone.elf.dir/SystemView/SEGGER_RTT_printf.c.o
LOAD CMakeFiles/Drone.elf.dir/SystemView/SEGGER_SYSVIEW.c.o
LOAD CMakeFiles/Drone.elf.dir/SystemView/SEGGER_SYSVIEW_Config_uCOSII.c.o
LOAD CMakeFiles/Drone.elf.dir/SystemView/SEGGER_SYSVIEW_uCOSII.c.o
LOAD CMakeFiles/Drone.elf.dir/USER/src/delay.c.o
LOAD CMakeFiles/Drone.elf.dir/USER/src/main.c.o
LOAD CMakeFiles/Drone.elf.dir/USER/src/stm32f4xx_it.c.o
LOAD CMakeFiles/Drone.elf.dir/USER/src/system_stm32f4xx.c.o
LOAD CMakeFiles/Drone.elf.dir/os/src/app_hooks.c.o
LOAD CMakeFiles/Drone.elf.dir/os/src/os_core.c.o
LOAD CMakeFiles/Drone.elf.dir/os/src/os_cpu_c.c.o
LOAD CMakeFiles/Drone.elf.dir/os/src/os_dbg_r.c.o
LOAD CMakeFiles/Drone.elf.dir/os/src/os_flag.c.o
LOAD CMakeFiles/Drone.elf.dir/os/src/os_mbox.c.o
LOAD CMakeFiles/Drone.elf.dir/os/src/os_mem.c.o
LOAD CMakeFiles/Drone.elf.dir/os/src/os_mutex.c.o
LOAD CMakeFiles/Drone.elf.dir/os/src/os_q.c.o
LOAD CMakeFiles/Drone.elf.dir/os/src/os_sem.c.o
LOAD CMakeFiles/Drone.elf.dir/os/src/os_task.c.o
LOAD CMakeFiles/Drone.elf.dir/os/src/os_time.c.o
LOAD CMakeFiles/Drone.elf.dir/os/src/os_tmr.c.o
LOAD CMakeFiles/Drone.elf.dir/CORE/startup_stm32f401xe.s.o
LOAD CMakeFiles/Drone.elf.dir/os/os_cpu_a.s.o
LOAD CMakeFiles/Drone.elf.dir/SystemView/SEGGER_RTT_ASM_ARMv7M.s.o
START GROUP
LOAD /opt/gcc-arm-none-eabi/bin/../lib/gcc/arm-none-eabi/13.2.1/thumb/v7e-m/nofp/libgcc.a
LOAD /opt/gcc-arm-none-eabi/bin/../lib/gcc/arm-none-eabi/13.2.1/../../../../arm-none-eabi/lib/thumb/v7e-m/nofp/libc_nano.a
LOAD /opt/gcc-arm-none-eabi/bin/../lib/gcc/arm-none-eabi/13.2.1/../../../../arm-none-eabi/lib/thumb/v7e-m/nofp/libm.a
LOAD /opt/gcc-arm-none-eabi/bin/../lib/gcc/arm-none-eabi/13.2.1/../../../../arm-none-eabi/lib/thumb/v7e-m/nofp/librdimon_nano.a
END GROUP
START GROUP
LOAD /opt/gcc-arm-none-eabi/bin/../lib/gcc/arm-none-eabi/13.2.1/thumb/v7e-m/nofp/libgcc.a
LOAD /opt/gcc-arm-none-eabi/bin/../lib/gcc/arm-none-eabi/13.2.1/../../../../arm-none-eabi/lib/thumb/v7e-m/nofp/libg_nano.a
LOAD /opt/gcc-arm-none-eabi/bin/../lib/gcc/arm-none-eabi/13.2.1/../../../../arm-none-eabi/lib/thumb/v7e-m/nofp/libc_nano.a
END GROUP
START GROUP
LOAD /opt/gcc-arm-none-eabi/bin/../lib/gcc/arm-none-eabi/13.2.1/thumb/v7e-m/nofp/libgcc.a
LOAD /opt/gcc-arm-none-eabi/bin/../lib/gcc/arm-none-eabi/13.2.1/../../../../arm-none-eabi/lib/thumb/v7e-m/nofp/libc_nano.a
END GROUP
LOAD /opt/gcc-arm-none-eabi/bin/../lib/gcc/arm-none-eabi/13.2.1/thumb/v7e-m/nofp/crtend.o
LOAD /opt/gcc-arm-none-eabi/bin/../lib/gcc/arm-none-eabi/13.2.1/thumb/v7e-m/nofp/crtn.o
                0x20018000                        _estack = (ORIGIN (RAM) + LENGTH (RAM))
                0x00000800                        _Min_Heap_Size = 0x800
                0x00000800                        _Min_Stack_Size = 0x800

.isr_vector     0x08000000      0x194
                0x08000000                        . = ALIGN (0x4)
 *(.isr_vector)
 .isr_vector    0x08000000      0x194 CMakeFiles/Drone.elf.dir/CORE/startup_stm32f401xe.s.o
                0x08000000                g_pfnVectors
                0x08000194                        . = ALIGN (0x4)

.text           0x080001a0     0x6a74
                0x080001a0                        . = ALIGN (0x4)
 *(.text)
 .text          0x080001a0       0xa0 /opt/gcc-arm-none-eabi/bin/../lib/gcc/arm-none-eabi/13.2.1/../../../../arm-none-eabi/lib/thumb/v7e-m/nofp/libc_nano.a(libc_a-memchr.o)
                0x080001a0                memchr
 .text          0x08000240       0x10 /opt/gcc-arm-none-eabi/bin/../lib/gcc/arm-none-eabi/13.2.1/../../../../arm-none-eabi/lib/thumb/v7e-m/nofp/libc_nano.a(libc_a-strlen.o)
                0x08000240                strlen
 .text          0x08000250      0x138 CMakeFiles/Drone.elf.dir/os/os_cpu_a.s.o
                0x08000250                OS_CPU_SR_Save
                0x0800026c                OS_CPU_SR_Restore
                0x0800027e                OSStartHighRdy
                0x080002fe                OSCtxSw
                0x080002fe                OSIntCtxSw
                0x08000308                PendSV_Handler
 .text          0x08000388       0x94 CMakeFiles/Drone.elf.dir/SystemView/SEGGER_RTT_ASM_ARMv7M.s.o
                0x08000388                SEGGER_RTT_ASM_WriteSkipNoLock
 .text          0x0800041c      0x378 /opt/gcc-arm-none-eabi/bin/../lib/gcc/arm-none-eabi/13.2.1/thumb/v7e-m/nofp/libgcc.a(_arm_addsubdf3.o)
                0x0800041c                __aeabi_drsub
                0x08000424                __aeabi_dsub
                0x08000424                __subdf3
                0x08000428                __adddf3
                0x08000428                __aeabi_dadd
                0x080006a0                __aeabi_ui2d
                0x080006a0                __floatunsidf
                0x080006c0                __floatsidf
                0x080006c0                __aeabi_i2d
                0x080006e4                __extendsfdf2
                0x080006e4                __aeabi_f2d
                0x08000728                __aeabi_ul2d
                0x08000728                __floatundidf
                0x08000738                __floatdidf
                0x08000738                __aeabi_l2d
 .text          0x08000794      0x424 /opt/gcc-arm-none-eabi/bin/../lib/gcc/arm-none-eabi/13.2.1/thumb/v7e-m/nofp/libgcc.a(_arm_muldivdf3.o)
                0x08000794                __aeabi_dmul
                0x08000794                __muldf3
                0x080009e8                __aeabi_ddiv
                0x080009e8                __divdf3
 .text          0x08000bb8      0x110 /opt/gcc-arm-none-eabi/bin/../lib/gcc/arm-none-eabi/13.2.1/thumb/v7e-m/nofp/libgcc.a(_arm_cmpdf2.o)
                0x08000bb8                __gtdf2
                0x08000bb8                __gedf2
                0x08000bc0                __ltdf2
                0x08000bc0                __ledf2
                0x08000bc8                __cmpdf2
                0x08000bc8                __eqdf2
                0x08000bc8                __nedf2
                0x08000c44                __aeabi_cdrcmple
                0x08000c54                __aeabi_cdcmple
                0x08000c54                __aeabi_cdcmpeq
                0x08000c64                __aeabi_dcmpeq
                0x08000c78                __aeabi_dcmplt
                0x08000c8c                __aeabi_dcmple
                0x08000ca0                __aeabi_dcmpge
                0x08000cb4                __aeabi_dcmpgt
 .text          0x08000cc8       0x2c /opt/gcc-arm-none-eabi/bin/../lib/gcc/arm-none-eabi/13.2.1/thumb/v7e-m/nofp/libgcc.a(_arm_unorddf2.o)
                0x08000cc8                __aeabi_dcmpun
                0x08000cc8                __unorddf2
 .text          0x08000cf4       0x50 /opt/gcc-arm-none-eabi/bin/../lib/gcc/arm-none-eabi/13.2.1/thumb/v7e-m/nofp/libgcc.a(_arm_fixdfsi.o)
                0x08000cf4                __fixdfsi
                0x08000cf4                __aeabi_d2iz
 .text          0x08000d44      0x21c /opt/gcc-arm-none-eabi/bin/../lib/gcc/arm-none-eabi/13.2.1/thumb/v7e-m/nofp/libgcc.a(_arm_addsubsf3.o)
                0x08000d44                __aeabi_frsub
                0x08000d4c                __subsf3
                0x08000d4c                __aeabi_fsub
                0x08000d50                __aeabi_fadd
                0x08000d50                __addsf3
                0x08000eb0                __aeabi_ui2f
                0x08000eb0                __floatunsisf
                0x08000eb8                __aeabi_i2f
                0x08000eb8                __floatsisf
                0x08000ed4                __floatundisf
                0x08000ed4                __aeabi_ul2f
                0x08000ee4                __floatdisf
                0x08000ee4                __aeabi_l2f
 .text          0x08000f60      0x2a0 /opt/gcc-arm-none-eabi/bin/../lib/gcc/arm-none-eabi/13.2.1/thumb/v7e-m/nofp/libgcc.a(_arm_muldivsf3.o)
                0x08000f60                __mulsf3
                0x08000f60                __aeabi_fmul
                0x080010c8                __divsf3
                0x080010c8                __aeabi_fdiv
 .text          0x08001200       0x4c /opt/gcc-arm-none-eabi/bin/../lib/gcc/arm-none-eabi/13.2.1/thumb/v7e-m/nofp/libgcc.a(_arm_fixsfsi.o)
                0x08001200                __fixsfsi
                0x08001200                __aeabi_f2iz
 *(.text*)
 .text.deregister_tm_clones
                0x0800124c       0x1c /opt/gcc-arm-none-eabi/bin/../lib/gcc/arm-none-eabi/13.2.1/thumb/v7e-m/nofp/crtbegin.o
 .text.register_tm_clones
                0x08001268       0x24 /opt/gcc-arm-none-eabi/bin/../lib/gcc/arm-none-eabi/13.2.1/thumb/v7e-m/nofp/crtbegin.o
 .text.__do_global_dtors_aux
                0x0800128c       0x28 /opt/gcc-arm-none-eabi/bin/../lib/gcc/arm-none-eabi/13.2.1/thumb/v7e-m/nofp/crtbegin.o
 .text.frame_dummy
                0x080012b4       0x24 /opt/gcc-arm-none-eabi/bin/../lib/gcc/arm-none-eabi/13.2.1/thumb/v7e-m/nofp/crtbegin.o
 .text.__libc_init_array
                0x080012d8       0x48 /opt/gcc-arm-none-eabi/bin/../lib/gcc/arm-none-eabi/13.2.1/../../../../arm-none-eabi/lib/thumb/v7e-m/nofp/libc_nano.a(libc_a-init.o)
                0x080012d8                __libc_init_array
 .text.__cvt    0x08001320       0xc8 /opt/gcc-arm-none-eabi/bin/../lib/gcc/arm-none-eabi/13.2.1/../../../../arm-none-eabi/lib/thumb/v7e-m/nofp/libc_nano.a(libc_a-nano-vfprintf_float.o)
                0x08001320                __cvt
 .text.__exponent
                0x080013e8       0x74 /opt/gcc-arm-none-eabi/bin/../lib/gcc/arm-none-eabi/13.2.1/../../../../arm-none-eabi/lib/thumb/v7e-m/nofp/libc_nano.a(libc_a-nano-vfprintf_float.o)
                0x080013e8                __exponent
 .text._printf_float
                0x0800145c      0x458 /opt/gcc-arm-none-eabi/bin/../lib/gcc/arm-none-eabi/13.2.1/../../../../arm-none-eabi/lib/thumb/v7e-m/nofp/libc_nano.a(libc_a-nano-vfprintf_float.o)
                0x0800145c                _printf_float
 .text._printf_common
                0x080018b4       0xda /opt/gcc-arm-none-eabi/bin/../lib/gcc/arm-none-eabi/13.2.1/../../../../arm-none-eabi/lib/thumb/v7e-m/nofp/libc_nano.a(libc_a-nano-vfprintf_i.o)
                0x080018b4                _printf_common
 *fill*         0x0800198e        0x2 
 .text._printf_i
                0x08001990      0x23c /opt/gcc-arm-none-eabi/bin/../lib/gcc/arm-none-eabi/13.2.1/../../../../arm-none-eabi/lib/thumb/v7e-m/nofp/libc_nano.a(libc_a-nano-vfprintf_i.o)
                0x08001990                _printf_i
 .text.std      0x08001bcc       0x6c /opt/gcc-arm-none-eabi/bin/../lib/gcc/arm-none-eabi/13.2.1/../../../../arm-none-eabi/lib/thumb/v7e-m/nofp/libc_nano.a(libc_a-findfp.o)
 .text.stdio_exit_handler
                0x08001c38       0x18 /opt/gcc-arm-none-eabi/bin/../lib/gcc/arm-none-eabi/13.2.1/../../../../arm-none-eabi/lib/thumb/v7e-m/nofp/libc_nano.a(libc_a-findfp.o)
 .text.cleanup_stdio
                0x08001c50       0x40 /opt/gcc-arm-none-eabi/bin/../lib/gcc/arm-none-eabi/13.2.1/../../../../arm-none-eabi/lib/thumb/v7e-m/nofp/libc_nano.a(libc_a-findfp.o)
 .text.global_stdio_init.part.0
                0x08001c90       0x3c /opt/gcc-arm-none-eabi/bin/../lib/gcc/arm-none-eabi/13.2.1/../../../../arm-none-eabi/lib/thumb/v7e-m/nofp/libc_nano.a(libc_a-findfp.o)
 .text.__sfp_lock_acquire
                0x08001ccc        0xc /opt/gcc-arm-none-eabi/bin/../lib/gcc/arm-none-eabi/13.2.1/../../../../arm-none-eabi/lib/thumb/v7e-m/nofp/libc_nano.a(libc_a-findfp.o)
                0x08001ccc                __sfp_lock_acquire
 .text.__sfp_lock_release
                0x08001cd8        0xc /opt/gcc-arm-none-eabi/bin/../lib/gcc/arm-none-eabi/13.2.1/../../../../arm-none-eabi/lib/thumb/v7e-m/nofp/libc_nano.a(libc_a-findfp.o)
                0x08001cd8                __sfp_lock_release
 .text.__sinit  0x08001ce4       0x30 /opt/gcc-arm-none-eabi/bin/../lib/gcc/arm-none-eabi/13.2.1/../../../../arm-none-eabi/lib/thumb/v7e-m/nofp/libc_nano.a(libc_a-findfp.o)
                0x08001ce4                __sinit
 .text.__sread  0x08001d14       0x22 /opt/gcc-arm-none-eabi/bin/../lib/gcc/arm-none-eabi/13.2.1/../../../../arm-none-eabi/lib/thumb/v7e-m/nofp/libc_nano.a(libc_a-stdio.o)
                0x08001d14                __sread
 .text.__swrite
                0x08001d36       0x38 /opt/gcc-arm-none-eabi/bin/../lib/gcc/arm-none-eabi/13.2.1/../../../../arm-none-eabi/lib/thumb/v7e-m/nofp/libc_nano.a(libc_a-stdio.o)
                0x08001d36                __swrite
 .text.__sseek  0x08001d6e       0x24 /opt/gcc-arm-none-eabi/bin/../lib/gcc/arm-none-eabi/13.2.1/../../../../arm-none-eabi/lib/thumb/v7e-m/nofp/libc_nano.a(libc_a-stdio.o)
                0x08001d6e                __sseek
 .text.__sclose
                0x08001d92        0x8 /opt/gcc-arm-none-eabi/bin/../lib/gcc/arm-none-eabi/13.2.1/../../../../arm-none-eabi/lib/thumb/v7e-m/nofp/libc_nano.a(libc_a-stdio.o)
                0x08001d92                __sclose
 .text.quorem   0x08001d9a      0x110 /opt/gcc-arm-none-eabi/bin/../lib/gcc/arm-none-eabi/13.2.1/../../../../arm-none-eabi/lib/thumb/v7e-m/nofp/libc_nano.a(libc_a-dtoa.o)
 *fill*         0x08001eaa        0x6 
 .text._dtoa_r  0x08001eb0      0xb7c /opt/gcc-arm-none-eabi/bin/../lib/gcc/arm-none-eabi/13.2.1/../../../../arm-none-eabi/lib/thumb/v7e-m/nofp/libc_nano.a(libc_a-dtoa.o)
                0x08001eb0                _dtoa_r
 .text._read_r  0x08002a2c       0x24 /opt/gcc-arm-none-eabi/bin/../lib/gcc/arm-none-eabi/13.2.1/../../../../arm-none-eabi/lib/thumb/v7e-m/nofp/libc_nano.a(libc_a-readr.o)
                0x08002a2c                _read_r
 .text._write_r
                0x08002a50       0x24 /opt/gcc-arm-none-eabi/bin/../lib/gcc/arm-none-eabi/13.2.1/../../../../arm-none-eabi/lib/thumb/v7e-m/nofp/libc_nano.a(libc_a-writer.o)
                0x08002a50                _write_r
 .text._fwalk_sglue
                0x08002a74       0x3c /opt/gcc-arm-none-eabi/bin/../lib/gcc/arm-none-eabi/13.2.1/../../../../arm-none-eabi/lib/thumb/v7e-m/nofp/libc_nano.a(libc_a-fwalk.o)
                0x08002a74                _fwalk_sglue
 .text.memset   0x08002ab0       0x10 /opt/gcc-arm-none-eabi/bin/../lib/gcc/arm-none-eabi/13.2.1/../../../../arm-none-eabi/lib/thumb/v7e-m/nofp/libc_nano.a(libc_a-memset.o)
                0x08002ab0                memset
 .text.__retarget_lock_init_recursive
                0x08002ac0        0x2 /opt/gcc-arm-none-eabi/bin/../lib/gcc/arm-none-eabi/13.2.1/../../../../arm-none-eabi/lib/thumb/v7e-m/nofp/libc_nano.a(libc_a-lock.o)
                0x08002ac0                __retarget_lock_init_recursive
 .text.__retarget_lock_acquire_recursive
                0x08002ac2        0x2 /opt/gcc-arm-none-eabi/bin/../lib/gcc/arm-none-eabi/13.2.1/../../../../arm-none-eabi/lib/thumb/v7e-m/nofp/libc_nano.a(libc_a-lock.o)
                0x08002ac2                __retarget_lock_acquire_recursive
 .text.__retarget_lock_release_recursive
                0x08002ac4        0x2 /opt/gcc-arm-none-eabi/bin/../lib/gcc/arm-none-eabi/13.2.1/../../../../arm-none-eabi/lib/thumb/v7e-m/nofp/libc_nano.a(libc_a-lock.o)
                0x08002ac4                __retarget_lock_release_recursive
 *fill*         0x08002ac6        0x2 
 .text._localeconv_r
                0x08002ac8        0x8 /opt/gcc-arm-none-eabi/bin/../lib/gcc/arm-none-eabi/13.2.1/../../../../arm-none-eabi/lib/thumb/v7e-m/nofp/libc_nano.a(libc_a-localeconv.o)
                0x08002ac8                _localeconv_r
 .text._close_r
                0x08002ad0       0x20 /opt/gcc-arm-none-eabi/bin/../lib/gcc/arm-none-eabi/13.2.1/../../../../arm-none-eabi/lib/thumb/v7e-m/nofp/libc_nano.a(libc_a-closer.o)
                0x08002ad0                _close_r
 .text.__sflush_r
                0x08002af0      0x100 /opt/gcc-arm-none-eabi/bin/../lib/gcc/arm-none-eabi/13.2.1/../../../../arm-none-eabi/lib/thumb/v7e-m/nofp/libc_nano.a(libc_a-fflush.o)
                0x08002af0                __sflush_r
 .text._fflush_r
                0x08002bf0       0x50 /opt/gcc-arm-none-eabi/bin/../lib/gcc/arm-none-eabi/13.2.1/../../../../arm-none-eabi/lib/thumb/v7e-m/nofp/libc_nano.a(libc_a-fflush.o)
                0x08002bf0                _fflush_r
 .text.memcpy   0x08002c40       0x1c /opt/gcc-arm-none-eabi/bin/../lib/gcc/arm-none-eabi/13.2.1/../../../../arm-none-eabi/lib/thumb/v7e-m/nofp/libc_nano.a(libc_a-memcpy-stub.o)
                0x08002c40                memcpy
 .text.malloc   0x08002c5c       0x10 /opt/gcc-arm-none-eabi/bin/../lib/gcc/arm-none-eabi/13.2.1/../../../../arm-none-eabi/lib/thumb/v7e-m/nofp/libc_nano.a(libc_a-malloc.o)
                0x08002c5c                malloc
 .text.sbrk_aligned
                0x08002c6c       0x44 /opt/gcc-arm-none-eabi/bin/../lib/gcc/arm-none-eabi/13.2.1/../../../../arm-none-eabi/lib/thumb/v7e-m/nofp/libc_nano.a(libc_a-mallocr.o)
 .text._malloc_r
                0x08002cb0      0x100 /opt/gcc-arm-none-eabi/bin/../lib/gcc/arm-none-eabi/13.2.1/../../../../arm-none-eabi/lib/thumb/v7e-m/nofp/libc_nano.a(libc_a-mallocr.o)
                0x08002cb0                _malloc_r
 .text.__assert_func
                0x08002db0       0x3c /opt/gcc-arm-none-eabi/bin/../lib/gcc/arm-none-eabi/13.2.1/../../../../arm-none-eabi/lib/thumb/v7e-m/nofp/libc_nano.a(libc_a-assert.o)
                0x08002db0                __assert_func
 .text._lseek_r
                0x08002dec       0x24 /opt/gcc-arm-none-eabi/bin/../lib/gcc/arm-none-eabi/13.2.1/../../../../arm-none-eabi/lib/thumb/v7e-m/nofp/libc_nano.a(libc_a-lseekr.o)
                0x08002dec                _lseek_r
 .text.fprintf  0x08002e10       0x24 /opt/gcc-arm-none-eabi/bin/../lib/gcc/arm-none-eabi/13.2.1/../../../../arm-none-eabi/lib/thumb/v7e-m/nofp/libc_nano.a(libc_a-fprintf.o)
                0x08002e10                fprintf
                0x08002e10                fiprintf
 .text.__malloc_lock
                0x08002e34        0xc /opt/gcc-arm-none-eabi/bin/../lib/gcc/arm-none-eabi/13.2.1/../../../../arm-none-eabi/lib/thumb/v7e-m/nofp/libc_nano.a(libc_a-mlock.o)
                0x08002e34                __malloc_lock
 .text.__malloc_unlock
                0x08002e40        0xc /opt/gcc-arm-none-eabi/bin/../lib/gcc/arm-none-eabi/13.2.1/../../../../arm-none-eabi/lib/thumb/v7e-m/nofp/libc_nano.a(libc_a-mlock.o)
                0x08002e40                __malloc_unlock
 .text._Balloc  0x08002e4c       0x80 /opt/gcc-arm-none-eabi/bin/../lib/gcc/arm-none-eabi/13.2.1/../../../../arm-none-eabi/lib/thumb/v7e-m/nofp/libc_nano.a(libc_a-mprec.o)
                0x08002e4c                _Balloc
 .text._Bfree   0x08002ecc       0x44 /opt/gcc-arm-none-eabi/bin/../lib/gcc/arm-none-eabi/13.2.1/../../../../arm-none-eabi/lib/thumb/v7e-m/nofp/libc_nano.a(libc_a-mprec.o)
                0x08002ecc                _Bfree
 .text.__multadd
                0x08002f10       0x8c /opt/gcc-arm-none-eabi/bin/../lib/gcc/arm-none-eabi/13.2.1/../../../../arm-none-eabi/lib/thumb/v7e-m/nofp/libc_nano.a(libc_a-mprec.o)
                0x08002f10                __multadd
 .text.__hi0bits
                0x08002f9c       0x3e /opt/gcc-arm-none-eabi/bin/../lib/gcc/arm-none-eabi/13.2.1/../../../../arm-none-eabi/lib/thumb/v7e-m/nofp/libc_nano.a(libc_a-mprec.o)
                0x08002f9c                __hi0bits
 .text.__lo0bits
                0x08002fda       0x5a /opt/gcc-arm-none-eabi/bin/../lib/gcc/arm-none-eabi/13.2.1/../../../../arm-none-eabi/lib/thumb/v7e-m/nofp/libc_nano.a(libc_a-mprec.o)
                0x08002fda                __lo0bits
 .text.__i2b    0x08003034       0x2c /opt/gcc-arm-none-eabi/bin/../lib/gcc/arm-none-eabi/13.2.1/../../../../arm-none-eabi/lib/thumb/v7e-m/nofp/libc_nano.a(libc_a-mprec.o)
                0x08003034                __i2b
 .text.__multiply
                0x08003060      0x144 /opt/gcc-arm-none-eabi/bin/../lib/gcc/arm-none-eabi/13.2.1/../../../../arm-none-eabi/lib/thumb/v7e-m/nofp/libc_nano.a(libc_a-mprec.o)
                0x08003060                __multiply
 .text.__pow5mult
                0x080031a4       0xb4 /opt/gcc-arm-none-eabi/bin/../lib/gcc/arm-none-eabi/13.2.1/../../../../arm-none-eabi/lib/thumb/v7e-m/nofp/libc_nano.a(libc_a-mprec.o)
                0x080031a4                __pow5mult
 .text.__lshift
                0x08003258       0xd8 /opt/gcc-arm-none-eabi/bin/../lib/gcc/arm-none-eabi/13.2.1/../../../../arm-none-eabi/lib/thumb/v7e-m/nofp/libc_nano.a(libc_a-mprec.o)
                0x08003258                __lshift
 .text.__mcmp   0x08003330       0x36 /opt/gcc-arm-none-eabi/bin/../lib/gcc/arm-none-eabi/13.2.1/../../../../arm-none-eabi/lib/thumb/v7e-m/nofp/libc_nano.a(libc_a-mprec.o)
                0x08003330                __mcmp
 *fill*         0x08003366        0x2 
 .text.__mdiff  0x08003368      0x124 /opt/gcc-arm-none-eabi/bin/../lib/gcc/arm-none-eabi/13.2.1/../../../../arm-none-eabi/lib/thumb/v7e-m/nofp/libc_nano.a(libc_a-mprec.o)
                0x08003368                __mdiff
 .text.__d2b    0x0800348c       0xb0 /opt/gcc-arm-none-eabi/bin/../lib/gcc/arm-none-eabi/13.2.1/../../../../arm-none-eabi/lib/thumb/v7e-m/nofp/libc_nano.a(libc_a-mprec.o)
                0x0800348c                __d2b
 .text._calloc_r
                0x0800353c       0x28 /opt/gcc-arm-none-eabi/bin/../lib/gcc/arm-none-eabi/13.2.1/../../../../arm-none-eabi/lib/thumb/v7e-m/nofp/libc_nano.a(libc_a-callocr.o)
                0x0800353c                _calloc_r
 .text._sbrk_r  0x08003564       0x20 /opt/gcc-arm-none-eabi/bin/../lib/gcc/arm-none-eabi/13.2.1/../../../../arm-none-eabi/lib/thumb/v7e-m/nofp/libc_nano.a(libc_a-sbrkr.o)
                0x08003564                _sbrk_r
 .text._free_r  0x08003584       0x94 /opt/gcc-arm-none-eabi/bin/../lib/gcc/arm-none-eabi/13.2.1/../../../../arm-none-eabi/lib/thumb/v7e-m/nofp/libc_nano.a(libc_a-freer.o)
                0x08003584                _free_r
 .text.__sfputc_r
                0x08003618       0x2a /opt/gcc-arm-none-eabi/bin/../lib/gcc/arm-none-eabi/13.2.1/../../../../arm-none-eabi/lib/thumb/v7e-m/nofp/libc_nano.a(libc_a-nano-vfprintf.o)
 .text.__sfputs_r
                0x08003642       0x24 /opt/gcc-arm-none-eabi/bin/../lib/gcc/arm-none-eabi/13.2.1/../../../../arm-none-eabi/lib/thumb/v7e-m/nofp/libc_nano.a(libc_a-nano-vfprintf.o)
                0x08003642                __sfputs_r
 *fill*         0x08003666        0x2 
 .text._vfprintf_r
                0x08003668      0x230 /opt/gcc-arm-none-eabi/bin/../lib/gcc/arm-none-eabi/13.2.1/../../../../arm-none-eabi/lib/thumb/v7e-m/nofp/libc_nano.a(libc_a-nano-vfprintf.o)
                0x08003668                _vfiprintf_r
                0x08003668                _vfprintf_r
 .text.__swbuf_r
                0x08003898       0x7c /opt/gcc-arm-none-eabi/bin/../lib/gcc/arm-none-eabi/13.2.1/../../../../arm-none-eabi/lib/thumb/v7e-m/nofp/libc_nano.a(libc_a-wbuf.o)
                0x08003898                __swbuf_r
 .text.__swsetup_r
                0x08003914       0xac /opt/gcc-arm-none-eabi/bin/../lib/gcc/arm-none-eabi/13.2.1/../../../../arm-none-eabi/lib/thumb/v7e-m/nofp/libc_nano.a(libc_a-wsetup.o)
                0x08003914                __swsetup_r
 .text.__ascii_wctomb
                0x080039c0       0x1a /opt/gcc-arm-none-eabi/bin/../lib/gcc/arm-none-eabi/13.2.1/../../../../arm-none-eabi/lib/thumb/v7e-m/nofp/libc_nano.a(libc_a-wctomb_r.o)
                0x080039c0                __ascii_wctomb
 .text.abort    0x080039da        0xe /opt/gcc-arm-none-eabi/bin/../lib/gcc/arm-none-eabi/13.2.1/../../../../arm-none-eabi/lib/thumb/v7e-m/nofp/libc_nano.a(libc_a-abort.o)
                0x080039da                abort
 .text.__ascii_mbtowc
                0x080039e8       0x24 /opt/gcc-arm-none-eabi/bin/../lib/gcc/arm-none-eabi/13.2.1/../../../../arm-none-eabi/lib/thumb/v7e-m/nofp/libc_nano.a(libc_a-mbtowc_r.o)
                0x080039e8                __ascii_mbtowc
 .text.__swhatbuf_r
                0x08003a0c       0x4c /opt/gcc-arm-none-eabi/bin/../lib/gcc/arm-none-eabi/13.2.1/../../../../arm-none-eabi/lib/thumb/v7e-m/nofp/libc_nano.a(libc_a-makebuf.o)
                0x08003a0c                __swhatbuf_r
 .text.__smakebuf_r
                0x08003a58       0x78 /opt/gcc-arm-none-eabi/bin/../lib/gcc/arm-none-eabi/13.2.1/../../../../arm-none-eabi/lib/thumb/v7e-m/nofp/libc_nano.a(libc_a-makebuf.o)
                0x08003a58                __smakebuf_r
 .text._raise_r
                0x08003ad0       0x50 /opt/gcc-arm-none-eabi/bin/../lib/gcc/arm-none-eabi/13.2.1/../../../../arm-none-eabi/lib/thumb/v7e-m/nofp/libc_nano.a(libc_a-signal.o)
                0x08003ad0                _raise_r
 .text.raise    0x08003b20       0x10 /opt/gcc-arm-none-eabi/bin/../lib/gcc/arm-none-eabi/13.2.1/../../../../arm-none-eabi/lib/thumb/v7e-m/nofp/libc_nano.a(libc_a-signal.o)
                0x08003b20                raise
 .text._fstat_r
                0x08003b30       0x24 /opt/gcc-arm-none-eabi/bin/../lib/gcc/arm-none-eabi/13.2.1/../../../../arm-none-eabi/lib/thumb/v7e-m/nofp/libc_nano.a(libc_a-fstatr.o)
                0x08003b30                _fstat_r
 .text._isatty_r
                0x08003b54       0x20 /opt/gcc-arm-none-eabi/bin/../lib/gcc/arm-none-eabi/13.2.1/../../../../arm-none-eabi/lib/thumb/v7e-m/nofp/libc_nano.a(libc_a-isattyr.o)
                0x08003b54                _isatty_r
 .text._kill_r  0x08003b74       0x24 /opt/gcc-arm-none-eabi/bin/../lib/gcc/arm-none-eabi/13.2.1/../../../../arm-none-eabi/lib/thumb/v7e-m/nofp/libc_nano.a(libc_a-signalr.o)
                0x08003b74                _kill_r
 .text._getpid_r
                0x08003b98        0x4 /opt/gcc-arm-none-eabi/bin/../lib/gcc/arm-none-eabi/13.2.1/../../../../arm-none-eabi/lib/thumb/v7e-m/nofp/libc_nano.a(libc_a-signalr.o)
                0x08003b98                _getpid_r
 .text.NVIC_PriorityGroupConfig
                0x08003b9c       0x14 CMakeFiles/Drone.elf.dir/FWLIB/src/misc.c.o
                0x08003b9c                NVIC_PriorityGroupConfig
 .text.SysTick_CLKSourceConfig
                0x08003bb0       0x16 CMakeFiles/Drone.elf.dir/FWLIB/src/misc.c.o
                0x08003bb0                SysTick_CLKSourceConfig
 .text.HMC5883L_WriteReg
                0x08003bc6       0x30 CMakeFiles/Drone.elf.dir/HARDWARE/src/HMC5883L.c.o
                0x08003bc6                HMC5883L_WriteReg
 .text.HMC5883L_ReadTwoReg
                0x08003bf6       0x50 CMakeFiles/Drone.elf.dir/HARDWARE/src/HMC5883L.c.o
                0x08003bf6                HMC5883L_ReadTwoReg
 .text.HMC5883L_Init
                0x08003c46       0x22 CMakeFiles/Drone.elf.dir/HARDWARE/src/HMC5883L.c.o
                0x08003c46                HMC5883L_Init
 .text.HMC5883L_GetData
                0x08003c68       0x1e CMakeFiles/Drone.elf.dir/HARDWARE/src/HMC5883L.c.o
                0x08003c68                HMC5883L_GetData
 .text.MPU6050_WriteReg
                0x08003c86       0x30 CMakeFiles/Drone.elf.dir/HARDWARE/src/MPU.c.o
                0x08003c86                MPU6050_WriteReg
 .text.MPU6050_ReadTwoReg
                0x08003cb6       0x50 CMakeFiles/Drone.elf.dir/HARDWARE/src/MPU.c.o
                0x08003cb6                MPU6050_ReadTwoReg
 .text.MPU6050_Init
                0x08003d06       0x4a CMakeFiles/Drone.elf.dir/HARDWARE/src/MPU.c.o
                0x08003d06                MPU6050_Init
 .text.MPU6050_GetData
                0x08003d50       0x36 CMakeFiles/Drone.elf.dir/HARDWARE/src/MPU.c.o
                0x08003d50                MPU6050_GetData
 *fill*         0x08003d86        0x2 
 .text.ChangeDutyCycle
                0x08003d88       0x34 CMakeFiles/Drone.elf.dir/HARDWARE/src/Moter.c.o
                0x08003d88                ChangeDutyCycle
 .text.PWM_Init
                0x08003dbc       0xe8 CMakeFiles/Drone.elf.dir/HARDWARE/src/Moter.c.o
                0x08003dbc                PWM_Init
 .text.ChangeAccelrator
                0x08003ea4       0x48 CMakeFiles/Drone.elf.dir/HARDWARE/src/Moter.c.o
                0x08003ea4                ChangeAccelrator
 .text.MyI2C_W_SCL
                0x08003eec       0x1c CMakeFiles/Drone.elf.dir/HARDWARE/src/MyI2C.c.o
                0x08003eec                MyI2C_W_SCL
 .text.MyI2C_W_SDA
                0x08003f08       0x1c CMakeFiles/Drone.elf.dir/HARDWARE/src/MyI2C.c.o
                0x08003f08                MyI2C_W_SDA
 .text.MyI2C_R_SDA
                0x08003f24       0x18 CMakeFiles/Drone.elf.dir/HARDWARE/src/MyI2C.c.o
                0x08003f24                MyI2C_R_SDA
 .text.MyI2C_Init
                0x08003f3c       0x50 CMakeFiles/Drone.elf.dir/HARDWARE/src/MyI2C.c.o
                0x08003f3c                MyI2C_Init
 .text.MyI2C_Start
                0x08003f8c       0x1e CMakeFiles/Drone.elf.dir/HARDWARE/src/MyI2C.c.o
                0x08003f8c                MyI2C_Start
 .text.MyI2C_Stop
                0x08003faa       0x18 CMakeFiles/Drone.elf.dir/HARDWARE/src/MyI2C.c.o
                0x08003faa                MyI2C_Stop
 .text.MyI2C_SendByte
                0x08003fc2       0x26 CMakeFiles/Drone.elf.dir/HARDWARE/src/MyI2C.c.o
                0x08003fc2                MyI2C_SendByte
 .text.MyI2C_ReceiveByte
                0x08003fe8       0x3a CMakeFiles/Drone.elf.dir/HARDWARE/src/MyI2C.c.o
                0x08003fe8                MyI2C_ReceiveByte
 .text.MyI2C_SendAck
                0x08004022       0x16 CMakeFiles/Drone.elf.dir/HARDWARE/src/MyI2C.c.o
                0x08004022                MyI2C_SendAck
 .text.MyI2C_ReceiveAck
                0x08004038       0x1e CMakeFiles/Drone.elf.dir/HARDWARE/src/MyI2C.c.o
                0x08004038                MyI2C_ReceiveAck
 *fill*         0x08004056        0x2 
 .text.Receiver_Init
                0x08004058       0xbc CMakeFiles/Drone.elf.dir/HARDWARE/src/Receiver.c.o
                0x08004058                Receiver_Init
 .text.TIM1_CC_IRQHandler
                0x08004114       0x70 CMakeFiles/Drone.elf.dir/HARDWARE/src/Receiver.c.o
                0x08004114                TIM1_CC_IRQHandler
 .text.Serial_Init
                0x08004184       0xd4 CMakeFiles/Drone.elf.dir/HARDWARE/src/Serial.c.o
                0x08004184                Serial_Init
 .text.Serial_SendByte
                0x08004258       0x10 CMakeFiles/Drone.elf.dir/HARDWARE/src/Serial.c.o
                0x08004258                Serial_SendByte
 .text.Serial_SendArray
                0x08004268       0x16 CMakeFiles/Drone.elf.dir/HARDWARE/src/Serial.c.o
                0x08004268                Serial_SendArray
 .text.Serial_SendNumber
                0x0800427e       0x32 CMakeFiles/Drone.elf.dir/HARDWARE/src/Serial.c.o
                0x0800427e                Serial_SendNumber
 .text.USART1_IRQHandler
                0x080042b0       0x50 CMakeFiles/Drone.elf.dir/HARDWARE/src/Serial.c.o
                0x080042b0                USART1_IRQHandler
 .text._DoInit  0x08004300       0x68 CMakeFiles/Drone.elf.dir/SystemView/SEGGER_RTT.c.o
 .text.SEGGER_RTT_ReadNoLock
                0x08004368       0x88 CMakeFiles/Drone.elf.dir/SystemView/SEGGER_RTT.c.o
                0x08004368                SEGGER_RTT_ReadNoLock
 .text.SEGGER_RTT_AllocUpBuffer
                0x080043f0       0x74 CMakeFiles/Drone.elf.dir/SystemView/SEGGER_RTT.c.o
                0x080043f0                SEGGER_RTT_AllocUpBuffer
 .text.SEGGER_RTT_ConfigDownBuffer
                0x08004464       0x60 CMakeFiles/Drone.elf.dir/SystemView/SEGGER_RTT.c.o
                0x08004464                SEGGER_RTT_ConfigDownBuffer
 .text._EncodeStr
                0x080044c4       0x2a CMakeFiles/Drone.elf.dir/SystemView/SEGGER_SYSVIEW.c.o
 *fill*         0x080044ee        0x2 
 .text.SEGGER_SYSVIEW_Init
                0x080044f0       0x6c CMakeFiles/Drone.elf.dir/SystemView/SEGGER_SYSVIEW.c.o
                0x080044f0                SEGGER_SYSVIEW_Init
 .text.SEGGER_SYSVIEW_SetRAMBase
                0x0800455c        0xc CMakeFiles/Drone.elf.dir/SystemView/SEGGER_SYSVIEW.c.o
                0x0800455c                SEGGER_SYSVIEW_SetRAMBase
 .text.SEGGER_SYSVIEW_SendTaskList
                0x08004568       0x14 CMakeFiles/Drone.elf.dir/SystemView/SEGGER_SYSVIEW.c.o
                0x08004568                SEGGER_SYSVIEW_SendTaskList
 .text.SEGGER_SYSVIEW_ShrinkId
                0x0800457c        0xc CMakeFiles/Drone.elf.dir/SystemView/SEGGER_SYSVIEW.c.o
                0x0800457c                SEGGER_SYSVIEW_ShrinkId
 .text.SEGGER_SYSVIEW_SendModuleDescription
                0x08004588       0x18 CMakeFiles/Drone.elf.dir/SystemView/SEGGER_SYSVIEW.c.o
                0x08004588                SEGGER_SYSVIEW_SendModuleDescription
 .text.SEGGER_SYSVIEW_SendNumModules
                0x080045a0       0x40 CMakeFiles/Drone.elf.dir/SystemView/SEGGER_SYSVIEW.c.o
                0x080045a0                SEGGER_SYSVIEW_SendNumModules
 .text.SEGGER_SYSVIEW_Start
                0x080045e0       0xb8 CMakeFiles/Drone.elf.dir/SystemView/SEGGER_SYSVIEW.c.o
                0x080045e0                SEGGER_SYSVIEW_Start
 .text._HandleIncomingPacket
                0x08004698       0x90 CMakeFiles/Drone.elf.dir/SystemView/SEGGER_SYSVIEW.c.o
 .text._SendPacket
                0x08004728      0x1b4 CMakeFiles/Drone.elf.dir/SystemView/SEGGER_SYSVIEW.c.o
 .text.SEGGER_SYSVIEW_RecordVoid
                0x080048dc       0x24 CMakeFiles/Drone.elf.dir/SystemView/SEGGER_SYSVIEW.c.o
                0x080048dc                SEGGER_SYSVIEW_RecordVoid
 .text.SEGGER_SYSVIEW_RecordU32
                0x08004900       0x40 CMakeFiles/Drone.elf.dir/SystemView/SEGGER_SYSVIEW.c.o
                0x08004900                SEGGER_SYSVIEW_RecordU32
 .text.SEGGER_SYSVIEW_RecordU32x2
                0x08004940       0x58 CMakeFiles/Drone.elf.dir/SystemView/SEGGER_SYSVIEW.c.o
                0x08004940                SEGGER_SYSVIEW_RecordU32x2
 .text.SEGGER_SYSVIEW_RecordSystime
                0x08004998       0x34 CMakeFiles/Drone.elf.dir/SystemView/SEGGER_SYSVIEW.c.o
                0x08004998                SEGGER_SYSVIEW_RecordSystime
 .text.SEGGER_SYSVIEW_Stop
                0x080049cc       0x30 CMakeFiles/Drone.elf.dir/SystemView/SEGGER_SYSVIEW.c.o
                0x080049cc                SEGGER_SYSVIEW_Stop
 .text.SEGGER_SYSVIEW_GetSysDesc
                0x080049fc       0x88 CMakeFiles/Drone.elf.dir/SystemView/SEGGER_SYSVIEW.c.o
                0x080049fc                SEGGER_SYSVIEW_GetSysDesc
 .text.SEGGER_SYSVIEW_SendTaskInfo
                0x08004a84       0xd4 CMakeFiles/Drone.elf.dir/SystemView/SEGGER_SYSVIEW.c.o
                0x08004a84                SEGGER_SYSVIEW_SendTaskInfo
 .text.SEGGER_SYSVIEW_SendSysDesc
                0x08004b58       0x30 CMakeFiles/Drone.elf.dir/SystemView/SEGGER_SYSVIEW.c.o
                0x08004b58                SEGGER_SYSVIEW_SendSysDesc
 .text.SEGGER_SYSVIEW_RecordEnterISR
                0x08004b88       0x4c CMakeFiles/Drone.elf.dir/SystemView/SEGGER_SYSVIEW.c.o
                0x08004b88                SEGGER_SYSVIEW_RecordEnterISR
 .text.SEGGER_SYSVIEW_RecordExitISR
                0x08004bd4       0x24 CMakeFiles/Drone.elf.dir/SystemView/SEGGER_SYSVIEW.c.o
                0x08004bd4                SEGGER_SYSVIEW_RecordExitISR
 .text.SEGGER_SYSVIEW_RecordExitISRToScheduler
                0x08004bf8       0x24 CMakeFiles/Drone.elf.dir/SystemView/SEGGER_SYSVIEW.c.o
                0x08004bf8                SEGGER_SYSVIEW_RecordExitISRToScheduler
 .text.SEGGER_SYSVIEW_OnIdle
                0x08004c1c       0x24 CMakeFiles/Drone.elf.dir/SystemView/SEGGER_SYSVIEW.c.o
                0x08004c1c                SEGGER_SYSVIEW_OnIdle
 .text.SEGGER_SYSVIEW_OnTaskCreate
                0x08004c40       0x48 CMakeFiles/Drone.elf.dir/SystemView/SEGGER_SYSVIEW.c.o
                0x08004c40                SEGGER_SYSVIEW_OnTaskCreate
 .text.SEGGER_SYSVIEW_OnTaskStartExec
                0x08004c88       0x48 CMakeFiles/Drone.elf.dir/SystemView/SEGGER_SYSVIEW.c.o
                0x08004c88                SEGGER_SYSVIEW_OnTaskStartExec
 .text.SEGGER_SYSVIEW_OnTaskStartReady
                0x08004cd0       0x48 CMakeFiles/Drone.elf.dir/SystemView/SEGGER_SYSVIEW.c.o
                0x08004cd0                SEGGER_SYSVIEW_OnTaskStartReady
 .text.SEGGER_SYSVIEW_OnTaskStopReady
                0x08004d18       0x64 CMakeFiles/Drone.elf.dir/SystemView/SEGGER_SYSVIEW.c.o
                0x08004d18                SEGGER_SYSVIEW_OnTaskStopReady
 .text.SEGGER_SYSVIEW_NameResource
                0x08004d7c       0x54 CMakeFiles/Drone.elf.dir/SystemView/SEGGER_SYSVIEW.c.o
                0x08004d7c                SEGGER_SYSVIEW_NameResource
 .text.SEGGER_SYSVIEW_SendModule
                0x08004dd0       0x8c CMakeFiles/Drone.elf.dir/SystemView/SEGGER_SYSVIEW.c.o
                0x08004dd0                SEGGER_SYSVIEW_SendModule
 .text.SEGGER_SYSVIEW_Warn
                0x08004e5c       0x38 CMakeFiles/Drone.elf.dir/SystemView/SEGGER_SYSVIEW.c.o
                0x08004e5c                SEGGER_SYSVIEW_Warn
 .text._cbSendSystemDesc
                0x08004e94       0x20 CMakeFiles/Drone.elf.dir/SystemView/SEGGER_SYSVIEW_Config_uCOSII.c.o
 .text.SEGGER_SYSVIEW_Conf
                0x08004eb4       0x28 CMakeFiles/Drone.elf.dir/SystemView/SEGGER_SYSVIEW_Config_uCOSII.c.o
                0x08004eb4                SEGGER_SYSVIEW_Conf
 .text._cbGetTime
                0x08004edc       0x10 CMakeFiles/Drone.elf.dir/SystemView/SEGGER_SYSVIEW_uCOSII.c.o
 .text.SYSVIEW_TaskReady
                0x08004eec       0x14 CMakeFiles/Drone.elf.dir/SystemView/SEGGER_SYSVIEW_uCOSII.c.o
                0x08004eec                SYSVIEW_TaskReady
 .text.SYSVIEW_TaskSwitchedIn
                0x08004f00       0x18 CMakeFiles/Drone.elf.dir/SystemView/SEGGER_SYSVIEW_uCOSII.c.o
                0x08004f00                SYSVIEW_TaskSwitchedIn
 .text.SYSVIEW_TaskSuspend
                0x08004f18       0x18 CMakeFiles/Drone.elf.dir/SystemView/SEGGER_SYSVIEW_uCOSII.c.o
                0x08004f18                SYSVIEW_TaskSuspend
 .text.SYSVIEW_SendTaskInfo
                0x08004f30       0x1a CMakeFiles/Drone.elf.dir/SystemView/SEGGER_SYSVIEW_uCOSII.c.o
                0x08004f30                SYSVIEW_SendTaskInfo
 *fill*         0x08004f4a        0x2 
 .text.SYSVIEW_AddTask
                0x08004f4c       0x68 CMakeFiles/Drone.elf.dir/SystemView/SEGGER_SYSVIEW_uCOSII.c.o
                0x08004f4c                SYSVIEW_AddTask
 .text.SYSVIEW_UpdateTask
                0x08004fb4       0x68 CMakeFiles/Drone.elf.dir/SystemView/SEGGER_SYSVIEW_uCOSII.c.o
                0x08004fb4                SYSVIEW_UpdateTask
 .text._cbSendTaskList
                0x0800501c       0x38 CMakeFiles/Drone.elf.dir/SystemView/SEGGER_SYSVIEW_uCOSII.c.o
 .text.SYSVIEW_UpdateResource
                0x08005054       0x3c CMakeFiles/Drone.elf.dir/SystemView/SEGGER_SYSVIEW_uCOSII.c.o
                0x08005054                SYSVIEW_UpdateResource
 .text.SYSVIEW_RecordU32Register
                0x08005090       0x54 CMakeFiles/Drone.elf.dir/SystemView/SEGGER_SYSVIEW_uCOSII.c.o
                0x08005090                SYSVIEW_RecordU32Register
 .text.SYSVIEW_SendResourceList
                0x080050e4       0x30 CMakeFiles/Drone.elf.dir/SystemView/SEGGER_SYSVIEW_uCOSII.c.o
                0x080050e4                SYSVIEW_SendResourceList
 .text.Delay_us
                0x08005114       0x1e CMakeFiles/Drone.elf.dir/USER/src/delay.c.o
                0x08005114                Delay_us
 .text.SysTick_Init
                0x08005132       0x2c CMakeFiles/Drone.elf.dir/USER/src/delay.c.o
                0x08005132                SysTick_Init
 .text.First_Task
                0x0800515e       0x28 CMakeFiles/Drone.elf.dir/USER/src/main.c.o
                0x0800515e                First_Task
 *fill*         0x08005186        0x2 
 .text.Serial_Task
                0x08005188       0xa4 CMakeFiles/Drone.elf.dir/USER/src/main.c.o
                0x08005188                Serial_Task
 .text.startup.main
                0x0800522c       0x90 CMakeFiles/Drone.elf.dir/USER/src/main.c.o
                0x0800522c                main
 .text.NMI_Handler
                0x080052bc        0x2 CMakeFiles/Drone.elf.dir/USER/src/stm32f4xx_it.c.o
                0x080052bc                NMI_Handler
 .text.HardFault_Handler
                0x080052be        0x2 CMakeFiles/Drone.elf.dir/USER/src/stm32f4xx_it.c.o
                0x080052be                HardFault_Handler
 .text.MemManage_Handler
                0x080052c0        0x2 CMakeFiles/Drone.elf.dir/USER/src/stm32f4xx_it.c.o
                0x080052c0                MemManage_Handler
 .text.BusFault_Handler
                0x080052c2        0x2 CMakeFiles/Drone.elf.dir/USER/src/stm32f4xx_it.c.o
                0x080052c2                BusFault_Handler
 .text.UsageFault_Handler
                0x080052c4        0x2 CMakeFiles/Drone.elf.dir/USER/src/stm32f4xx_it.c.o
                0x080052c4                UsageFault_Handler
 .text.SVC_Handler
                0x080052c6        0x2 CMakeFiles/Drone.elf.dir/USER/src/stm32f4xx_it.c.o
                0x080052c6                SVC_Handler
 .text.DebugMon_Handler
                0x080052c8        0x2 CMakeFiles/Drone.elf.dir/USER/src/stm32f4xx_it.c.o
                0x080052c8                DebugMon_Handler
 *fill*         0x080052ca        0x2 
 .text.SystemInit
                0x080052cc       0xe0 CMakeFiles/Drone.elf.dir/USER/src/system_stm32f4xx.c.o
                0x080052cc                SystemInit
 .text.App_TaskCreateHook
                0x080053ac        0x2 CMakeFiles/Drone.elf.dir/os/src/app_hooks.c.o
                0x080053ac                App_TaskCreateHook
 .text.App_TaskDelHook
                0x080053ae        0x2 CMakeFiles/Drone.elf.dir/os/src/app_hooks.c.o
                0x080053ae                App_TaskDelHook
 .text.App_TaskIdleHook
                0x080053b0        0x2 CMakeFiles/Drone.elf.dir/os/src/app_hooks.c.o
                0x080053b0                App_TaskIdleHook
 .text.App_TaskStatHook
                0x080053b2        0x2 CMakeFiles/Drone.elf.dir/os/src/app_hooks.c.o
                0x080053b2                App_TaskStatHook
 .text.App_TaskReturnHook
                0x080053b4        0x2 CMakeFiles/Drone.elf.dir/os/src/app_hooks.c.o
                0x080053b4                App_TaskReturnHook
 .text.App_TaskSwHook
                0x080053b6        0x2 CMakeFiles/Drone.elf.dir/os/src/app_hooks.c.o
                0x080053b6                App_TaskSwHook
 .text.App_TCBInitHook
                0x080053b8        0x2 CMakeFiles/Drone.elf.dir/os/src/app_hooks.c.o
                0x080053b8                App_TCBInitHook
 .text.App_TimeTickHook
                0x080053ba        0x2 CMakeFiles/Drone.elf.dir/os/src/app_hooks.c.o
                0x080053ba                App_TimeTickHook
 .text.OS_SchedNew
                0x080053bc       0x28 CMakeFiles/Drone.elf.dir/os/src/os_core.c.o
 .text.OS_TaskIdle
                0x080053e4       0x20 CMakeFiles/Drone.elf.dir/os/src/os_core.c.o
                0x080053e4                OS_TaskIdle
 .text.OSEventNameSet
                0x08005404       0x48 CMakeFiles/Drone.elf.dir/os/src/os_core.c.o
                0x08005404                OSEventNameSet
 .text.OSIntEnter
                0x0800544c       0x24 CMakeFiles/Drone.elf.dir/os/src/os_core.c.o
                0x0800544c                OSIntEnter
 .text.OSIntExit
                0x08005470       0x8c CMakeFiles/Drone.elf.dir/os/src/os_core.c.o
                0x08005470                OSIntExit
 .text.OSSchedLock
                0x080054fc       0x38 CMakeFiles/Drone.elf.dir/os/src/os_core.c.o
                0x080054fc                OSSchedLock
 .text.OSStart  0x08005534       0x44 CMakeFiles/Drone.elf.dir/os/src/os_core.c.o
                0x08005534                OSStart
 .text.OSTimeTick
                0x08005578       0xc8 CMakeFiles/Drone.elf.dir/os/src/os_core.c.o
                0x08005578                OSTimeTick
 .text.OS_Dummy
                0x08005640        0x2 CMakeFiles/Drone.elf.dir/os/src/os_core.c.o
                0x08005640                OS_Dummy
 *fill*         0x08005642        0x2 
 .text.OS_EventTaskWait
                0x08005644       0x54 CMakeFiles/Drone.elf.dir/os/src/os_core.c.o
                0x08005644                OS_EventTaskWait
 .text.OS_EventTaskRemove
                0x08005698       0x28 CMakeFiles/Drone.elf.dir/os/src/os_core.c.o
                0x08005698                OS_EventTaskRemove
 .text.OS_EventTaskRemoveMulti
                0x080056c0       0x2e CMakeFiles/Drone.elf.dir/os/src/os_core.c.o
                0x080056c0                OS_EventTaskRemoveMulti
 *fill*         0x080056ee        0x2 
 .text.OS_EventTaskRdy
                0x080056f0       0x80 CMakeFiles/Drone.elf.dir/os/src/os_core.c.o
                0x080056f0                OS_EventTaskRdy
 .text.OS_EventWaitListInit
                0x08005770        0xe CMakeFiles/Drone.elf.dir/os/src/os_core.c.o
                0x08005770                OS_EventWaitListInit
 .text.OS_MemClr
                0x0800577e        0x8 CMakeFiles/Drone.elf.dir/os/src/os_core.c.o
                0x0800577e                OS_MemClr
 *fill*         0x08005786        0x2 
 .text.OSInit   0x08005788      0x1bc CMakeFiles/Drone.elf.dir/os/src/os_core.c.o
                0x08005788                OSInit
 .text.OS_Sched
                0x08005944       0x68 CMakeFiles/Drone.elf.dir/os/src/os_core.c.o
                0x08005944                OS_Sched
 .text.OSSchedUnlock
                0x080059ac       0x48 CMakeFiles/Drone.elf.dir/os/src/os_core.c.o
                0x080059ac                OSSchedUnlock
 .text.OS_TaskStatStkChk
                0x080059f4       0x38 CMakeFiles/Drone.elf.dir/os/src/os_core.c.o
                0x080059f4                OS_TaskStatStkChk
 .text.OS_TaskStat
                0x08005a2c       0xb4 CMakeFiles/Drone.elf.dir/os/src/os_core.c.o
                0x08005a2c                OS_TaskStat
 .text.OS_TCBInit
                0x08005ae0      0x108 CMakeFiles/Drone.elf.dir/os/src/os_core.c.o
                0x08005ae0                OS_TCBInit
 .text.OSInitHookBegin
                0x08005be8       0x3c CMakeFiles/Drone.elf.dir/os/src/os_cpu_c.c.o
                0x08005be8                OSInitHookBegin
 .text.OSInitHookEnd
                0x08005c24        0x2 CMakeFiles/Drone.elf.dir/os/src/os_cpu_c.c.o
                0x08005c24                OSInitHookEnd
 .text.OSTaskCreateHook
                0x08005c26        0x4 CMakeFiles/Drone.elf.dir/os/src/os_cpu_c.c.o
                0x08005c26                OSTaskCreateHook
 .text.OSTaskDelHook
                0x08005c2a        0x4 CMakeFiles/Drone.elf.dir/os/src/os_cpu_c.c.o
                0x08005c2a                OSTaskDelHook
 .text.OSTaskIdleHook
                0x08005c2e        0x4 CMakeFiles/Drone.elf.dir/os/src/os_cpu_c.c.o
                0x08005c2e                OSTaskIdleHook
 .text.OSTaskReturnHook
                0x08005c32        0x4 CMakeFiles/Drone.elf.dir/os/src/os_cpu_c.c.o
                0x08005c32                OSTaskReturnHook
 .text.OSTaskStatHook
                0x08005c36        0x4 CMakeFiles/Drone.elf.dir/os/src/os_cpu_c.c.o
                0x08005c36                OSTaskStatHook
 *fill*         0x08005c3a        0x2 
 .text.OSTaskStkInit
                0x08005c3c       0x70 CMakeFiles/Drone.elf.dir/os/src/os_cpu_c.c.o
                0x08005c3c                OSTaskStkInit
 .text.OSTaskSwHook
                0x08005cac       0x18 CMakeFiles/Drone.elf.dir/os/src/os_cpu_c.c.o
                0x08005cac                OSTaskSwHook
 .text.OSTCBInitHook
                0x08005cc4        0x4 CMakeFiles/Drone.elf.dir/os/src/os_cpu_c.c.o
                0x08005cc4                OSTCBInitHook
 .text.OSTimeTickHook
                0x08005cc8       0x28 CMakeFiles/Drone.elf.dir/os/src/os_cpu_c.c.o
                0x08005cc8                OSTimeTickHook
 .text.SysTick_Handler
                0x08005cf0       0x20 CMakeFiles/Drone.elf.dir/os/src/os_cpu_c.c.o
                0x08005cf0                SysTick_Handler
 .text.OSDebugInit
                0x08005d10        0x2 CMakeFiles/Drone.elf.dir/os/src/os_dbg_r.c.o
                0x08005d10                OSDebugInit
 *fill*         0x08005d12        0x2 
 .text.OS_FlagInit
                0x08005d14       0x48 CMakeFiles/Drone.elf.dir/os/src/os_flag.c.o
                0x08005d14                OS_FlagInit
 .text.OS_FlagUnlink
                0x08005d5c       0x1a CMakeFiles/Drone.elf.dir/os/src/os_flag.c.o
                0x08005d5c                OS_FlagUnlink
 *fill*         0x08005d76        0x2 
 .text.OS_MemInit
                0x08005d78       0x48 CMakeFiles/Drone.elf.dir/os/src/os_mem.c.o
                0x08005d78                OS_MemInit
 .text.OS_QInit
                0x08005dc0       0x30 CMakeFiles/Drone.elf.dir/os/src/os_q.c.o
                0x08005dc0                OS_QInit
 .text.OSSemCreate
                0x08005df0       0x54 CMakeFiles/Drone.elf.dir/os/src/os_sem.c.o
                0x08005df0                OSSemCreate
 .text.OSSemPend
                0x08005e44       0xb8 CMakeFiles/Drone.elf.dir/os/src/os_sem.c.o
                0x08005e44                OSSemPend
 .text.OSSemPost
                0x08005efc       0x56 CMakeFiles/Drone.elf.dir/os/src/os_sem.c.o
                0x08005efc                OSSemPost
 *fill*         0x08005f52        0x2 
 .text.OSTaskDel
                0x08005f54      0x164 CMakeFiles/Drone.elf.dir/os/src/os_task.c.o
                0x08005f54                OSTaskDel
 .text.OSTaskNameSet
                0x080060b8       0x80 CMakeFiles/Drone.elf.dir/os/src/os_task.c.o
                0x080060b8                OSTaskNameSet
 .text.OSTaskStkChk
                0x08006138       0x7c CMakeFiles/Drone.elf.dir/os/src/os_task.c.o
                0x08006138                OSTaskStkChk
 .text.OSTaskSuspend
                0x080061b4       0xac CMakeFiles/Drone.elf.dir/os/src/os_task.c.o
                0x080061b4                OSTaskSuspend
 .text.OS_TaskReturn
                0x08006260       0x18 CMakeFiles/Drone.elf.dir/os/src/os_task.c.o
                0x08006260                OS_TaskReturn
 .text.OS_TaskStkClr
                0x08006278       0x12 CMakeFiles/Drone.elf.dir/os/src/os_task.c.o
                0x08006278                OS_TaskStkClr
 *fill*         0x0800628a        0x2 
 .text.OSTaskCreateExt
                0x0800628c       0xd0 CMakeFiles/Drone.elf.dir/os/src/os_task.c.o
                0x0800628c                OSTaskCreateExt
 .text.OSTimeDly
                0x0800635c       0x7c CMakeFiles/Drone.elf.dir/os/src/os_time.c.o
                0x0800635c                OSTimeDly
 .text.OSTimeDlyHMSM
                0x080063d8       0x70 CMakeFiles/Drone.elf.dir/os/src/os_time.c.o
                0x080063d8                OSTimeDlyHMSM
 .text.OSTimeGet
                0x08006448       0x18 CMakeFiles/Drone.elf.dir/os/src/os_time.c.o
                0x08006448                OSTimeGet
 .text.OSTmr_Link
                0x08006460       0x5c CMakeFiles/Drone.elf.dir/os/src/os_tmr.c.o
 .text.OSTmr_Unlink
                0x080064bc       0x4c CMakeFiles/Drone.elf.dir/os/src/os_tmr.c.o
 .text.OSTmr_Task
                0x08006508       0x78 CMakeFiles/Drone.elf.dir/os/src/os_tmr.c.o
 .text.OSTmrSignal
                0x08006580        0xc CMakeFiles/Drone.elf.dir/os/src/os_tmr.c.o
                0x08006580                OSTmrSignal
 .text.OSTmr_Init
                0x0800658c       0xf8 CMakeFiles/Drone.elf.dir/os/src/os_tmr.c.o
                0x0800658c                OSTmr_Init
 .text.Reset_Handler
                0x08006684       0x50 CMakeFiles/Drone.elf.dir/CORE/startup_stm32f401xe.s.o
                0x08006684                Reset_Handler
 .text.Default_Handler
                0x080066d4        0x2 CMakeFiles/Drone.elf.dir/CORE/startup_stm32f401xe.s.o
                0x080066d4                RTC_Alarm_IRQHandler
                0x080066d4                EXTI2_IRQHandler
                0x080066d4                SPI4_IRQHandler
                0x080066d4                DMA2_Stream5_IRQHandler
                0x080066d4                DMA1_Stream5_IRQHandler
                0x080066d4                PVD_IRQHandler
                0x080066d4                SDIO_IRQHandler
                0x080066d4                TAMP_STAMP_IRQHandler
                0x080066d4                EXTI3_IRQHandler
                0x080066d4                TIM1_UP_TIM10_IRQHandler
                0x080066d4                I2C3_ER_IRQHandler
                0x080066d4                EXTI0_IRQHandler
                0x080066d4                I2C2_EV_IRQHandler
                0x080066d4                DMA1_Stream2_IRQHandler
                0x080066d4                FPU_IRQHandler
                0x080066d4                DMA2_Stream2_IRQHandler
                0x080066d4                SPI1_IRQHandler
                0x080066d4                TIM1_BRK_TIM9_IRQHandler
                0x080066d4                DMA2_Stream3_IRQHandler
                0x080066d4                USART6_IRQHandler
                0x080066d4                DMA2_Stream0_IRQHandler
                0x080066d4                TIM4_IRQHandler
                0x080066d4                I2C1_EV_IRQHandler
                0x080066d4                DMA1_Stream6_IRQHandler
                0x080066d4                DMA1_Stream1_IRQHandler
                0x080066d4                TIM3_IRQHandler
                0x080066d4                RCC_IRQHandler
                0x080066d4                Default_Handler
                0x080066d4                EXTI15_10_IRQHandler
                0x080066d4                ADC_IRQHandler
                0x080066d4                DMA1_Stream7_IRQHandler
                0x080066d4                TIM5_IRQHandler
                0x080066d4                DMA2_Stream7_IRQHandler
                0x080066d4                I2C3_EV_IRQHandler
                0x080066d4                EXTI9_5_IRQHandler
                0x080066d4                RTC_WKUP_IRQHandler
                0x080066d4                SPI2_IRQHandler
                0x080066d4                DMA1_Stream0_IRQHandler
                0x080066d4                EXTI4_IRQHandler
                0x080066d4                WWDG_IRQHandler
                0x080066d4                TIM2_IRQHandler
                0x080066d4                OTG_FS_WKUP_IRQHandler
                0x080066d4                TIM1_TRG_COM_TIM11_IRQHandler
                0x080066d4                EXTI1_IRQHandler
                0x080066d4                USART2_IRQHandler
                0x080066d4                I2C2_ER_IRQHandler
                0x080066d4                DMA2_Stream1_IRQHandler
                0x080066d4                FLASH_IRQHandler
                0x080066d4                DMA2_Stream4_IRQHandler
                0x080066d4                OTG_FS_IRQHandler
                0x080066d4                SPI3_IRQHandler
                0x080066d4                DMA1_Stream4_IRQHandler
                0x080066d4                I2C1_ER_IRQHandler
                0x080066d4                DMA2_Stream6_IRQHandler
                0x080066d4                DMA1_Stream3_IRQHandler
 *fill*         0x080066d6        0x2 
 .text._exit    0x080066d8       0x14 /opt/gcc-arm-none-eabi/bin/../lib/gcc/arm-none-eabi/13.2.1/../../../../arm-none-eabi/lib/thumb/v7e-m/nofp/librdimon_nano.a(arm_librdimon_a-_exit.o)
                0x080066d8                _exit
 .text._kill_shared
                0x080066ec       0x26 /opt/gcc-arm-none-eabi/bin/../lib/gcc/arm-none-eabi/13.2.1/../../../../arm-none-eabi/lib/thumb/v7e-m/nofp/librdimon_nano.a(arm_librdimon_a-_kill.o)
                0x080066ec                _kill_shared
 *fill*         0x08006712        0x2 
 .text._kill    0x08006714       0x18 /opt/gcc-arm-none-eabi/bin/../lib/gcc/arm-none-eabi/13.2.1/../../../../arm-none-eabi/lib/thumb/v7e-m/nofp/librdimon_nano.a(arm_librdimon_a-_kill.o)
                0x08006714                _kill
 .text.findslot
                0x0800672c       0x34 /opt/gcc-arm-none-eabi/bin/../lib/gcc/arm-none-eabi/13.2.1/../../../../arm-none-eabi/lib/thumb/v7e-m/nofp/librdimon_nano.a(arm_librdimon_a-syscalls.o)
 .text.error    0x08006760       0x1c /opt/gcc-arm-none-eabi/bin/../lib/gcc/arm-none-eabi/13.2.1/../../../../arm-none-eabi/lib/thumb/v7e-m/nofp/librdimon_nano.a(arm_librdimon_a-syscalls.o)
 .text.checkerror
                0x0800677c        0xa /opt/gcc-arm-none-eabi/bin/../lib/gcc/arm-none-eabi/13.2.1/../../../../arm-none-eabi/lib/thumb/v7e-m/nofp/librdimon_nano.a(arm_librdimon_a-syscalls.o)
 .text._swiread
                0x08006786       0x20 /opt/gcc-arm-none-eabi/bin/../lib/gcc/arm-none-eabi/13.2.1/../../../../arm-none-eabi/lib/thumb/v7e-m/nofp/librdimon_nano.a(arm_librdimon_a-syscalls.o)
                0x08006786                _swiread
 .text._read    0x080067a6       0x34 /opt/gcc-arm-none-eabi/bin/../lib/gcc/arm-none-eabi/13.2.1/../../../../arm-none-eabi/lib/thumb/v7e-m/nofp/librdimon_nano.a(arm_librdimon_a-syscalls.o)
                0x080067a6                _read
 .text._swilseek
                0x080067da       0x78 /opt/gcc-arm-none-eabi/bin/../lib/gcc/arm-none-eabi/13.2.1/../../../../arm-none-eabi/lib/thumb/v7e-m/nofp/librdimon_nano.a(arm_librdimon_a-syscalls.o)
                0x080067da                _swilseek
 .text._lseek   0x08006852        0x4 /opt/gcc-arm-none-eabi/bin/../lib/gcc/arm-none-eabi/13.2.1/../../../../arm-none-eabi/lib/thumb/v7e-m/nofp/librdimon_nano.a(arm_librdimon_a-syscalls.o)
                0x08006852                _lseek
 .text._swiwrite
                0x08006856       0x20 /opt/gcc-arm-none-eabi/bin/../lib/gcc/arm-none-eabi/13.2.1/../../../../arm-none-eabi/lib/thumb/v7e-m/nofp/librdimon_nano.a(arm_librdimon_a-syscalls.o)
                0x08006856                _swiwrite
 .text._write   0x08006876       0x40 /opt/gcc-arm-none-eabi/bin/../lib/gcc/arm-none-eabi/13.2.1/../../../../arm-none-eabi/lib/thumb/v7e-m/nofp/librdimon_nano.a(arm_librdimon_a-syscalls.o)
                0x08006876                _write
 .text._swiclose
                0x080068b6       0x1a /opt/gcc-arm-none-eabi/bin/../lib/gcc/arm-none-eabi/13.2.1/../../../../arm-none-eabi/lib/thumb/v7e-m/nofp/librdimon_nano.a(arm_librdimon_a-syscalls.o)
                0x080068b6                _swiclose
 .text._close   0x080068d0       0x4c /opt/gcc-arm-none-eabi/bin/../lib/gcc/arm-none-eabi/13.2.1/../../../../arm-none-eabi/lib/thumb/v7e-m/nofp/librdimon_nano.a(arm_librdimon_a-syscalls.o)
                0x080068d0                _close
 .text._getpid  0x0800691c        0x4 /opt/gcc-arm-none-eabi/bin/../lib/gcc/arm-none-eabi/13.2.1/../../../../arm-none-eabi/lib/thumb/v7e-m/nofp/librdimon_nano.a(arm_librdimon_a-syscalls.o)
                0x0800691c                _getpid
 .text._sbrk    0x08006920       0x48 /opt/gcc-arm-none-eabi/bin/../lib/gcc/arm-none-eabi/13.2.1/../../../../arm-none-eabi/lib/thumb/v7e-m/nofp/librdimon_nano.a(arm_librdimon_a-syscalls.o)
                0x08006920                _sbrk
 .text._swistat
                0x08006968       0x42 /opt/gcc-arm-none-eabi/bin/../lib/gcc/arm-none-eabi/13.2.1/../../../../arm-none-eabi/lib/thumb/v7e-m/nofp/librdimon_nano.a(arm_librdimon_a-syscalls.o)
                0x08006968                _swistat
 .text._fstat   0x080069aa       0x1c /opt/gcc-arm-none-eabi/bin/../lib/gcc/arm-none-eabi/13.2.1/../../../../arm-none-eabi/lib/thumb/v7e-m/nofp/librdimon_nano.a(arm_librdimon_a-syscalls.o)
                0x080069aa                _fstat
 .text._stat    0x080069c6       0x3a /opt/gcc-arm-none-eabi/bin/../lib/gcc/arm-none-eabi/13.2.1/../../../../arm-none-eabi/lib/thumb/v7e-m/nofp/librdimon_nano.a(arm_librdimon_a-syscalls.o)
                0x080069c6                _stat
 .text._swiopen
                0x08006a00       0xb4 /opt/gcc-arm-none-eabi/bin/../lib/gcc/arm-none-eabi/13.2.1/../../../../arm-none-eabi/lib/thumb/v7e-m/nofp/librdimon_nano.a(arm_librdimon_a-syscalls.o)
                0x08006a00                _swiopen
 .text._get_semihosting_exts
                0x08006ab4       0xb4 /opt/gcc-arm-none-eabi/bin/../lib/gcc/arm-none-eabi/13.2.1/../../../../arm-none-eabi/lib/thumb/v7e-m/nofp/librdimon_nano.a(arm_librdimon_a-syscalls.o)
                0x08006ab4                _get_semihosting_exts
 .text.initialise_semihosting_exts
                0x08006b68       0x34 /opt/gcc-arm-none-eabi/bin/../lib/gcc/arm-none-eabi/13.2.1/../../../../arm-none-eabi/lib/thumb/v7e-m/nofp/librdimon_nano.a(arm_librdimon_a-syscalls.o)
 .text._has_ext_exit_extended
                0x08006b9c       0x18 /opt/gcc-arm-none-eabi/bin/../lib/gcc/arm-none-eabi/13.2.1/../../../../arm-none-eabi/lib/thumb/v7e-m/nofp/librdimon_nano.a(arm_librdimon_a-syscalls.o)
                0x08006b9c                _has_ext_exit_extended
 .text._isatty  0x08006bb4       0x3a /opt/gcc-arm-none-eabi/bin/../lib/gcc/arm-none-eabi/13.2.1/../../../../arm-none-eabi/lib/thumb/v7e-m/nofp/librdimon_nano.a(arm_librdimon_a-syscalls.o)
                0x08006bb4                _isatty
 *fill*         0x08006bee        0x2 
 .text.__errno  0x08006bf0        0xc /opt/gcc-arm-none-eabi/bin/../lib/gcc/arm-none-eabi/13.2.1/../../../../arm-none-eabi/lib/thumb/v7e-m/nofp/libc_nano.a(libc_a-errno.o)
                0x08006bf0                __errno
 *(.glue_7)
 .glue_7        0x08006bfc        0x0 linker stubs
 *(.glue_7t)
 .glue_7t       0x08006bfc        0x0 linker stubs
 *(.eh_frame)
 .eh_frame      0x08006bfc        0x0 /opt/gcc-arm-none-eabi/bin/../lib/gcc/arm-none-eabi/13.2.1/thumb/v7e-m/nofp/crtbegin.o
 *(.init)
 .init          0x08006bfc        0x4 /opt/gcc-arm-none-eabi/bin/../lib/gcc/arm-none-eabi/13.2.1/thumb/v7e-m/nofp/crti.o
                0x08006bfc                _init
 .init          0x08006c00        0x8 /opt/gcc-arm-none-eabi/bin/../lib/gcc/arm-none-eabi/13.2.1/thumb/v7e-m/nofp/crtn.o
 *(.fini)
 .fini          0x08006c08        0x4 /opt/gcc-arm-none-eabi/bin/../lib/gcc/arm-none-eabi/13.2.1/thumb/v7e-m/nofp/crti.o
                0x08006c08                _fini
 .fini          0x08006c0c        0x8 /opt/gcc-arm-none-eabi/bin/../lib/gcc/arm-none-eabi/13.2.1/thumb/v7e-m/nofp/crtn.o
                0x08006c14                        . = ALIGN (0x4)
                0x08006c14                        _etext = .

.vfp11_veneer   0x08006c14        0x0
 .vfp11_veneer  0x08006c14        0x0 linker stubs

.v4_bx          0x08006c14        0x0
 .v4_bx         0x08006c14        0x0 linker stubs

.iplt           0x08006c14        0x0
 .iplt          0x08006c14        0x0 /opt/gcc-arm-none-eabi/bin/../lib/gcc/arm-none-eabi/13.2.1/thumb/v7e-m/nofp/crtbegin.o

.rodata         0x08006c18      0x5fc
                0x08006c18                        . = ALIGN (0x4)
 *(.rodata)
 *(.rodata*)
 .rodata._printf_float.str1.1
                0x08006c18      0x2dc /opt/gcc-arm-none-eabi/bin/../lib/gcc/arm-none-eabi/13.2.1/../../../../arm-none-eabi/lib/thumb/v7e-m/nofp/libc_nano.a(libc_a-nano-vfprintf_float.o)
                                 0x12 (size before relaxing)
 .rodata._printf_i.str1.1
                0x08006ef4       0x22 /opt/gcc-arm-none-eabi/bin/../lib/gcc/arm-none-eabi/13.2.1/../../../../arm-none-eabi/lib/thumb/v7e-m/nofp/libc_nano.a(libc_a-nano-vfprintf_i.o)
 .rodata._dtoa_r.str1.1
                0x08006ef4       0x90 /opt/gcc-arm-none-eabi/bin/../lib/gcc/arm-none-eabi/13.2.1/../../../../arm-none-eabi/lib/thumb/v7e-m/nofp/libc_nano.a(libc_a-dtoa.o)
 .rodata.__assert_func.str1.1
                0x08006ef4       0x3d /opt/gcc-arm-none-eabi/bin/../lib/gcc/arm-none-eabi/13.2.1/../../../../arm-none-eabi/lib/thumb/v7e-m/nofp/libc_nano.a(libc_a-assert.o)
 .rodata._Balloc.str1.1
                0x08006ef4       0x71 /opt/gcc-arm-none-eabi/bin/../lib/gcc/arm-none-eabi/13.2.1/../../../../arm-none-eabi/lib/thumb/v7e-m/nofp/libc_nano.a(libc_a-mprec.o)
 .rodata.__multadd.str1.1
                0x08006ef4       0x11 /opt/gcc-arm-none-eabi/bin/../lib/gcc/arm-none-eabi/13.2.1/../../../../arm-none-eabi/lib/thumb/v7e-m/nofp/libc_nano.a(libc_a-mprec.o)
 .rodata.p05.0  0x08006ef4        0xc /opt/gcc-arm-none-eabi/bin/../lib/gcc/arm-none-eabi/13.2.1/../../../../arm-none-eabi/lib/thumb/v7e-m/nofp/libc_nano.a(libc_a-mprec.o)
 .rodata.__mprec_bigtens
                0x08006f00       0x28 /opt/gcc-arm-none-eabi/bin/../lib/gcc/arm-none-eabi/13.2.1/../../../../arm-none-eabi/lib/thumb/v7e-m/nofp/libc_nano.a(libc_a-mprec.o)
                0x08006f00                __mprec_bigtens
 .rodata.__mprec_tens
                0x08006f28       0xc8 /opt/gcc-arm-none-eabi/bin/../lib/gcc/arm-none-eabi/13.2.1/../../../../arm-none-eabi/lib/thumb/v7e-m/nofp/libc_nano.a(libc_a-mprec.o)
                0x08006f28                __mprec_tens
 .rodata._setlocale_r.str1.1
                0x08006ff0        0x9 /opt/gcc-arm-none-eabi/bin/../lib/gcc/arm-none-eabi/13.2.1/../../../../arm-none-eabi/lib/thumb/v7e-m/nofp/libc_nano.a(libc_a-locale.o)
 .rodata.str1.1
                0x08006ff0        0x2 /opt/gcc-arm-none-eabi/bin/../lib/gcc/arm-none-eabi/13.2.1/../../../../arm-none-eabi/lib/thumb/v7e-m/nofp/libc_nano.a(libc_a-locale.o)
 .rodata._vfprintf_r.str1.1
                0x08006ff0       0x11 /opt/gcc-arm-none-eabi/bin/../lib/gcc/arm-none-eabi/13.2.1/../../../../arm-none-eabi/lib/thumb/v7e-m/nofp/libc_nano.a(libc_a-nano-vfprintf.o)
 .rodata._ctype_
                0x08006ff0      0x101 /opt/gcc-arm-none-eabi/bin/../lib/gcc/arm-none-eabi/13.2.1/../../../../arm-none-eabi/lib/thumb/v7e-m/nofp/libc_nano.a(libc_a-ctype_.o)
                0x08006ff0                _ctype_
 .rodata._DoInit.str1.1
                0x080070f1        0x9 CMakeFiles/Drone.elf.dir/SystemView/SEGGER_RTT.c.o
 .rodata._aInitStr.0
                0x080070f1       0x11 CMakeFiles/Drone.elf.dir/SystemView/SEGGER_RTT.c.o
 .rodata.SEGGER_SYSVIEW_Init.str1.1
                0x08007102        0x8 CMakeFiles/Drone.elf.dir/SystemView/SEGGER_SYSVIEW.c.o
 .rodata._abSync
                0x08007102        0xa CMakeFiles/Drone.elf.dir/SystemView/SEGGER_SYSVIEW.c.o
 .rodata._cbSendSystemDesc.str1.1
                0x0800710c       0x3d CMakeFiles/Drone.elf.dir/SystemView/SEGGER_SYSVIEW_Config_uCOSII.c.o
 .rodata.SYSVIEW_AddTask.str1.1
                0x0800710c       0x50 CMakeFiles/Drone.elf.dir/SystemView/SEGGER_SYSVIEW_uCOSII.c.o
 .rodata.SYSVIEW_RecordU32Register.str1.1
                0x0800710c       0x53 CMakeFiles/Drone.elf.dir/SystemView/SEGGER_SYSVIEW_uCOSII.c.o
 .rodata.SYSVIEW_X_OS_TraceAPI
                0x0800710c        0x8 CMakeFiles/Drone.elf.dir/SystemView/SEGGER_SYSVIEW_uCOSII.c.o
                0x0800710c                SYSVIEW_X_OS_TraceAPI
 .rodata.Serial_Task.str1.1
                0x08007114        0xa CMakeFiles/Drone.elf.dir/USER/src/main.c.o
 .rodata.main.str1.1
                0x08007114        0xb CMakeFiles/Drone.elf.dir/USER/src/main.c.o
 .rodata.OSInit.str1.1
                0x08007114       0x1e CMakeFiles/Drone.elf.dir/os/src/os_core.c.o
 .rodata.OSUnMapTbl
                0x08007114      0x100 CMakeFiles/Drone.elf.dir/os/src/os_core.c.o
                0x08007114                OSUnMapTbl
 .rodata.OSFlagCreate.str1.1
                0x08007214        0x2 CMakeFiles/Drone.elf.dir/os/src/os_flag.c.o
 .rodata.OS_MemInit.str1.1
                0x08007214        0x2 CMakeFiles/Drone.elf.dir/os/src/os_mem.c.o
 .rodata.OSSemCreate.str1.1
                0x08007214        0x2 CMakeFiles/Drone.elf.dir/os/src/os_sem.c.o
 .rodata.OSTaskDel.str1.1
                0x08007214        0x2 CMakeFiles/Drone.elf.dir/os/src/os_task.c.o
 .rodata.OSTmr_Free.str1.1
                0x08007214        0x2 CMakeFiles/Drone.elf.dir/os/src/os_tmr.c.o
 .rodata.OSTmr_Init.str1.1
                0x08007214       0x31 CMakeFiles/Drone.elf.dir/os/src/os_tmr.c.o
 .rodata._get_semihosting_exts.str1.1
                0x08007214       0x16 /opt/gcc-arm-none-eabi/bin/../lib/gcc/arm-none-eabi/13.2.1/../../../../arm-none-eabi/lib/thumb/v7e-m/nofp/librdimon_nano.a(arm_librdimon_a-syscalls.o)
                0x08007248                        . = ALIGN (0x4)

.ARM.extab
 *(.ARM.extab* .gnu.linkonce.armextab.*)

.ARM            0x08007214        0x8
                0x08007214                        __exidx_start = .
 *(.ARM.exidx*)
 .ARM.exidx     0x08007214        0x8 /opt/gcc-arm-none-eabi/bin/../lib/gcc/arm-none-eabi/13.2.1/../../../../arm-none-eabi/lib/thumb/v7e-m/nofp/libc_nano.a(libc_a-memchr.o)
 .ARM.exidx     0x0800721c        0x0 /opt/gcc-arm-none-eabi/bin/../lib/gcc/arm-none-eabi/13.2.1/../../../../arm-none-eabi/lib/thumb/v7e-m/nofp/libc_nano.a(libc_a-strlen.o)
                                  0x8 (size before relaxing)
                0x0800721c                        __exidx_end = .

.rel.dyn        0x0800721c        0x0
 .rel.iplt      0x0800721c        0x0 /opt/gcc-arm-none-eabi/bin/../lib/gcc/arm-none-eabi/13.2.1/thumb/v7e-m/nofp/crtbegin.o

.preinit_array  0x0800721c        0x0
                0x0800721c                        PROVIDE (__preinit_array_start = .)
 *(.preinit_array*)
                0x0800721c                        PROVIDE (__preinit_array_end = .)

.init_array     0x0800721c        0x4
                0x0800721c                        PROVIDE (__init_array_start = .)
 *(SORT_BY_NAME(.init_array.*))
 *(.init_array*)
 .init_array    0x0800721c        0x4 /opt/gcc-arm-none-eabi/bin/../lib/gcc/arm-none-eabi/13.2.1/thumb/v7e-m/nofp/crtbegin.o
                0x08007220                        PROVIDE (__init_array_end = .)

.fini_array     0x08007220        0x4
                [!provide]                        PROVIDE (__fini_array_start = .)
 *(SORT_BY_NAME(.fini_array.*))
 *(.fini_array*)
 .fini_array    0x08007220        0x4 /opt/gcc-arm-none-eabi/bin/../lib/gcc/arm-none-eabi/13.2.1/thumb/v7e-m/nofp/crtbegin.o
                [!provide]                        PROVIDE (__fini_array_end = .)
                0x08007224                        _sidata = LOADADDR (.data)

.data           0x20000000      0x1d8 load address 0x08007224
                0x20000000                        . = ALIGN (0x4)
                0x20000000                        _sdata = .
 *(.data)
 *(.data*)
 .data.__sglue  0x20000000        0xc /opt/gcc-arm-none-eabi/bin/../lib/gcc/arm-none-eabi/13.2.1/../../../../arm-none-eabi/lib/thumb/v7e-m/nofp/libc_nano.a(libc_a-findfp.o)
                0x20000000                __sglue
 .data._impure_ptr
                0x2000000c        0x4 /opt/gcc-arm-none-eabi/bin/../lib/gcc/arm-none-eabi/13.2.1/../../../../arm-none-eabi/lib/thumb/v7e-m/nofp/libc_nano.a(libc_a-impure.o)
                0x2000000c                _impure_ptr
 .data._impure_data
                0x20000010       0x4c /opt/gcc-arm-none-eabi/bin/../lib/gcc/arm-none-eabi/13.2.1/../../../../arm-none-eabi/lib/thumb/v7e-m/nofp/libc_nano.a(libc_a-impure.o)
                0x20000010                _impure_data
 .data.__global_locale
                0x2000005c      0x16c /opt/gcc-arm-none-eabi/bin/../lib/gcc/arm-none-eabi/13.2.1/../../../../arm-none-eabi/lib/thumb/v7e-m/nofp/libc_nano.a(libc_a-locale.o)
                0x2000005c                __global_locale
 .data.SystemCoreClock
                0x200001c8        0x4 CMakeFiles/Drone.elf.dir/USER/src/system_stm32f4xx.c.o
                0x200001c8                SystemCoreClock
 .data.__heap_limit
                0x200001cc        0x4 /opt/gcc-arm-none-eabi/bin/../lib/gcc/arm-none-eabi/13.2.1/../../../../arm-none-eabi/lib/thumb/v7e-m/nofp/librdimon_nano.a(arm_librdimon_a-syscalls.o)
                0x200001cc                __heap_limit
 .data.supports_ext_stdout_stderr
                0x200001d0        0x4 /opt/gcc-arm-none-eabi/bin/../lib/gcc/arm-none-eabi/13.2.1/../../../../arm-none-eabi/lib/thumb/v7e-m/nofp/librdimon_nano.a(arm_librdimon_a-syscalls.o)
 .data.supports_ext_exit_extended
                0x200001d4        0x4 /opt/gcc-arm-none-eabi/bin/../lib/gcc/arm-none-eabi/13.2.1/../../../../arm-none-eabi/lib/thumb/v7e-m/nofp/librdimon_nano.a(arm_librdimon_a-syscalls.o)
                0x200001d8                        . = ALIGN (0x4)
                0x200001d8                        _edata = .

.tm_clone_table
                0x200001d8        0x0 load address 0x080073fc
 .tm_clone_table
                0x200001d8        0x0 /opt/gcc-arm-none-eabi/bin/../lib/gcc/arm-none-eabi/13.2.1/thumb/v7e-m/nofp/crtbegin.o
 .tm_clone_table
                0x200001d8        0x0 /opt/gcc-arm-none-eabi/bin/../lib/gcc/arm-none-eabi/13.2.1/thumb/v7e-m/nofp/crtend.o

.igot.plt       0x200001d8        0x0 load address 0x080073fc
 .igot.plt      0x200001d8        0x0 /opt/gcc-arm-none-eabi/bin/../lib/gcc/arm-none-eabi/13.2.1/thumb/v7e-m/nofp/crtbegin.o
                0x200001d8                        . = ALIGN (0x4)

.bss            0x200001d8     0x5ac0 load address 0x080073fc
                0x200001d8                        _sbss = .
                0x200001d8                        __bss_start__ = _sbss
 *(.bss)
 *(.bss*)
 .bss.completed.1
                0x200001d8        0x1 /opt/gcc-arm-none-eabi/bin/../lib/gcc/arm-none-eabi/13.2.1/thumb/v7e-m/nofp/crtbegin.o
 *fill*         0x200001d9        0x3 
 .bss.object.0  0x200001dc       0x18 /opt/gcc-arm-none-eabi/bin/../lib/gcc/arm-none-eabi/13.2.1/thumb/v7e-m/nofp/crtbegin.o
 .bss.__sf      0x200001f4      0x138 /opt/gcc-arm-none-eabi/bin/../lib/gcc/arm-none-eabi/13.2.1/../../../../arm-none-eabi/lib/thumb/v7e-m/nofp/libc_nano.a(libc_a-findfp.o)
                0x200001f4                __sf
 .bss.__stdio_exit_handler
                0x2000032c        0x4 /opt/gcc-arm-none-eabi/bin/../lib/gcc/arm-none-eabi/13.2.1/../../../../arm-none-eabi/lib/thumb/v7e-m/nofp/libc_nano.a(libc_a-findfp.o)
                0x2000032c                __stdio_exit_handler
 .bss.__lock___malloc_recursive_mutex
                0x20000330        0x1 /opt/gcc-arm-none-eabi/bin/../lib/gcc/arm-none-eabi/13.2.1/../../../../arm-none-eabi/lib/thumb/v7e-m/nofp/libc_nano.a(libc_a-lock.o)
                0x20000330                __lock___malloc_recursive_mutex
 .bss.__lock___sfp_recursive_mutex
                0x20000331        0x1 /opt/gcc-arm-none-eabi/bin/../lib/gcc/arm-none-eabi/13.2.1/../../../../arm-none-eabi/lib/thumb/v7e-m/nofp/libc_nano.a(libc_a-lock.o)
                0x20000331                __lock___sfp_recursive_mutex
 *fill*         0x20000332        0x2 
 .bss.errno     0x20000334        0x4 /opt/gcc-arm-none-eabi/bin/../lib/gcc/arm-none-eabi/13.2.1/../../../../arm-none-eabi/lib/thumb/v7e-m/nofp/libc_nano.a(libc_a-reent.o)
                0x20000334                errno
 .bss.__malloc_sbrk_start
                0x20000338        0x4 /opt/gcc-arm-none-eabi/bin/../lib/gcc/arm-none-eabi/13.2.1/../../../../arm-none-eabi/lib/thumb/v7e-m/nofp/libc_nano.a(libc_a-mallocr.o)
                0x20000338                __malloc_sbrk_start
 .bss.__malloc_free_list
                0x2000033c        0x4 /opt/gcc-arm-none-eabi/bin/../lib/gcc/arm-none-eabi/13.2.1/../../../../arm-none-eabi/lib/thumb/v7e-m/nofp/libc_nano.a(libc_a-mallocr.o)
                0x2000033c                __malloc_free_list
 .bss.HMC_Data_Structure
                0x20000340        0x6 CMakeFiles/Drone.elf.dir/HARDWARE/src/HMC5883L.c.o
                0x20000340                HMC_Data_Structure
 .bss.MPU_Data_Structure
                0x20000346        0xc CMakeFiles/Drone.elf.dir/HARDWARE/src/MPU.c.o
                0x20000346                MPU_Data_Structure
 .bss.motor     0x20000352        0x8 CMakeFiles/Drone.elf.dir/HARDWARE/src/Moter.c.o
                0x20000352                motor
 .bss.receiver  0x2000035a       0x14 CMakeFiles/Drone.elf.dir/HARDWARE/src/Receiver.c.o
                0x2000035a                receiver
 .bss.Serial_RxFlag
                0x2000036e        0x1 CMakeFiles/Drone.elf.dir/HARDWARE/src/Serial.c.o
                0x2000036e                Serial_RxFlag
 .bss.Serial_RxData
                0x2000036f        0x1 CMakeFiles/Drone.elf.dir/HARDWARE/src/Serial.c.o
                0x2000036f                Serial_RxData
 .bss._acDownBuffer
                0x20000370       0x10 CMakeFiles/Drone.elf.dir/SystemView/SEGGER_RTT.c.o
 .bss._acUpBuffer
                0x20000380     0x1000 CMakeFiles/Drone.elf.dir/SystemView/SEGGER_RTT.c.o
 .bss._SEGGER_RTT
                0x20001380       0xa8 CMakeFiles/Drone.elf.dir/SystemView/SEGGER_RTT.c.o
                0x20001380                _SEGGER_RTT
 .bss._aPacket  0x20001428       0xe3 CMakeFiles/Drone.elf.dir/SystemView/SEGGER_SYSVIEW.c.o
 .bss._NumModules
                0x2000150b        0x1 CMakeFiles/Drone.elf.dir/SystemView/SEGGER_SYSVIEW.c.o
 .bss._pFirstModule
                0x2000150c        0x4 CMakeFiles/Drone.elf.dir/SystemView/SEGGER_SYSVIEW.c.o
 .bss._SYSVIEW_Globals
                0x20001510       0x28 CMakeFiles/Drone.elf.dir/SystemView/SEGGER_SYSVIEW.c.o
 .bss._DownBuffer
                0x20001538        0x8 CMakeFiles/Drone.elf.dir/SystemView/SEGGER_SYSVIEW.c.o
 .bss._UpBuffer
                0x20001540     0x1000 CMakeFiles/Drone.elf.dir/SystemView/SEGGER_SYSVIEW.c.o
 .bss._NumResources
                0x20002540        0x4 CMakeFiles/Drone.elf.dir/SystemView/SEGGER_SYSVIEW_uCOSII.c.o
 .bss._aResources
                0x20002544      0xc00 CMakeFiles/Drone.elf.dir/SystemView/SEGGER_SYSVIEW_uCOSII.c.o
 .bss._NumTasks
                0x20003144        0x4 CMakeFiles/Drone.elf.dir/SystemView/SEGGER_SYSVIEW_uCOSII.c.o
 .bss._aTasks   0x20003148      0x280 CMakeFiles/Drone.elf.dir/SystemView/SEGGER_SYSVIEW_uCOSII.c.o
 .bss.Serial_Task_Stk
                0x200033c8      0x800 CMakeFiles/Drone.elf.dir/USER/src/main.c.o
                0x200033c8                Serial_Task_Stk
 .bss.First_Task_Stk
                0x20003bc8      0x800 CMakeFiles/Drone.elf.dir/USER/src/main.c.o
                0x20003bc8                First_Task_Stk
 .bss.OSTmrWheelTbl
                0x200043c8       0x38 CMakeFiles/Drone.elf.dir/os/src/os_core.c.o
                0x200043c8                OSTmrWheelTbl
 .bss.OSTmrTaskStk
                0x20004400      0x200 CMakeFiles/Drone.elf.dir/os/src/os_core.c.o
                0x20004400                OSTmrTaskStk
 .bss.OSTmrFreeList
                0x20004600        0x4 CMakeFiles/Drone.elf.dir/os/src/os_core.c.o
                0x20004600                OSTmrFreeList
 .bss.OSTmrTbl  0x20004604      0x280 CMakeFiles/Drone.elf.dir/os/src/os_core.c.o
                0x20004604                OSTmrTbl
 .bss.OSTmrSemSignal
                0x20004884        0x4 CMakeFiles/Drone.elf.dir/os/src/os_core.c.o
                0x20004884                OSTmrSemSignal
 .bss.OSTmrSem  0x20004888        0x4 CMakeFiles/Drone.elf.dir/os/src/os_core.c.o
                0x20004888                OSTmrSem
 .bss.OSTmrTime
                0x2000488c        0x4 CMakeFiles/Drone.elf.dir/os/src/os_core.c.o
                0x2000488c                OSTmrTime
 .bss.OSTmrUsed
                0x20004890        0x2 CMakeFiles/Drone.elf.dir/os/src/os_core.c.o
                0x20004890                OSTmrUsed
 .bss.OSTmrFree
                0x20004892        0x2 CMakeFiles/Drone.elf.dir/os/src/os_core.c.o
                0x20004892                OSTmrFree
 .bss.OSTime    0x20004894        0x4 CMakeFiles/Drone.elf.dir/os/src/os_core.c.o
                0x20004894                OSTime
 .bss.OSTaskRegNextAvailID
                0x20004898        0x1 CMakeFiles/Drone.elf.dir/os/src/os_core.c.o
                0x20004898                OSTaskRegNextAvailID
 *fill*         0x20004899        0x3 
 .bss.OSQTbl    0x2000489c       0x60 CMakeFiles/Drone.elf.dir/os/src/os_core.c.o
                0x2000489c                OSQTbl
 .bss.OSQFreeList
                0x200048fc        0x4 CMakeFiles/Drone.elf.dir/os/src/os_core.c.o
                0x200048fc                OSQFreeList
 .bss.OSMemTbl  0x20004900       0x78 CMakeFiles/Drone.elf.dir/os/src/os_core.c.o
                0x20004900                OSMemTbl
 .bss.OSMemFreeList
                0x20004978        0x4 CMakeFiles/Drone.elf.dir/os/src/os_core.c.o
                0x20004978                OSMemFreeList
 .bss.OSTickStepState
                0x2000497c        0x1 CMakeFiles/Drone.elf.dir/os/src/os_core.c.o
                0x2000497c                OSTickStepState
 *fill*         0x2000497d        0x3 
 .bss.OSTCBTbl  0x20004980      0x7e8 CMakeFiles/Drone.elf.dir/os/src/os_core.c.o
                0x20004980                OSTCBTbl
 .bss.OSTCBPrioTbl
                0x20005168      0x100 CMakeFiles/Drone.elf.dir/os/src/os_core.c.o
                0x20005168                OSTCBPrioTbl
 .bss.OSTCBList
                0x20005268        0x4 CMakeFiles/Drone.elf.dir/os/src/os_core.c.o
                0x20005268                OSTCBList
 .bss.OSTCBHighRdy
                0x2000526c        0x4 CMakeFiles/Drone.elf.dir/os/src/os_core.c.o
                0x2000526c                OSTCBHighRdy
 .bss.OSTCBFreeList
                0x20005270        0x4 CMakeFiles/Drone.elf.dir/os/src/os_core.c.o
                0x20005270                OSTCBFreeList
 .bss.OSTCBCur  0x20005274        0x4 CMakeFiles/Drone.elf.dir/os/src/os_core.c.o
                0x20005274                OSTCBCur
 .bss.OSTaskIdleStk
                0x20005278      0x200 CMakeFiles/Drone.elf.dir/os/src/os_core.c.o
                0x20005278                OSTaskIdleStk
 .bss.OSIdleCtr
                0x20005478        0x4 CMakeFiles/Drone.elf.dir/os/src/os_core.c.o
                0x20005478                OSIdleCtr
 .bss.OSTaskCtr
                0x2000547c        0x1 CMakeFiles/Drone.elf.dir/os/src/os_core.c.o
                0x2000547c                OSTaskCtr
 .bss.OSRunning
                0x2000547d        0x1 CMakeFiles/Drone.elf.dir/os/src/os_core.c.o
                0x2000547d                OSRunning
 .bss.OSRdyTbl  0x2000547e        0x8 CMakeFiles/Drone.elf.dir/os/src/os_core.c.o
                0x2000547e                OSRdyTbl
 .bss.OSRdyGrp  0x20005486        0x1 CMakeFiles/Drone.elf.dir/os/src/os_core.c.o
                0x20005486                OSRdyGrp
 .bss.OSPrioHighRdy
                0x20005487        0x1 CMakeFiles/Drone.elf.dir/os/src/os_core.c.o
                0x20005487                OSPrioHighRdy
 .bss.OSPrioCur
                0x20005488        0x1 CMakeFiles/Drone.elf.dir/os/src/os_core.c.o
                0x20005488                OSPrioCur
 .bss.OSLockNesting
                0x20005489        0x1 CMakeFiles/Drone.elf.dir/os/src/os_core.c.o
                0x20005489                OSLockNesting
 .bss.OSIntNesting
                0x2000548a        0x1 CMakeFiles/Drone.elf.dir/os/src/os_core.c.o
                0x2000548a                OSIntNesting
 *fill*         0x2000548b        0x1 
 .bss.OSTaskStatStk
                0x2000548c      0x200 CMakeFiles/Drone.elf.dir/os/src/os_core.c.o
                0x2000548c                OSTaskStatStk
 .bss.OSStatRdy
                0x2000568c        0x1 CMakeFiles/Drone.elf.dir/os/src/os_core.c.o
                0x2000568c                OSStatRdy
 *fill*         0x2000568d        0x3 
 .bss.OSIdleCtrRun
                0x20005690        0x4 CMakeFiles/Drone.elf.dir/os/src/os_core.c.o
                0x20005690                OSIdleCtrRun
 .bss.OSIdleCtrMax
                0x20005694        0x4 CMakeFiles/Drone.elf.dir/os/src/os_core.c.o
                0x20005694                OSIdleCtrMax
 .bss.OSCPUUsage
                0x20005698        0x1 CMakeFiles/Drone.elf.dir/os/src/os_core.c.o
                0x20005698                OSCPUUsage
 *fill*         0x20005699        0x3 
 .bss.OSFlagFreeList
                0x2000569c        0x4 CMakeFiles/Drone.elf.dir/os/src/os_core.c.o
                0x2000569c                OSFlagFreeList
 .bss.OSFlagTbl
                0x200056a0       0x50 CMakeFiles/Drone.elf.dir/os/src/os_core.c.o
                0x200056a0                OSFlagTbl
 .bss.OSEventTbl
                0x200056f0       0xf0 CMakeFiles/Drone.elf.dir/os/src/os_core.c.o
                0x200056f0                OSEventTbl
 .bss.OSEventFreeList
                0x200057e0        0x4 CMakeFiles/Drone.elf.dir/os/src/os_core.c.o
                0x200057e0                OSEventFreeList
 .bss.OSCtxSwCtr
                0x200057e4        0x4 CMakeFiles/Drone.elf.dir/os/src/os_core.c.o
                0x200057e4                OSCtxSwCtr
 .bss.OS_KA_BASEPRI_Boundary
                0x200057e8        0x4 CMakeFiles/Drone.elf.dir/os/src/os_cpu_c.c.o
                0x200057e8                OS_KA_BASEPRI_Boundary
 .bss.OSTmrCtr  0x200057ec        0x2 CMakeFiles/Drone.elf.dir/os/src/os_cpu_c.c.o
 *fill*         0x200057ee        0x2 
 .bss.OS_CPU_ExceptStkBase
                0x200057f0        0x4 CMakeFiles/Drone.elf.dir/os/src/os_cpu_c.c.o
                0x200057f0                OS_CPU_ExceptStkBase
 .bss.OS_CPU_ExceptStk
                0x200057f4      0x400 CMakeFiles/Drone.elf.dir/os/src/os_cpu_c.c.o
                0x200057f4                OS_CPU_ExceptStk
 .bss.heap_end.0
                0x20005bf4        0x4 /opt/gcc-arm-none-eabi/bin/../lib/gcc/arm-none-eabi/13.2.1/../../../../arm-none-eabi/lib/thumb/v7e-m/nofp/librdimon_nano.a(arm_librdimon_a-syscalls.o)
 .bss.openfiles
                0x20005bf8       0xa0 /opt/gcc-arm-none-eabi/bin/../lib/gcc/arm-none-eabi/13.2.1/../../../../arm-none-eabi/lib/thumb/v7e-m/nofp/librdimon_nano.a(arm_librdimon_a-syscalls.o)
 *(COMMON)
                0x20005c98                        . = ALIGN (0x4)
                0x20005c98                        _ebss = .
                0x20005c98                        __bss_end__ = _ebss

._user_heap_stack
                0x20005c98     0x1000 load address 0x080073fc
                0x20005c98                        . = ALIGN (0x4)
                0x20005c98                        PROVIDE (end = .)
                [!provide]                        PROVIDE (_end = .)
                0x20006498                        . = (. + _Min_Heap_Size)
 *fill*         0x20005c98      0x800 
                0x20006c98                        . = (. + _Min_Stack_Size)
 *fill*         0x20006498      0x800 
                0x20006c98                        . = ALIGN (0x4)

/DISCARD/
 libc.a(*)
 libm.a(*)
 libgcc.a(*)

.ARM.attributes
                0x00000000       0x2a
 *(.ARM.attributes)
 .ARM.attributes
                0x00000000       0x1e /opt/gcc-arm-none-eabi/bin/../lib/gcc/arm-none-eabi/13.2.1/thumb/v7e-m/nofp/crti.o
 .ARM.attributes
                0x0000001e       0x2e /opt/gcc-arm-none-eabi/bin/../lib/gcc/arm-none-eabi/13.2.1/thumb/v7e-m/nofp/crtbegin.o
 .ARM.attributes
                0x0000004c       0x2e /opt/gcc-arm-none-eabi/bin/../lib/gcc/arm-none-eabi/13.2.1/../../../../arm-none-eabi/lib/thumb/v7e-m/nofp/libc_nano.a(libc_a-init.o)
 .ARM.attributes
                0x0000007a       0x2e /opt/gcc-arm-none-eabi/bin/../lib/gcc/arm-none-eabi/13.2.1/../../../../arm-none-eabi/lib/thumb/v7e-m/nofp/libc_nano.a(libc_a-nano-vfprintf_float.o)
 .ARM.attributes
                0x000000a8       0x2e /opt/gcc-arm-none-eabi/bin/../lib/gcc/arm-none-eabi/13.2.1/../../../../arm-none-eabi/lib/thumb/v7e-m/nofp/libc_nano.a(libc_a-nano-vfprintf_i.o)
 .ARM.attributes
                0x000000d6       0x1c /opt/gcc-arm-none-eabi/bin/../lib/gcc/arm-none-eabi/13.2.1/../../../../arm-none-eabi/lib/thumb/v7e-m/nofp/libc_nano.a(libc_a-memchr.o)
 .ARM.attributes
                0x000000f2       0x2e /opt/gcc-arm-none-eabi/bin/../lib/gcc/arm-none-eabi/13.2.1/../../../../arm-none-eabi/lib/thumb/v7e-m/nofp/libc_nano.a(libc_a-findfp.o)
 .ARM.attributes
                0x00000120       0x17 /opt/gcc-arm-none-eabi/bin/../lib/gcc/arm-none-eabi/13.2.1/../../../../arm-none-eabi/lib/thumb/v7e-m/nofp/libc_nano.a(libc_a-strlen.o)
 .ARM.attributes
                0x00000137       0x2e /opt/gcc-arm-none-eabi/bin/../lib/gcc/arm-none-eabi/13.2.1/../../../../arm-none-eabi/lib/thumb/v7e-m/nofp/libc_nano.a(libc_a-stdio.o)
 .ARM.attributes
                0x00000165       0x2e /opt/gcc-arm-none-eabi/bin/../lib/gcc/arm-none-eabi/13.2.1/../../../../arm-none-eabi/lib/thumb/v7e-m/nofp/libc_nano.a(libc_a-dtoa.o)
 .ARM.attributes
                0x00000193       0x2e /opt/gcc-arm-none-eabi/bin/../lib/gcc/arm-none-eabi/13.2.1/../../../../arm-none-eabi/lib/thumb/v7e-m/nofp/libc_nano.a(libc_a-readr.o)
 .ARM.attributes
                0x000001c1       0x2e /opt/gcc-arm-none-eabi/bin/../lib/gcc/arm-none-eabi/13.2.1/../../../../arm-none-eabi/lib/thumb/v7e-m/nofp/libc_nano.a(libc_a-writer.o)
 .ARM.attributes
                0x000001ef       0x2e /opt/gcc-arm-none-eabi/bin/../lib/gcc/arm-none-eabi/13.2.1/../../../../arm-none-eabi/lib/thumb/v7e-m/nofp/libc_nano.a(libc_a-fwalk.o)
 .ARM.attributes
                0x0000021d       0x2e /opt/gcc-arm-none-eabi/bin/../lib/gcc/arm-none-eabi/13.2.1/../../../../arm-none-eabi/lib/thumb/v7e-m/nofp/libc_nano.a(libc_a-memset.o)
 .ARM.attributes
                0x0000024b       0x2e /opt/gcc-arm-none-eabi/bin/../lib/gcc/arm-none-eabi/13.2.1/../../../../arm-none-eabi/lib/thumb/v7e-m/nofp/libc_nano.a(libc_a-lock.o)
 .ARM.attributes
                0x00000279       0x2e /opt/gcc-arm-none-eabi/bin/../lib/gcc/arm-none-eabi/13.2.1/../../../../arm-none-eabi/lib/thumb/v7e-m/nofp/libc_nano.a(libc_a-localeconv.o)
 .ARM.attributes
                0x000002a7       0x2e /opt/gcc-arm-none-eabi/bin/../lib/gcc/arm-none-eabi/13.2.1/../../../../arm-none-eabi/lib/thumb/v7e-m/nofp/libc_nano.a(libc_a-closer.o)
 .ARM.attributes
                0x000002d5       0x2e /opt/gcc-arm-none-eabi/bin/../lib/gcc/arm-none-eabi/13.2.1/../../../../arm-none-eabi/lib/thumb/v7e-m/nofp/libc_nano.a(libc_a-reent.o)
 .ARM.attributes
                0x00000303       0x2e /opt/gcc-arm-none-eabi/bin/../lib/gcc/arm-none-eabi/13.2.1/../../../../arm-none-eabi/lib/thumb/v7e-m/nofp/libc_nano.a(libc_a-impure.o)
 .ARM.attributes
                0x00000331       0x2e /opt/gcc-arm-none-eabi/bin/../lib/gcc/arm-none-eabi/13.2.1/../../../../arm-none-eabi/lib/thumb/v7e-m/nofp/libc_nano.a(libc_a-fflush.o)
 .ARM.attributes
                0x0000035f       0x2e /opt/gcc-arm-none-eabi/bin/../lib/gcc/arm-none-eabi/13.2.1/../../../../arm-none-eabi/lib/thumb/v7e-m/nofp/libc_nano.a(libc_a-memcpy-stub.o)
 .ARM.attributes
                0x0000038d       0x2e /opt/gcc-arm-none-eabi/bin/../lib/gcc/arm-none-eabi/13.2.1/../../../../arm-none-eabi/lib/thumb/v7e-m/nofp/libc_nano.a(libc_a-malloc.o)
 .ARM.attributes
                0x000003bb       0x2e /opt/gcc-arm-none-eabi/bin/../lib/gcc/arm-none-eabi/13.2.1/../../../../arm-none-eabi/lib/thumb/v7e-m/nofp/libc_nano.a(libc_a-mallocr.o)
 .ARM.attributes
                0x000003e9       0x2e /opt/gcc-arm-none-eabi/bin/../lib/gcc/arm-none-eabi/13.2.1/../../../../arm-none-eabi/lib/thumb/v7e-m/nofp/libc_nano.a(libc_a-assert.o)
 .ARM.attributes