Archive member included to satisfy reference by file (symbol)

/opt/gcc-arm-none-eabi/bin/../lib/gcc/arm-none-eabi/13.2.1/../../../../arm-none-eabi/lib/thumb/v7e-m/nofp/libc_nano.a(libc_a-exit.o)
                              /opt/gcc-arm-none-eabi/bin/../lib/gcc/arm-none-eabi/13.2.1/../../../../arm-none-eabi/lib/thumb/v7e-m/nofp/crt0.o (exit)
/opt/gcc-arm-none-eabi/bin/../lib/gcc/arm-none-eabi/13.2.1/../../../../arm-none-eabi/lib/thumb/v7e-m/nofp/libc_nano.a(libc_a-init.o)
                              /opt/gcc-arm-none-eabi/bin/../lib/gcc/arm-none-eabi/13.2.1/../../../../arm-none-eabi/lib/thumb/v7e-m/nofp/crt0.o (__libc_init_array)
/opt/gcc-arm-none-eabi/bin/../lib/gcc/arm-none-eabi/13.2.1/../../../../arm-none-eabi/lib/thumb/v7e-m/nofp/libc_nano.a(libc_a-nano-vfprintf_float.o)
                              (_printf_float)
/opt/gcc-arm-none-eabi/bin/../lib/gcc/arm-none-eabi/13.2.1/../../../../arm-none-eabi/lib/thumb/v7e-m/nofp/libc_nano.a(libc_a-nano-vfprintf_i.o)
                              /opt/gcc-arm-none-eabi/bin/../lib/gcc/arm-none-eabi/13.2.1/../../../../arm-none-eabi/lib/thumb/v7e-m/nofp/libc_nano.a(libc_a-nano-vfprintf_float.o) (_printf_common)
/opt/gcc-arm-none-eabi/bin/../lib/gcc/arm-none-eabi/13.2.1/../../../../arm-none-eabi/lib/thumb/v7e-m/nofp/libc_nano.a(libc_a-memchr.o)
                              /opt/gcc-arm-none-eabi/bin/../lib/gcc/arm-none-eabi/13.2.1/../../../../arm-none-eabi/lib/thumb/v7e-m/nofp/libc_nano.a(libc_a-nano-vfprintf_i.o) (memchr)
/opt/gcc-arm-none-eabi/bin/../lib/gcc/arm-none-eabi/13.2.1/../../../../arm-none-eabi/lib/thumb/v7e-m/nofp/libc_nano.a(libc_a-findfp.o)
                              /opt/gcc-arm-none-eabi/bin/../lib/gcc/arm-none-eabi/13.2.1/../../../../arm-none-eabi/lib/thumb/v7e-m/nofp/libc_nano.a(libc_a-exit.o) (__stdio_exit_handler)
/opt/gcc-arm-none-eabi/bin/../lib/gcc/arm-none-eabi/13.2.1/../../../../arm-none-eabi/lib/thumb/v7e-m/nofp/libc_nano.a(libc_a-strlen.o)
                              /opt/gcc-arm-none-eabi/bin/../lib/gcc/arm-none-eabi/13.2.1/../../../../arm-none-eabi/lib/thumb/v7e-m/nofp/libc_nano.a(libc_a-nano-vfprintf_float.o) (strlen)
/opt/gcc-arm-none-eabi/bin/../lib/gcc/arm-none-eabi/13.2.1/../../../../arm-none-eabi/lib/thumb/v7e-m/nofp/libc_nano.a(libc_a-stdio.o)
                              /opt/gcc-arm-none-eabi/bin/../lib/gcc/arm-none-eabi/13.2.1/../../../../arm-none-eabi/lib/thumb/v7e-m/nofp/libc_nano.a(libc_a-findfp.o) (__sread)
/opt/gcc-arm-none-eabi/bin/../lib/gcc/arm-none-eabi/13.2.1/../../../../arm-none-eabi/lib/thumb/v7e-m/nofp/libc_nano.a(libc_a-dtoa.o)
                              /opt/gcc-arm-none-eabi/bin/../lib/gcc/arm-none-eabi/13.2.1/../../../../arm-none-eabi/lib/thumb/v7e-m/nofp/libc_nano.a(libc_a-nano-vfprintf_float.o) (_dtoa_r)
/opt/gcc-arm-none-eabi/bin/../lib/gcc/arm-none-eabi/13.2.1/../../../../arm-none-eabi/lib/thumb/v7e-m/nofp/libc_nano.a(libc_a-readr.o)
                              /opt/gcc-arm-none-eabi/bin/../lib/gcc/arm-none-eabi/13.2.1/../../../../arm-none-eabi/lib/thumb/v7e-m/nofp/libc_nano.a(libc_a-stdio.o) (_read_r)
/opt/gcc-arm-none-eabi/bin/../lib/gcc/arm-none-eabi/13.2.1/../../../../arm-none-eabi/lib/thumb/v7e-m/nofp/libc_nano.a(libc_a-writer.o)
                              /opt/gcc-arm-none-eabi/bin/../lib/gcc/arm-none-eabi/13.2.1/../../../../arm-none-eabi/lib/thumb/v7e-m/nofp/libc_nano.a(libc_a-stdio.o) (_write_r)
/opt/gcc-arm-none-eabi/bin/../lib/gcc/arm-none-eabi/13.2.1/../../../../arm-none-eabi/lib/thumb/v7e-m/nofp/libc_nano.a(libc_a-fwalk.o)
                              /opt/gcc-arm-none-eabi/bin/../lib/gcc/arm-none-eabi/13.2.1/../../../../arm-none-eabi/lib/thumb/v7e-m/nofp/libc_nano.a(libc_a-findfp.o) (_fwalk_sglue)
/opt/gcc-arm-none-eabi/bin/../lib/gcc/arm-none-eabi/13.2.1/../../../../arm-none-eabi/lib/thumb/v7e-m/nofp/libc_nano.a(libc_a-memset.o)
                              /opt/gcc-arm-none-eabi/bin/../lib/gcc/arm-none-eabi/13.2.1/../../../../arm-none-eabi/lib/thumb/v7e-m/nofp/crt0.o (memset)
/opt/gcc-arm-none-eabi/bin/../lib/gcc/arm-none-eabi/13.2.1/../../../../arm-none-eabi/lib/thumb/v7e-m/nofp/libc_nano.a(libc_a-lock.o)
                              /opt/gcc-arm-none-eabi/bin/../lib/gcc/arm-none-eabi/13.2.1/../../../../arm-none-eabi/lib/thumb/v7e-m/nofp/libc_nano.a(libc_a-findfp.o) (__retarget_lock_init_recursive)
/opt/gcc-arm-none-eabi/bin/../lib/gcc/arm-none-eabi/13.2.1/../../../../arm-none-eabi/lib/thumb/v7e-m/nofp/libc_nano.a(libc_a-localeconv.o)
                              /opt/gcc-arm-none-eabi/bin/../lib/gcc/arm-none-eabi/13.2.1/../../../../arm-none-eabi/lib/thumb/v7e-m/nofp/libc_nano.a(libc_a-nano-vfprintf_float.o) (_localeconv_r)
/opt/gcc-arm-none-eabi/bin/../lib/gcc/arm-none-eabi/13.2.1/../../../../arm-none-eabi/lib/thumb/v7e-m/nofp/libc_nano.a(libc_a-closer.o)
                              /opt/gcc-arm-none-eabi/bin/../lib/gcc/arm-none-eabi/13.2.1/../../../../arm-none-eabi/lib/thumb/v7e-m/nofp/libc_nano.a(libc_a-stdio.o) (_close_r)
[...]
Memory Configuration

Name             Origin             Length             Attributes
RAM              0x20000000         0x00018000         xrw
FLASH            0x08000000         0x00080000         xr
*default*        0x00000000         0xffffffff

Linker script and memory map

LOAD /opt/gcc-arm-none-eabi/bin/../lib/gcc/arm-none-eabi/13.2.1/thumb/v7e-m/nofp/crti.o
LOAD /opt/gcc-arm-none-eabi/bin/../lib/gcc/arm-none-eabi/13.2.1/thumb/v7e-m/nofp/crtbegin.o
LOAD /opt/gcc-arm-none-eabi/bin/../lib/gcc/arm-none-eabi/13.2.1/../../../../arm-none-eabi/lib/thumb/v7e-m/nofp/crt0.o
LOAD /opt/gcc-arm-none-eabi/bin/../lib/gcc/arm-none-eabi/13.2.1/../../../../arm-none-eabi/lib/thumb/v7e-m/nofp/libc_nano.a
LOAD /opt/gcc-arm-none-eabi/bin/../lib/gcc/arm-none-eabi/13.2.1/../../../../arm-none-eabi/lib/thumb/v7e-m/nofp/libm.a
LOAD CMakeFiles/Drone.elf.dir/HARDWARE/src/HMC5883L.c.o
LOAD CMakeFiles/Drone.elf.dir/HARDWARE/src/MPU.c.o
LOAD CMakeFiles/Drone.elf.dir/HARDWARE/src/Moter.c.o
LOAD CMakeFiles/Drone.elf.dir/HARDWARE/src/MyI2C.c.o
LOAD CMakeFiles/Drone.elf.dir/HARDWARE/src/Receiver.c.o
LOAD CMakeFiles/Drone.elf.dir/HARDWARE/src/Serial.c.o
LOAD CMakeFiles/Drone.elf.dir/SYSTEM/src/ChangeHCLK.c.o
LOAD CMakeFiles/Drone.elf.dir/SYSTEM/src/Delay.c.o
LOAD CMakeFiles/Drone.elf.dir/USER/src/main.c.o
LOAD CMakeFiles/Drone.elf.dir/USER/src/stm32f4xx_it.c.o
LOAD CMakeFiles/Drone.elf.dir/USER/src/system_stm32f4xx.c.o
LOAD CMakeFiles/Drone.elf.dir/os/src/app_hooks.c.o
LOAD CMakeFiles/Drone.elf.dir/os/src/os_core.c.o
LOAD CMakeFiles/Drone.elf.dir/os/src/os_cpu_c.c.o
LOAD CMakeFiles/Drone.elf.dir/os/src/os_dbg_r.c.o
LOAD CMakeFiles/Drone.elf.dir/os/src/os_flag.c.o
LOAD CMakeFiles/Drone.elf.dir/os/src/os_mbox.c.o
LOAD CMakeFiles/Drone.elf.dir/os/src/os_mem.c.o
LOAD CMakeFiles/Drone.elf.dir/os/src/os_mutex.c.o
LOAD CMakeFiles/Drone.elf.dir/os/src/os_q.c.o
LOAD CMakeFiles/Drone.elf.dir/os/src/os_sem.c.o
LOAD CMakeFiles/Drone.elf.dir/os/src/os_task.c.o
LOAD CMakeFiles/Drone.elf.dir/os/src/os_time.c.o
LOAD CMakeFiles/Drone.elf.dir/os/src/os_tmr.c.o
LOAD CMakeFiles/Drone.elf.dir/CORE/startup_stm32f401xe.s.o
LOAD CMakeFiles/Drone.elf.dir/os/os_cpu_a.s.o
START GROUP
LOAD /opt/gcc-arm-none-eabi/bin/../lib/gcc/arm-none-eabi/13.2.1/thumb/v7e-m/nofp/libgcc.a
LOAD /opt/gcc-arm-none-eabi/bin/../lib/gcc/arm-none-eabi/13.2.1/../../../../arm-none-eabi/lib/thumb/v7e-m/nofp/libc_nano.a
LOAD /opt/gcc-arm-none-eabi/bin/../lib/gcc/arm-none-eabi/13.2.1/../../../../arm-none-eabi/lib/thumb/v7e-m/nofp/libm.a
LOAD /opt/gcc-arm-none-eabi/bin/../lib/gcc/arm-none-eabi/13.2.1/../../../../arm-none-eabi/lib/thumb/v7e-m/nofp/librdimon_nano.a
END GROUP
START GROUP
LOAD /opt/gcc-arm-none-eabi/bin/../lib/gcc/arm-none-eabi/13.2.1/thumb/v7e-m/nofp/libgcc.a
LOAD /opt/gcc-arm-none-eabi/bin/../lib/gcc/arm-none-eabi/13.2.1/../../../../arm-none-eabi/lib/thumb/v7e-m/nofp/libg_nano.a
LOAD /opt/gcc-arm-none-eabi/bin/../lib/gcc/arm-none-eabi/13.2.1/../../../../arm-none-eabi/lib/thumb/v7e-m/nofp/libc_nano.a
END GROUP
START GROUP
LOAD /opt/gcc-arm-none-eabi/bin/../lib/gcc/arm-none-eabi/13.2.1/thumb/v7e-m/nofp/libgcc.a
LOAD /opt/gcc-arm-none-eabi/bin/../lib/gcc/arm-none-eabi/13.2.1/../../../../arm-none-eabi/lib/thumb/v7e-m/nofp/libc_nano.a
END GROUP
LOAD /opt/gcc-arm-none-eabi/bin/../lib/gcc/arm-none-eabi/13.2.1/thumb/v7e-m/nofp/crtend.o
LOAD /opt/gcc-arm-none-eabi/bin/../lib/gcc/arm-none-eabi/13.2.1/thumb/v7e-m/nofp/crtn.o
                0x20018000                        _estack = (ORIGIN (RAM) + LENGTH (RAM))
                0x00000800                        _Min_Heap_Size = 0x800
                0x00000800                        _Min_Stack_Size = 0x800

.isr_vector     0x08000000      0x194
                0x08000000                        . = ALIGN (0x4)
 *(.isr_vector)
 .isr_vector    0x08000000      0x194 CMakeFiles/Drone.elf.dir/CORE/startup_stm32f401xe.s.o
                0x08000000                g_pfnVectors
                0x08000194                        . = ALIGN (0x4)

.text           0x080001a0     0x4b3c
                0x080001a0                        . = ALIGN (0x4)
 *(.text)
 .text          0x080001a0       0xa0 /opt/gcc-arm-none-eabi/bin/../lib/gcc/arm-none-eabi/13.2.1/../../../../arm-none-eabi/lib/thumb/v7e-m/nofp/libc_nano.a(libc_a-memchr.o)
                0x080001a0                memchr
 .text          0x08000240       0x10 /opt/gcc-arm-none-eabi/bin/../lib/gcc/arm-none-eabi/13.2.1/../../../../arm-none-eabi/lib/thumb/v7e-m/nofp/libc_nano.a(libc_a-strlen.o)
                0x08000240                strlen
 .text          0x08000250      0x138 CMakeFiles/Drone.elf.dir/os/os_cpu_a.s.o
                0x08000250                OS_CPU_SR_Save
                0x0800026c                OS_CPU_SR_Restore
                0x0800027e                OSStartHighRdy
                0x080002fe                OSCtxSw
                0x080002fe                OSIntCtxSw
                0x08000308                PendSV_Handler
 .text          0x08000388      0x378 /opt/gcc-arm-none-eabi/bin/../lib/gcc/arm-none-eabi/13.2.1/thumb/v7e-m/nofp/libgcc.a(_arm_addsubdf3.o)
                0x08000388                __aeabi_drsub
                0x08000390                __aeabi_dsub
                0x08000390                __subdf3
                0x08000394                __adddf3
                0x08000394                __aeabi_dadd
                0x0800060c                __aeabi_ui2d
                0x0800060c                __floatunsidf
                0x0800062c                __floatsidf
                0x0800062c                __aeabi_i2d
                0x08000650                __extendsfdf2
                0x08000650                __aeabi_f2d
                0x08000694                __aeabi_ul2d
                0x08000694                __floatundidf
                0x080006a4                __floatdidf
                0x080006a4                __aeabi_l2d
 .text          0x08000700      0x424 /opt/gcc-arm-none-eabi/bin/../lib/gcc/arm-none-eabi/13.2.1/thumb/v7e-m/nofp/libgcc.a(_arm_muldivdf3.o)
                0x08000700                __aeabi_dmul
                0x08000700                __muldf3
                0x08000954                __aeabi_ddiv
                0x08000954                __divdf3
 .text          0x08000b24      0x110 /opt/gcc-arm-none-eabi/bin/../lib/gcc/arm-none-eabi/13.2.1/thumb/v7e-m/nofp/libgcc.a(_arm_cmpdf2.o)
                0x08000b24                __gtdf2
                0x08000b24                __gedf2
                0x08000b2c                __ltdf2
                0x08000b2c                __ledf2
                0x08000b34                __cmpdf2
                0x08000b34                __eqdf2
                0x08000b34                __nedf2
                0x08000bb0                __aeabi_cdrcmple
                0x08000bc0                __aeabi_cdcmple
                0x08000bc0                __aeabi_cdcmpeq
                0x08000bd0                __aeabi_dcmpeq
                0x08000be4                __aeabi_dcmplt
                0x08000bf8                __aeabi_dcmple
                0x08000c0c                __aeabi_dcmpge
                0x08000c20                __aeabi_dcmpgt
 .text          0x08000c34       0x2c /opt/gcc-arm-none-eabi/bin/../lib/gcc/arm-none-eabi/13.2.1/thumb/v7e-m/nofp/libgcc.a(_arm_unorddf2.o)
                0x08000c34                __aeabi_dcmpun
                0x08000c34                __unorddf2
 .text          0x08000c60       0x50 /opt/gcc-arm-none-eabi/bin/../lib/gcc/arm-none-eabi/13.2.1/thumb/v7e-m/nofp/libgcc.a(_arm_fixdfsi.o)
                0x08000c60                __fixdfsi
                0x08000c60                __aeabi_d2iz
 .text          0x08000cb0      0x21c /opt/gcc-arm-none-eabi/bin/../lib/gcc/arm-none-eabi/13.2.1/thumb/v7e-m/nofp/libgcc.a(_arm_addsubsf3.o)
                0x08000cb0                __aeabi_frsub
                0x08000cb8                __subsf3
                0x08000cb8                __aeabi_fsub
                0x08000cbc                __aeabi_fadd
                0x08000cbc                __addsf3
                0x08000e1c                __aeabi_ui2f
                0x08000e1c                __floatunsisf
                0x08000e24                __aeabi_i2f
                0x08000e24                __floatsisf
                0x08000e40                __floatundisf
                0x08000e40                __aeabi_ul2f
                0x08000e50                __floatdisf
                0x08000e50                __aeabi_l2f
 .text          0x08000ecc      0x2a0 /opt/gcc-arm-none-eabi/bin/../lib/gcc/arm-none-eabi/13.2.1/thumb/v7e-m/nofp/libgcc.a(_arm_muldivsf3.o)
                0x08000ecc                __mulsf3
                0x08000ecc                __aeabi_fmul
                0x08001034                __divsf3
                0x08001034                __aeabi_fdiv
 .text          0x0800116c       0x4c /opt/gcc-arm-none-eabi/bin/../lib/gcc/arm-none-eabi/13.2.1/thumb/v7e-m/nofp/libgcc.a(_arm_fixsfsi.o)
                0x0800116c                __fixsfsi
                0x0800116c                __aeabi_f2iz
 *(.text*)
 .text.deregister_tm_clones
                0x080011b8       0x1c /opt/gcc-arm-none-eabi/bin/../lib/gcc/arm-none-eabi/13.2.1/thumb/v7e-m/nofp/crtbegin.o
 .text.register_tm_clones
                0x080011d4       0x24 /opt/gcc-arm-none-eabi/bin/../lib/gcc/arm-none-eabi/13.2.1/thumb/v7e-m/nofp/crtbegin.o
 .text.__do_global_dtors_aux
                0x080011f8       0x28 /opt/gcc-arm-none-eabi/bin/../lib/gcc/arm-none-eabi/13.2.1/thumb/v7e-m/nofp/crtbegin.o
 .text.frame_dummy
                0x08001220       0x24 /opt/gcc-arm-none-eabi/bin/../lib/gcc/arm-none-eabi/13.2.1/thumb/v7e-m/nofp/crtbegin.o
 .text.__libc_init_array
                0x08001244       0x48 /opt/gcc-arm-none-eabi/bin/../lib/gcc/arm-none-eabi/13.2.1/../../../../arm-none-eabi/lib/thumb/v7e-m/nofp/libc_nano.a(libc_a-init.o)
                0x08001244                __libc_init_array
 .text.__cvt    0x0800128c       0xc8 /opt/gcc-arm-none-eabi/bin/../lib/gcc/arm-none-eabi/13.2.1/../../../../arm-none-eabi/lib/thumb/v7e-m/nofp/libc_nano.a(libc_a-nano-vfprintf_float.o)
                0x0800128c                __cvt
 .text.__exponent
                0x08001354       0x74 /opt/gcc-arm-none-eabi/bin/../lib/gcc/arm-none-eabi/13.2.1/../../../../arm-none-eabi/lib/thumb/v7e-m/nofp/libc_nano.a(libc_a-nano-vfprintf_float.o)
                0x08001354                __exponent
 .text._printf_float
                0x080013c8      0x458 /opt/gcc-arm-none-eabi/bin/../lib/gcc/arm-none-eabi/13.2.1/../../../../arm-none-eabi/lib/thumb/v7e-m/nofp/libc_nano.a(libc_a-nano-vfprintf_float.o)
                0x080013c8                _printf_float
 .text._printf_common
                0x08001820       0xda /opt/gcc-arm-none-eabi/bin/../lib/gcc/arm-none-eabi/13.2.1/../../../../arm-none-eabi/lib/thumb/v7e-m/nofp/libc_nano.a(libc_a-nano-vfprintf_i.o)
                0x08001820                _printf_common
 *fill*         0x080018fa        0x2 
 .text._printf_i
                0x080018fc      0x23c /opt/gcc-arm-none-eabi/bin/../lib/gcc/arm-none-eabi/13.2.1/../../../../arm-none-eabi/lib/thumb/v7e-m/nofp/libc_nano.a(libc_a-nano-vfprintf_i.o)
                0x080018fc                _printf_i
 .text.std      0x08001b38       0x6c /opt/gcc-arm-none-eabi/bin/../lib/gcc/arm-none-eabi/13.2.1/../../../../arm-none-eabi/lib/thumb/v7e-m/nofp/libc_nano.a(libc_a-findfp.o)
 .text.stdio_exit_handler
                0x08001ba4       0x18 /opt/gcc-arm-none-eabi/bin/../lib/gcc/arm-none-eabi/13.2.1/../../../../arm-none-eabi/lib/thumb/v7e-m/nofp/libc_nano.a(libc_a-findfp.o)
 .text.cleanup_stdio
                0x08001bbc       0x40 /opt/gcc-arm-none-eabi/bin/../lib/gcc/arm-none-eabi/13.2.1/../../../../arm-none-eabi/lib/thumb/v7e-m/nofp/libc_nano.a(libc_a-findfp.o)
 .text.global_stdio_init.part.0
                0x08001bfc       0x3c /opt/gcc-arm-none-eabi/bin/../lib/gcc/arm-none-eabi/13.2.1/../../../../arm-none-eabi/lib/thumb/v7e-m/nofp/libc_nano.a(libc_a-findfp.o)
 .text.__sfp_lock_acquire
                0x08001c38        0xc /opt/gcc-arm-none-eabi/bin/../lib/gcc/arm-none-eabi/13.2.1/../../../../arm-none-eabi/lib/thumb/v7e-m/nofp/libc_nano.a(libc_a-findfp.o)
                0x08001c38                __sfp_lock_acquire
 .text.__sfp_lock_release
                0x08001c44        0xc /opt/gcc-arm-none-eabi/bin/../lib/gcc/arm-none-eabi/13.2.1/../../../../arm-none-eabi/lib/thumb/v7e-m/nofp/libc_nano.a(libc_a-findfp.o)
                0x08001c44                __sfp_lock_release
 .text.__sinit  0x08001c50       0x30 /opt/gcc-arm-none-eabi/bin/../lib/gcc/arm-none-eabi/13.2.1/../../../../arm-none-eabi/lib/thumb/v7e-m/nofp/libc_nano.a(libc_a-findfp.o)
                0x08001c50                __sinit
 .text.__sread  0x08001c80       0x22 /opt/gcc-arm-none-eabi/bin/../lib/gcc/arm-none-eabi/13.2.1/../../../../arm-none-eabi/lib/thumb/v7e-m/nofp/libc_nano.a(libc_a-stdio.o)
                0x08001c80                __sread
 .text.__swrite
                0x08001ca2       0x38 /opt/gcc-arm-none-eabi/bin/../lib/gcc/arm-none-eabi/13.2.1/../../../../arm-none-eabi/lib/thumb/v7e-m/nofp/libc_nano.a(libc_a-stdio.o)
                0x08001ca2                __swrite
 .text.__sseek  0x08001cda       0x24 /opt/gcc-arm-none-eabi/bin/../lib/gcc/arm-none-eabi/13.2.1/../../../../arm-none-eabi/lib/thumb/v7e-m/nofp/libc_nano.a(libc_a-stdio.o)
                0x08001cda                __sseek
 .text.__sclose
                0x08001cfe        0x8 /opt/gcc-arm-none-eabi/bin/../lib/gcc/arm-none-eabi/13.2.1/../../../../arm-none-eabi/lib/thumb/v7e-m/nofp/libc_nano.a(libc_a-stdio.o)
                0x08001cfe                __sclose
 .text.quorem   0x08001d06      0x110 /opt/gcc-arm-none-eabi/bin/../lib/gcc/arm-none-eabi/13.2.1/../../../../arm-none-eabi/lib/thumb/v7e-m/nofp/libc_nano.a(libc_a-dtoa.o)
 *fill*         0x08001e16        0x2 
 .text._dtoa_r  0x08001e18      0xb7c /opt/gcc-arm-none-eabi/bin/../lib/gcc/arm-none-eabi/13.2.1/../../../../arm-none-eabi/lib/thumb/v7e-m/nofp/libc_nano.a(libc_a-dtoa.o)
                0x08001e18                _dtoa_r
 .text._read_r  0x08002994       0x24 /opt/gcc-arm-none-eabi/bin/../lib/gcc/arm-none-eabi/13.2.1/../../../../arm-none-eabi/lib/thumb/v7e-m/nofp/libc_nano.a(libc_a-readr.o)
                0x08002994                _read_r
 .text._write_r
                0x080029b8       0x24 /opt/gcc-arm-none-eabi/bin/../lib/gcc/arm-none-eabi/13.2.1/../../../../arm-none-eabi/lib/thumb/v7e-m/nofp/libc_nano.a(libc_a-writer.o)
                0x080029b8                _write_r
 .text._fwalk_sglue
                0x080029dc       0x3c /opt/gcc-arm-none-eabi/bin/../lib/gcc/arm-none-eabi/13.2.1/../../../../arm-none-eabi/lib/thumb/v7e-m/nofp/libc_nano.a(libc_a-fwalk.o)
                0x080029dc                _fwalk_sglue
 .text.memset   0x08002a18       0x10 /opt/gcc-arm-none-eabi/bin/../lib/gcc/arm-none-eabi/13.2.1/../../../../arm-none-eabi/lib/thumb/v7e-m/nofp/libc_nano.a(libc_a-memset.o)
                0x08002a18                memset
 .text.__retarget_lock_init_recursive
                0x08002a28        0x2 /opt/gcc-arm-none-eabi/bin/../lib/gcc/arm-none-eabi/13.2.1/../../../../arm-none-eabi/lib/thumb/v7e-m/nofp/libc_nano.a(libc_a-lock.o)
                0x08002a28                __retarget_lock_init_recursive
 .text.__retarget_lock_acquire_recursive
                0x08002a2a        0x2 /opt/gcc-arm-none-eabi/bin/../lib/gcc/arm-none-eabi/13.2.1/../../../../arm-none-eabi/lib/thumb/v7e-m/nofp/libc_nano.a(libc_a-lock.o)
                0x08002a2a                __retarget_lock_acquire_recursive
 .text.__retarget_lock_release_recursive
                0x08002a2c        0x2 /opt/gcc-arm-none-eabi/bin/../lib/gcc/arm-none-eabi/13.2.1/../../../../arm-none-eabi/lib/thumb/v7e-m/nofp/libc_nano.a(libc_a-lock.o)
                0x08002a2c                __retarget_lock_release_recursive
 *fill*         0x08002a2e        0x2 
 .text._localeconv_r
                0x08002a30        0x8 /opt/gcc-arm-none-eabi/bin/../lib/gcc/arm-none-eabi/13.2.1/../../../../arm-none-eabi/lib/thumb/v7e-m/nofp/libc_nano.a(libc_a-localeconv.o)
                0x08002a30                _localeconv_r
 .text._close_r
                0x08002a38       0x20 /opt/gcc-arm-none-eabi/bin/../lib/gcc/arm-none-eabi/13.2.1/../../../../arm-none-eabi/lib/thumb/v7e-m/nofp/libc_nano.a(libc_a-closer.o)
                0x08002a38                _close_r
 .text.__sflush_r
                0x08002a58      0x100 /opt/gcc-arm-none-eabi/bin/../lib/gcc/arm-none-eabi/13.2.1/../../../../arm-none-eabi/lib/thumb/v7e-m/nofp/libc_nano.a(libc_a-fflush.o)
                0x08002a58                __sflush_r
 .text._fflush_r
                0x08002b58       0x50 /opt/gcc-arm-none-eabi/bin/../lib/gcc/arm-none-eabi/13.2.1/../../../../arm-none-eabi/lib/thumb/v7e-m/nofp/libc_nano.a(libc_a-fflush.o)
                0x08002b58                _fflush_r
 .text.memcpy   0x08002ba8       0x1c /opt/gcc-arm-none-eabi/bin/../lib/gcc/arm-none-eabi/13.2.1/../../../../arm-none-eabi/lib/thumb/v7e-m/nofp/libc_nano.a(libc_a-memcpy-stub.o)
                0x08002ba8                memcpy
 .text.malloc   0x08002bc4       0x10 /opt/gcc-arm-none-eabi/bin/../lib/gcc/arm-none-eabi/13.2.1/../../../../arm-none-eabi/lib/thumb/v7e-m/nofp/libc_nano.a(libc_a-malloc.o)
                0x08002bc4                malloc
 .text.sbrk_aligned
                0x08002bd4       0x44 /opt/gcc-arm-none-eabi/bin/../lib/gcc/arm-none-eabi/13.2.1/../../../../arm-none-eabi/lib/thumb/v7e-m/nofp/libc_nano.a(libc_a-mallocr.o)
 .text._malloc_r
                0x08002c18      0x100 /opt/gcc-arm-none-eabi/bin/../lib/gcc/arm-none-eabi/13.2.1/../../../../arm-none-eabi/lib/thumb/v7e-m/nofp/libc_nano.a(libc_a-mallocr.o)
                0x08002c18                _malloc_r
 .text.__assert_func
                0x08002d18       0x3c /opt/gcc-arm-none-eabi/bin/../lib/gcc/arm-none-eabi/13.2.1/../../../../arm-none-eabi/lib/thumb/v7e-m/nofp/libc_nano.a(libc_a-assert.o)
                0x08002d18                __assert_func
 .text._lseek_r
                0x08002d54       0x24 /opt/gcc-arm-none-eabi/bin/../lib/gcc/arm-none-eabi/13.2.1/../../../../arm-none-eabi/lib/thumb/v7e-m/nofp/libc_nano.a(libc_a-lseekr.o)
                0x08002d54                _lseek_r
 .text.fprintf  0x08002d78       0x24 /opt/gcc-arm-none-eabi/bin/../lib/gcc/arm-none-eabi/13.2.1/../../../../arm-none-eabi/lib/thumb/v7e-m/nofp/libc_nano.a(libc_a-fprintf.o)
                0x08002d78                fprintf
                0x08002d78                fiprintf
 .text.__malloc_lock
                0x08002d9c        0xc /opt/gcc-arm-none-eabi/bin/../lib/gcc/arm-none-eabi/13.2.1/../../../../arm-none-eabi/lib/thumb/v7e-m/nofp/libc_nano.a(libc_a-mlock.o)
                0x08002d9c                __malloc_lock
 .text.__malloc_unlock
                0x08002da8        0xc /opt/gcc-arm-none-eabi/bin/../lib/gcc/arm-none-eabi/13.2.1/../../../../arm-none-eabi/lib/thumb/v7e-m/nofp/libc_nano.a(libc_a-mlock.o)
                0x08002da8                __malloc_unlock
 .text._Balloc  0x08002db4       0x80 /opt/gcc-arm-none-eabi/bin/../lib/gcc/arm-none-eabi/13.2.1/../../../../arm-none-eabi/lib/thumb/v7e-m/nofp/libc_nano.a(libc_a-mprec.o)
                0x08002db4                _Balloc
 .text._Bfree   0x08002e34       0x44 /opt/gcc-arm-none-eabi/bin/../lib/gcc/arm-none-eabi/13.2.1/../../../../arm-none-eabi/lib/thumb/v7e-m/nofp/libc_nano.a(libc_a-mprec.o)
                0x08002e34                _Bfree
 .text.__multadd
                0x08002e78       0x8c /opt/gcc-arm-none-eabi/bin/../lib/gcc/arm-none-eabi/13.2.1/../../../../arm-none-eabi/lib/thumb/v7e-m/nofp/libc_nano.a(libc_a-mprec.o)
                0x08002e78                __multadd
 .text.__hi0bits
                0x08002f04       0x3e /opt/gcc-arm-none-eabi/bin/../lib/gcc/arm-none-eabi/13.2.1/../../../../arm-none-eabi/lib/thumb/v7e-m/nofp/libc_nano.a(libc_a-mprec.o)
                0x08002f04                __hi0bits
 .text.__lo0bits
                0x08002f42       0x5a /opt/gcc-arm-none-eabi/bin/../lib/gcc/arm-none-eabi/13.2.1/../../../../arm-none-eabi/lib/thumb/v7e-m/nofp/libc_nano.a(libc_a-mprec.o)
                0x08002f42                __lo0bits
 .text.__i2b    0x08002f9c       0x2c /opt/gcc-arm-none-eabi/bin/../lib/gcc/arm-none-eabi/13.2.1/../../../../arm-none-eabi/lib/thumb/v7e-m/nofp/libc_nano.a(libc_a-mprec.o)
                0x08002f9c                __i2b
 .text.__multiply
                0x08002fc8      0x144 /opt/gcc-arm-none-eabi/bin/../lib/gcc/arm-none-eabi/13.2.1/../../../../arm-none-eabi/lib/thumb/v7e-m/nofp/libc_nano.a(libc_a-mprec.o)
                0x08002fc8                __multiply
 .text.__pow5mult
                0x0800310c       0xb4 /opt/gcc-arm-none-eabi/bin/../lib/gcc/arm-none-eabi/13.2.1/../../../../arm-none-eabi/lib/thumb/v7e-m/nofp/libc_nano.a(libc_a-mprec.o)
                0x0800310c                __pow5mult
 .text.__lshift
                0x080031c0       0xd8 /opt/gcc-arm-none-eabi/bin/../lib/gcc/arm-none-eabi/13.2.1/../../../../arm-none-eabi/lib/thumb/v7e-m/nofp/libc_nano.a(libc_a-mprec.o)
                0x080031c0                __lshift
 .text.__mcmp   0x08003298       0x36 /opt/gcc-arm-none-eabi/bin/../lib/gcc/arm-none-eabi/13.2.1/../../../../arm-none-eabi/lib/thumb/v7e-m/nofp/libc_nano.a(libc_a-mprec.o)
                0x08003298                __mcmp
 *fill*         0x080032ce        0x2 
 .text.__mdiff  0x080032d0      0x124 /opt/gcc-arm-none-eabi/bin/../lib/gcc/arm-none-eabi/13.2.1/../../../../arm-none-eabi/lib/thumb/v7e-m/nofp/libc_nano.a(libc_a-mprec.o)
                0x080032d0                __mdiff
 .text.__d2b    0x080033f4       0xb0 /opt/gcc-arm-none-eabi/bin/../lib/gcc/arm-none-eabi/13.2.1/../../../../arm-none-eabi/lib/thumb/v7e-m/nofp/libc_nano.a(libc_a-mprec.o)
                0x080033f4                __d2b
 .text._calloc_r
                0x080034a4       0x28 /opt/gcc-arm-none-eabi/bin/../lib/gcc/arm-none-eabi/13.2.1/../../../../arm-none-eabi/lib/thumb/v7e-m/nofp/libc_nano.a(libc_a-callocr.o)
                0x080034a4                _calloc_r
 .text._sbrk_r  0x080034cc       0x20 /opt/gcc-arm-none-eabi/bin/../lib/gcc/arm-none-eabi/13.2.1/../../../../arm-none-eabi/lib/thumb/v7e-m/nofp/libc_nano.a(libc_a-sbrkr.o)
                0x080034cc                _sbrk_r
 .text._free_r  0x080034ec       0x94 /opt/gcc-arm-none-eabi/bin/../lib/gcc/arm-none-eabi/13.2.1/../../../../arm-none-eabi/lib/thumb/v7e-m/nofp/libc_nano.a(libc_a-freer.o)
                0x080034ec                _free_r
 .text.__sfputc_r
                0x08003580       0x2a /opt/gcc-arm-none-eabi/bin/../lib/gcc/arm-none-eabi/13.2.1/../../../../arm-none-eabi/lib/thumb/v7e-m/nofp/libc_nano.a(libc_a-nano-vfprintf.o)
 .text.__sfputs_r
                0x080035aa       0x24 /opt/gcc-arm-none-eabi/bin/../lib/gcc/arm-none-eabi/13.2.1/../../../../arm-none-eabi/lib/thumb/v7e-m/nofp/libc_nano.a(libc_a-nano-vfprintf.o)
                0x080035aa                __sfputs_r
 *fill*         0x080035ce        0x2 
 .text._vfprintf_r
                0x080035d0      0x230 /opt/gcc-arm-none-eabi/bin/../lib/gcc/arm-none-eabi/13.2.1/../../../../arm-none-eabi/lib/thumb/v7e-m/nofp/libc_nano.a(libc_a-nano-vfprintf.o)
                0x080035d0                _vfiprintf_r
                0x080035d0                _vfprintf_r
 .text.__swbuf_r
                0x08003800       0x7c /opt/gcc-arm-none-eabi/bin/../lib/gcc/arm-none-eabi/13.2.1/../../../../arm-none-eabi/lib/thumb/v7e-m/nofp/libc_nano.a(libc_a-wbuf.o)
                0x08003800                __swbuf_r
 .text.__swsetup_r
                0x0800387c       0xac /opt/gcc-arm-none-eabi/bin/../lib/gcc/arm-none-eabi/13.2.1/../../../../arm-none-eabi/lib/thumb/v7e-m/nofp/libc_nano.a(libc_a-wsetup.o)
                0x0800387c                __swsetup_r
 .text.__ascii_wctomb
                0x08003928       0x1a /opt/gcc-arm-none-eabi/bin/../lib/gcc/arm-none-eabi/13.2.1/../../../../arm-none-eabi/lib/thumb/v7e-m/nofp/libc_nano.a(libc_a-wctomb_r.o)
                0x08003928                __ascii_wctomb
 .text.abort    0x08003942        0xe /opt/gcc-arm-none-eabi/bin/../lib/gcc/arm-none-eabi/13.2.1/../../../../arm-none-eabi/lib/thumb/v7e-m/nofp/libc_nano.a(libc_a-abort.o)
                0x08003942                abort
 .text.__ascii_mbtowc
                0x08003950       0x24 /opt/gcc-arm-none-eabi/bin/../lib/gcc/arm-none-eabi/13.2.1/../../../../arm-none-eabi/lib/thumb/v7e-m/nofp/libc_nano.a(libc_a-mbtowc_r.o)
                0x08003950                __ascii_mbtowc
 .text.__swhatbuf_r
                0x08003974       0x4c /opt/gcc-arm-none-eabi/bin/../lib/gcc/arm-none-eabi/13.2.1/../../../../arm-none-eabi/lib/thumb/v7e-m/nofp/libc_nano.a(libc_a-makebuf.o)
                0x08003974                __swhatbuf_r
 .text.__smakebuf_r
                0x080039c0       0x78 /opt/gcc-arm-none-eabi/bin/../lib/gcc/arm-none-eabi/13.2.1/../../../../arm-none-eabi/lib/thumb/v7e-m/nofp/libc_nano.a(libc_a-makebuf.o)
                0x080039c0                __smakebuf_r
 .text._raise_r
                0x08003a38       0x50 /opt/gcc-arm-none-eabi/bin/../lib/gcc/arm-none-eabi/13.2.1/../../../../arm-none-eabi/lib/thumb/v7e-m/nofp/libc_nano.a(libc_a-signal.o)
                0x08003a38                _raise_r
 .text.raise    0x08003a88       0x10 /opt/gcc-arm-none-eabi/bin/../lib/gcc/arm-none-eabi/13.2.1/../../../../arm-none-eabi/lib/thumb/v7e-m/nofp/libc_nano.a(libc_a-signal.o)
                0x08003a88                raise
 .text._fstat_r
                0x08003a98       0x24 /opt/gcc-arm-none-eabi/bin/../lib/gcc/arm-none-eabi/13.2.1/../../../../arm-none-eabi/lib/thumb/v7e-m/nofp/libc_nano.a(libc_a-fstatr.o)
                0x08003a98                _fstat_r
 .text._isatty_r
                0x08003abc       0x20 /opt/gcc-arm-none-eabi/bin/../lib/gcc/arm-none-eabi/13.2.1/../../../../arm-none-eabi/lib/thumb/v7e-m/nofp/libc_nano.a(libc_a-isattyr.o)
                0x08003abc                _isatty_r
 .text._kill_r  0x08003adc       0x24 /opt/gcc-arm-none-eabi/bin/../lib/gcc/arm-none-eabi/13.2.1/../../../../arm-none-eabi/lib/thumb/v7e-m/nofp/libc_nano.a(libc_a-signalr.o)
                0x08003adc                _kill_r
 .text._getpid_r
                0x08003b00        0x4 /opt/gcc-arm-none-eabi/bin/../lib/gcc/arm-none-eabi/13.2.1/../../../../arm-none-eabi/lib/thumb/v7e-m/nofp/libc_nano.a(libc_a-signalr.o)
                0x08003b00                _getpid_r
 .text.HMC5883L_WriteReg
                0x08003b04       0x30 CMakeFiles/Drone.elf.dir/HARDWARE/src/HMC5883L.c.o
                0x08003b04                HMC5883L_WriteReg
 .text.HMC5883L_ReadTwoReg
                0x08003b34       0x50 CMakeFiles/Drone.elf.dir/HARDWARE/src/HMC5883L.c.o
                0x08003b34                HMC5883L_ReadTwoReg
 .text.HMC5883L_Init
                0x08003b84       0x22 CMakeFiles/Drone.elf.dir/HARDWARE/src/HMC5883L.c.o
                0x08003b84                HMC5883L_Init
 .text.HMC5883L_GetData
                0x08003ba6       0x1e CMakeFiles/Drone.elf.dir/HARDWARE/src/HMC5883L.c.o
                0x08003ba6                HMC5883L_GetData
 .text.MPU6050_WriteReg
                0x08003bc4       0x30 CMakeFiles/Drone.elf.dir/HARDWARE/src/MPU.c.o
                0x08003bc4                MPU6050_WriteReg
 .text.MPU6050_ReadTwoReg
                0x08003bf4       0x50 CMakeFiles/Drone.elf.dir/HARDWARE/src/MPU.c.o
                0x08003bf4                MPU6050_ReadTwoReg
 .text.MPU6050_Init
                0x08003c44       0x4a CMakeFiles/Drone.elf.dir/HARDWARE/src/MPU.c.o
                0x08003c44                MPU6050_Init
 .text.MPU6050_GetData
                0x08003c8e       0x36 CMakeFiles/Drone.elf.dir/HARDWARE/src/MPU.c.o
                0x08003c8e                MPU6050_GetData
 .text.ChangeDutyCycle
                0x08003cc4       0x34 CMakeFiles/Drone.elf.dir/HARDWARE/src/Moter.c.o
                0x08003cc4                ChangeDutyCycle
 .text.PWM_Init
                0x08003cf8       0xe8 CMakeFiles/Drone.elf.dir/HARDWARE/src/Moter.c.o
                0x08003cf8                PWM_Init
 .text.ChangeAccelrator
                0x08003de0       0x48 CMakeFiles/Drone.elf.dir/HARDWARE/src/Moter.c.o
                0x08003de0                ChangeAccelrator
 .text.MyI2C_W_SCL
                0x08003e28       0x1c CMakeFiles/Drone.elf.dir/HARDWARE/src/MyI2C.c.o
                0x08003e28                MyI2C_W_SCL
 .text.MyI2C_W_SDA
                0x08003e44       0x1c CMakeFiles/Drone.elf.dir/HARDWARE/src/MyI2C.c.o
                0x08003e44                MyI2C_W_SDA
 .text.MyI2C_R_SDA
                0x08003e60       0x18 CMakeFiles/Drone.elf.dir/HARDWARE/src/MyI2C.c.o
                0x08003e60                MyI2C_R_SDA
 .text.MyI2C_Init
                0x08003e78       0x50 CMakeFiles/Drone.elf.dir/HARDWARE/src/MyI2C.c.o
                0x08003e78                MyI2C_Init
 .text.MyI2C_Start
                0x08003ec8       0x1e CMakeFiles/Drone.elf.dir/HARDWARE/src/MyI2C.c.o
                0x08003ec8                MyI2C_Start
 .text.MyI2C_Stop
                0x08003ee6       0x18 CMakeFiles/Drone.elf.dir/HARDWARE/src/MyI2C.c.o
                0x08003ee6                MyI2C_Stop
 .text.MyI2C_SendByte
                0x08003efe       0x26 CMakeFiles/Drone.elf.dir/HARDWARE/src/MyI2C.c.o
                0x08003efe                MyI2C_SendByte
 .text.MyI2C_ReceiveByte
                0x08003f24       0x3a CMakeFiles/Drone.elf.dir/HARDWARE/src/MyI2C.c.o
                0x08003f24                MyI2C_ReceiveByte
 .text.MyI2C_SendAck
                0x08003f5e       0x16 CMakeFiles/Drone.elf.dir/HARDWARE/src/MyI2C.c.o
                0x08003f5e                MyI2C_SendAck
 .text.MyI2C_ReceiveAck
                0x08003f74       0x1e CMakeFiles/Drone.elf.dir/HARDWARE/src/MyI2C.c.o
                0x08003f74                MyI2C_ReceiveAck
 *fill*         0x08003f92        0x2 
 .text.Receiver_Init
                0x08003f94       0xbc CMakeFiles/Drone.elf.dir/HARDWARE/src/Receiver.c.o
                0x08003f94                Receiver_Init
 .text.TIM1_CC_IRQHandler
                0x08004050       0x4c CMakeFiles/Drone.elf.dir/HARDWARE/src/Receiver.c.o
                0x08004050                TIM1_CC_IRQHandler
 .text.Serial_Init
                0x0800409c       0xd4 CMakeFiles/Drone.elf.dir/HARDWARE/src/Serial.c.o
                0x0800409c                Serial_Init
 .text.Serial_SendByte
                0x08004170       0x10 CMakeFiles/Drone.elf.dir/HARDWARE/src/Serial.c.o
                0x08004170                Serial_SendByte
 .text.Serial_SendArray
                0x08004180       0x16 CMakeFiles/Drone.elf.dir/HARDWARE/src/Serial.c.o
                0x08004180                Serial_SendArray
 .text.Serial_SendNumber
                0x08004196       0x32 CMakeFiles/Drone.elf.dir/HARDWARE/src/Serial.c.o
                0x08004196                Serial_SendNumber
 .text.USART1_IRQHandler
                0x080041c8       0x34 CMakeFiles/Drone.elf.dir/HARDWARE/src/Serial.c.o
                0x080041c8                USART1_IRQHandler
 .text.Delay_us
                0x080041fc       0x1e CMakeFiles/Drone.elf.dir/SYSTEM/src/Delay.c.o
                0x080041fc                Delay_us
 *fill*         0x0800421a        0x2 
 .text.startup.main
                0x0800421c       0xd4 CMakeFiles/Drone.elf.dir/USER/src/main.c.o
                0x0800421c                main
 .text.NMI_Handler
                0x080042f0        0x2 CMakeFiles/Drone.elf.dir/USER/src/stm32f4xx_it.c.o
                0x080042f0                NMI_Handler
 .text.HardFault_Handler
                0x080042f2        0x2 CMakeFiles/Drone.elf.dir/USER/src/stm32f4xx_it.c.o
                0x080042f2                HardFault_Handler
 .text.MemManage_Handler
                0x080042f4        0x2 CMakeFiles/Drone.elf.dir/USER/src/stm32f4xx_it.c.o
                0x080042f4                MemManage_Handler
 .text.BusFault_Handler
                0x080042f6        0x2 CMakeFiles/Drone.elf.dir/USER/src/stm32f4xx_it.c.o
                0x080042f6                BusFault_Handler
 .text.UsageFault_Handler
                0x080042f8        0x2 CMakeFiles/Drone.elf.dir/USER/src/stm32f4xx_it.c.o
                0x080042f8                UsageFault_Handler
 .text.SVC_Handler
                0x080042fa        0x2 CMakeFiles/Drone.elf.dir/USER/src/stm32f4xx_it.c.o
                0x080042fa                SVC_Handler
 .text.DebugMon_Handler
                0x080042fc        0x2 CMakeFiles/Drone.elf.dir/USER/src/stm32f4xx_it.c.o
                0x080042fc                DebugMon_Handler
 *fill*         0x080042fe        0x2 
 .text.SystemInit
                0x08004300       0xe0 CMakeFiles/Drone.elf.dir/USER/src/system_stm32f4xx.c.o
                0x08004300                SystemInit
 .text.App_TaskSwHook
                0x080043e0        0x2 CMakeFiles/Drone.elf.dir/os/src/app_hooks.c.o
                0x080043e0                App_TaskSwHook
 .text.App_TimeTickHook
                0x080043e2        0x2 CMakeFiles/Drone.elf.dir/os/src/app_hooks.c.o
                0x080043e2                App_TimeTickHook
 .text.OS_SchedNew
                0x080043e4       0x28 CMakeFiles/Drone.elf.dir/os/src/os_core.c.o
 .text.OSIntEnter
                0x0800440c       0x20 CMakeFiles/Drone.elf.dir/os/src/os_core.c.o
                0x0800440c                OSIntEnter
 .text.OSIntExit
                0x0800442c       0x84 CMakeFiles/Drone.elf.dir/os/src/os_core.c.o
                0x0800442c                OSIntExit
 .text.OSTimeTick
                0x080044b0       0xb4 CMakeFiles/Drone.elf.dir/os/src/os_core.c.o
                0x080044b0                OSTimeTick
 .text.OS_EventTaskRemove
                0x08004564       0x28 CMakeFiles/Drone.elf.dir/os/src/os_core.c.o
                0x08004564                OS_EventTaskRemove
 .text.OS_EventTaskRemoveMulti
                0x0800458c       0x2e CMakeFiles/Drone.elf.dir/os/src/os_core.c.o
                0x0800458c                OS_EventTaskRemoveMulti
 *fill*         0x080045ba        0x2 
 .text.OS_EventTaskRdy
                0x080045bc       0x78 CMakeFiles/Drone.elf.dir/os/src/os_core.c.o
                0x080045bc                OS_EventTaskRdy
 .text.OS_Sched
                0x08004634       0x68 CMakeFiles/Drone.elf.dir/os/src/os_core.c.o
                0x08004634                OS_Sched
 .text.OSTaskSwHook
                0x0800469c        0x4 CMakeFiles/Drone.elf.dir/os/src/os_cpu_c.c.o
                0x0800469c                OSTaskSwHook
 .text.OSTimeTickHook
                0x080046a0       0x28 CMakeFiles/Drone.elf.dir/os/src/os_cpu_c.c.o
                0x080046a0                OSTimeTickHook
 .text.SysTick_Handler
                0x080046c8       0x20 CMakeFiles/Drone.elf.dir/os/src/os_cpu_c.c.o
                0x080046c8                SysTick_Handler
 .text.OSSemPost
                0x080046e8       0x56 CMakeFiles/Drone.elf.dir/os/src/os_sem.c.o
                0x080046e8                OSSemPost
 *fill*         0x0800473e        0x2 
 .text.OSTmrSignal
                0x08004740        0xc CMakeFiles/Drone.elf.dir/os/src/os_tmr.c.o
                0x08004740                OSTmrSignal
 .text.Reset_Handler
                0x0800474c       0x50 CMakeFiles/Drone.elf.dir/CORE/startup_stm32f401xe.s.o
                0x0800474c                Reset_Handler
 .text.Default_Handler
                0x0800479c        0x2 CMakeFiles/Drone.elf.dir/CORE/startup_stm32f401xe.s.o
                0x0800479c                RTC_Alarm_IRQHandler
                0x0800479c                EXTI2_IRQHandler
                0x0800479c                SPI4_IRQHandler
                0x0800479c                DMA2_Stream5_IRQHandler
                0x0800479c                DMA1_Stream5_IRQHandler
                0x0800479c                PVD_IRQHandler
                0x0800479c                SDIO_IRQHandler
                0x0800479c                TAMP_STAMP_IRQHandler
                0x0800479c                EXTI3_IRQHandler
                0x0800479c                TIM1_UP_TIM10_IRQHandler
                0x0800479c                I2C3_ER_IRQHandler
                0x0800479c                EXTI0_IRQHandler
                0x0800479c                I2C2_EV_IRQHandler
                0x0800479c                DMA1_Stream2_IRQHandler
                0x0800479c                FPU_IRQHandler
                0x0800479c                DMA2_Stream2_IRQHandler
                0x0800479c                SPI1_IRQHandler
                0x0800479c                TIM1_BRK_TIM9_IRQHandler
                0x0800479c                DMA2_Stream3_IRQHandler
                0x0800479c                USART6_IRQHandler
                0x0800479c                DMA2_Stream0_IRQHandler
                0x0800479c                TIM4_IRQHandler
                0x0800479c                I2C1_EV_IRQHandler
                0x0800479c                DMA1_Stream6_IRQHandler
                0x0800479c                DMA1_Stream1_IRQHandler
                0x0800479c                TIM3_IRQHandler
                0x0800479c                RCC_IRQHandler
                0x0800479c                Default_Handler
                0x0800479c                EXTI15_10_IRQHandler
                0x0800479c                ADC_IRQHandler
                0x0800479c                DMA1_Stream7_IRQHandler
                0x0800479c                TIM5_IRQHandler
                0x0800479c                DMA2_Stream7_IRQHandler
                0x0800479c                I2C3_EV_IRQHandler
                0x0800479c                EXTI9_5_IRQHandler
                0x0800479c                RTC_WKUP_IRQHandler
                0x0800479c                SPI2_IRQHandler
                0x0800479c                DMA1_Stream0_IRQHandler
                0x0800479c                EXTI4_IRQHandler
                0x0800479c                WWDG_IRQHandler
                0x0800479c                TIM2_IRQHandler
                0x0800479c                OTG_FS_WKUP_IRQHandler
                0x0800479c                TIM1_TRG_COM_TIM11_IRQHandler
                0x0800479c                EXTI1_IRQHandler
                0x0800479c                USART2_IRQHandler
                0x0800479c                I2C2_ER_IRQHandler
                0x0800479c                DMA2_Stream1_IRQHandler
                0x0800479c                FLASH_IRQHandler
                0x0800479c                DMA2_Stream4_IRQHandler
                0x0800479c                OTG_FS_IRQHandler
                0x0800479c                SPI3_IRQHandler
                0x0800479c                DMA1_Stream4_IRQHandler
                0x0800479c                I2C1_ER_IRQHandler
                0x0800479c                DMA2_Stream6_IRQHandler
                0x0800479c                DMA1_Stream3_IRQHandler
 *fill*         0x0800479e        0x2 
 .text._exit    0x080047a0       0x14 /opt/gcc-arm-none-eabi/bin/../lib/gcc/arm-none-eabi/13.2.1/../../../../arm-none-eabi/lib/thumb/v7e-m/nofp/librdimon_nano.a(arm_librdimon_a-_exit.o)
                0x080047a0                _exit
 .text._kill_shared
                0x080047b4       0x26 /opt/gcc-arm-none-eabi/bin/../lib/gcc/arm-none-eabi/13.2.1/../../../../arm-none-eabi/lib/thumb/v7e-m/nofp/librdimon_nano.a(arm_librdimon_a-_kill.o)
                0x080047b4                _kill_shared
 *fill*         0x080047da        0x2 
 .text._kill    0x080047dc       0x18 /opt/gcc-arm-none-eabi/bin/../lib/gcc/arm-none-eabi/13.2.1/../../../../arm-none-eabi/lib/thumb/v7e-m/nofp/librdimon_nano.a(arm_librdimon_a-_kill.o)
                0x080047dc                _kill
 .text.findslot
                0x080047f4       0x34 /opt/gcc-arm-none-eabi/bin/../lib/gcc/arm-none-eabi/13.2.1/../../../../arm-none-eabi/lib/thumb/v7e-m/nofp/librdimon_nano.a(arm_librdimon_a-syscalls.o)
 .text.error    0x08004828       0x1c /opt/gcc-arm-none-eabi/bin/../lib/gcc/arm-none-eabi/13.2.1/../../../../arm-none-eabi/lib/thumb/v7e-m/nofp/librdimon_nano.a(arm_librdimon_a-syscalls.o)
 .text.checkerror
                0x08004844        0xa /opt/gcc-arm-none-eabi/bin/../lib/gcc/arm-none-eabi/13.2.1/../../../../arm-none-eabi/lib/thumb/v7e-m/nofp/librdimon_nano.a(arm_librdimon_a-syscalls.o)
 .text._swiread
                0x0800484e       0x20 /opt/gcc-arm-none-eabi/bin/../lib/gcc/arm-none-eabi/13.2.1/../../../../arm-none-eabi/lib/thumb/v7e-m/nofp/librdimon_nano.a(arm_librdimon_a-syscalls.o)
                0x0800484e                _swiread
 .text._read    0x0800486e       0x34 /opt/gcc-arm-none-eabi/bin/../lib/gcc/arm-none-eabi/13.2.1/../../../../arm-none-eabi/lib/thumb/v7e-m/nofp/librdimon_nano.a(arm_librdimon_a-syscalls.o)
                0x0800486e                _read
 .text._swilseek
                0x080048a2       0x78 /opt/gcc-arm-none-eabi/bin/../lib/gcc/arm-none-eabi/13.2.1/../../../../arm-none-eabi/lib/thumb/v7e-m/nofp/librdimon_nano.a(arm_librdimon_a-syscalls.o)
                0x080048a2                _swilseek
 .text._lseek   0x0800491a        0x4 /opt/gcc-arm-none-eabi/bin/../lib/gcc/arm-none-eabi/13.2.1/../../../../arm-none-eabi/lib/thumb/v7e-m/nofp/librdimon_nano.a(arm_librdimon_a-syscalls.o)
                0x0800491a                _lseek
 .text._swiwrite
                0x0800491e       0x20 /opt/gcc-arm-none-eabi/bin/../lib/gcc/arm-none-eabi/13.2.1/../../../../arm-none-eabi/lib/thumb/v7e-m/nofp/librdimon_nano.a(arm_librdimon_a-syscalls.o)
                0x0800491e                _swiwrite
 .text._write   0x0800493e       0x40 /opt/gcc-arm-none-eabi/bin/../lib/gcc/arm-none-eabi/13.2.1/../../../../arm-none-eabi/lib/thumb/v7e-m/nofp/librdimon_nano.a(arm_librdimon_a-syscalls.o)
                0x0800493e                _write
 .text._swiclose
                0x0800497e       0x1a /opt/gcc-arm-none-eabi/bin/../lib/gcc/arm-none-eabi/13.2.1/../../../../arm-none-eabi/lib/thumb/v7e-m/nofp/librdimon_nano.a(arm_librdimon_a-syscalls.o)
                0x0800497e                _swiclose
 .text._close   0x08004998       0x4c /opt/gcc-arm-none-eabi/bin/../lib/gcc/arm-none-eabi/13.2.1/../../../../arm-none-eabi/lib/thumb/v7e-m/nofp/librdimon_nano.a(arm_librdimon_a-syscalls.o)
                0x08004998                _close
 .text._getpid  0x080049e4        0x4 /opt/gcc-arm-none-eabi/bin/../lib/gcc/arm-none-eabi/13.2.1/../../../../arm-none-eabi/lib/thumb/v7e-m/nofp/librdimon_nano.a(arm_librdimon_a-syscalls.o)
                0x080049e4                _getpid
 .text._sbrk    0x080049e8       0x48 /opt/gcc-arm-none-eabi/bin/../lib/gcc/arm-none-eabi/13.2.1/../../../../arm-none-eabi/lib/thumb/v7e-m/nofp/librdimon_nano.a(arm_librdimon_a-syscalls.o)
                0x080049e8                _sbrk
 .text._swistat
                0x08004a30       0x42 /opt/gcc-arm-none-eabi/bin/../lib/gcc/arm-none-eabi/13.2.1/../../../../arm-none-eabi/lib/thumb/v7e-m/nofp/librdimon_nano.a(arm_librdimon_a-syscalls.o)
                0x08004a30                _swistat
 .text._fstat   0x08004a72       0x1c /opt/gcc-arm-none-eabi/bin/../lib/gcc/arm-none-eabi/13.2.1/../../../../arm-none-eabi/lib/thumb/v7e-m/nofp/librdimon_nano.a(arm_librdimon_a-syscalls.o)
                0x08004a72                _fstat
 .text._stat    0x08004a8e       0x3a /opt/gcc-arm-none-eabi/bin/../lib/gcc/arm-none-eabi/13.2.1/../../../../arm-none-eabi/lib/thumb/v7e-m/nofp/librdimon_nano.a(arm_librdimon_a-syscalls.o)
                0x08004a8e                _stat
 .text._swiopen
                0x08004ac8       0xb4 /opt/gcc-arm-none-eabi/bin/../lib/gcc/arm-none-eabi/13.2.1/../../../../arm-none-eabi/lib/thumb/v7e-m/nofp/librdimon_nano.a(arm_librdimon_a-syscalls.o)
                0x08004ac8                _swiopen
 .text._get_semihosting_exts
                0x08004b7c       0xb4 /opt/gcc-arm-none-eabi/bin/../lib/gcc/arm-none-eabi/13.2.1/../../../../arm-none-eabi/lib/thumb/v7e-m/nofp/librdimon_nano.a(arm_librdimon_a-syscalls.o)
                0x08004b7c                _get_semihosting_exts
 .text.initialise_semihosting_exts
                0x08004c30       0x34 /opt/gcc-arm-none-eabi/bin/../lib/gcc/arm-none-eabi/13.2.1/../../../../arm-none-eabi/lib/thumb/v7e-m/nofp/librdimon_nano.a(arm_librdimon_a-syscalls.o)
 .text._has_ext_exit_extended
                0x08004c64       0x18 /opt/gcc-arm-none-eabi/bin/../lib/gcc/arm-none-eabi/13.2.1/../../../../arm-none-eabi/lib/thumb/v7e-m/nofp/librdimon_nano.a(arm_librdimon_a-syscalls.o)
                0x08004c64                _has_ext_exit_extended
 .text._isatty  0x08004c7c       0x3a /opt/gcc-arm-none-eabi/bin/../lib/gcc/arm-none-eabi/13.2.1/../../../../arm-none-eabi/lib/thumb/v7e-m/nofp/librdimon_nano.a(arm_librdimon_a-syscalls.o)
                0x08004c7c                _isatty
 *fill*         0x08004cb6        0x2 
 .text.__errno  0x08004cb8        0xc /opt/gcc-arm-none-eabi/bin/../lib/gcc/arm-none-eabi/13.2.1/../../../../arm-none-eabi/lib/thumb/v7e-m/nofp/libc_nano.a(libc_a-errno.o)
                0x08004cb8                __errno
 *(.glue_7)
 .glue_7        0x08004cc4        0x0 linker stubs
 *(.glue_7t)
 .glue_7t       0x08004cc4        0x0 linker stubs
 *(.eh_frame)
 .eh_frame      0x08004cc4        0x0 /opt/gcc-arm-none-eabi/bin/../lib/gcc/arm-none-eabi/13.2.1/thumb/v7e-m/nofp/crtbegin.o
 *(.init)
 .init          0x08004cc4        0x4 /opt/gcc-arm-none-eabi/bin/../lib/gcc/arm-none-eabi/13.2.1/thumb/v7e-m/nofp/crti.o
                0x08004cc4                _init
 .init          0x08004cc8        0x8 /opt/gcc-arm-none-eabi/bin/../lib/gcc/arm-none-eabi/13.2.1/thumb/v7e-m/nofp/crtn.o
 *(.fini)
 .fini          0x08004cd0        0x4 /opt/gcc-arm-none-eabi/bin/../lib/gcc/arm-none-eabi/13.2.1/thumb/v7e-m/nofp/crti.o
                0x08004cd0                _fini
 .fini          0x08004cd4        0x8 /opt/gcc-arm-none-eabi/bin/../lib/gcc/arm-none-eabi/13.2.1/thumb/v7e-m/nofp/crtn.o
                0x08004cdc                        . = ALIGN (0x4)
                0x08004cdc                        _etext = .

.vfp11_veneer   0x08004cdc        0x0
 .vfp11_veneer  0x08004cdc        0x0 linker stubs

.v4_bx          0x08004cdc        0x0
 .v4_bx         0x08004cdc        0x0 linker stubs

.iplt           0x08004cdc        0x0
 .iplt          0x08004cdc        0x0 /opt/gcc-arm-none-eabi/bin/../lib/gcc/arm-none-eabi/13.2.1/thumb/v7e-m/nofp/crtbegin.o

.rodata         0x08004ce0      0x494
                0x08004ce0                        . = ALIGN (0x4)
 *(.rodata)
 *(.rodata*)
 .rodata._printf_float.str1.1
                0x08004ce0      0x193 /opt/gcc-arm-none-eabi/bin/../lib/gcc/arm-none-eabi/13.2.1/../../../../arm-none-eabi/lib/thumb/v7e-m/nofp/libc_nano.a(libc_a-nano-vfprintf_float.o)
                                 0x12 (size before relaxing)
 .rodata._printf_i.str1.1
                0x08004e73       0x22 /opt/gcc-arm-none-eabi/bin/../lib/gcc/arm-none-eabi/13.2.1/../../../../arm-none-eabi/lib/thumb/v7e-m/nofp/libc_nano.a(libc_a-nano-vfprintf_i.o)
 .rodata._dtoa_r.str1.1
                0x08004e73       0x90 /opt/gcc-arm-none-eabi/bin/../lib/gcc/arm-none-eabi/13.2.1/../../../../arm-none-eabi/lib/thumb/v7e-m/nofp/libc_nano.a(libc_a-dtoa.o)
 .rodata.__assert_func.str1.1
                0x08004e73       0x3d /opt/gcc-arm-none-eabi/bin/../lib/gcc/arm-none-eabi/13.2.1/../../../../arm-none-eabi/lib/thumb/v7e-m/nofp/libc_nano.a(libc_a-assert.o)
 .rodata._Balloc.str1.1
                0x08004e73       0x71 /opt/gcc-arm-none-eabi/bin/../lib/gcc/arm-none-eabi/13.2.1/../../../../arm-none-eabi/lib/thumb/v7e-m/nofp/libc_nano.a(libc_a-mprec.o)
 .rodata.__multadd.str1.1
                0x08004e73       0x11 /opt/gcc-arm-none-eabi/bin/../lib/gcc/arm-none-eabi/13.2.1/../../../../arm-none-eabi/lib/thumb/v7e-m/nofp/libc_nano.a(libc_a-mprec.o)
 *fill*         0x08004e73        0x1 
 .rodata.p05.0  0x08004e74        0xc /opt/gcc-arm-none-eabi/bin/../lib/gcc/arm-none-eabi/13.2.1/../../../../arm-none-eabi/lib/thumb/v7e-m/nofp/libc_nano.a(libc_a-mprec.o)
 .rodata.__mprec_bigtens
                0x08004e80       0x28 /opt/gcc-arm-none-eabi/bin/../lib/gcc/arm-none-eabi/13.2.1/../../../../arm-none-eabi/lib/thumb/v7e-m/nofp/libc_nano.a(libc_a-mprec.o)
                0x08004e80                __mprec_bigtens
 .rodata.__mprec_tens
                0x08004ea8       0xc8 /opt/gcc-arm-none-eabi/bin/../lib/gcc/arm-none-eabi/13.2.1/../../../../arm-none-eabi/lib/thumb/v7e-m/nofp/libc_nano.a(libc_a-mprec.o)
                0x08004ea8                __mprec_tens
 .rodata._setlocale_r.str1.1
                0x08004f70        0x9 /opt/gcc-arm-none-eabi/bin/../lib/gcc/arm-none-eabi/13.2.1/../../../../arm-none-eabi/lib/thumb/v7e-m/nofp/libc_nano.a(libc_a-locale.o)
 .rodata.str1.1
                0x08004f70        0x2 /opt/gcc-arm-none-eabi/bin/../lib/gcc/arm-none-eabi/13.2.1/../../../../arm-none-eabi/lib/thumb/v7e-m/nofp/libc_nano.a(libc_a-locale.o)
 .rodata._vfprintf_r.str1.1
                0x08004f70       0x11 /opt/gcc-arm-none-eabi/bin/../lib/gcc/arm-none-eabi/13.2.1/../../../../arm-none-eabi/lib/thumb/v7e-m/nofp/libc_nano.a(libc_a-nano-vfprintf.o)
 .rodata._ctype_
                0x08004f70      0x101 /opt/gcc-arm-none-eabi/bin/../lib/gcc/arm-none-eabi/13.2.1/../../../../arm-none-eabi/lib/thumb/v7e-m/nofp/libc_nano.a(libc_a-ctype_.o)
                0x08004f70                _ctype_
 .rodata.main.str1.1
                0x08005071        0xa CMakeFiles/Drone.elf.dir/USER/src/main.c.o
 .rodata.OSUnMapTbl
                0x08005071      0x100 CMakeFiles/Drone.elf.dir/os/src/os_core.c.o
                0x08005071                OSUnMapTbl
 .rodata._get_semihosting_exts.str1.1
                0x08005171       0x16 /opt/gcc-arm-none-eabi/bin/../lib/gcc/arm-none-eabi/13.2.1/../../../../arm-none-eabi/lib/thumb/v7e-m/nofp/librdimon_nano.a(arm_librdimon_a-syscalls.o)
                0x08005188                        . = ALIGN (0x4)
 *fill*         0x08005171        0x3 

.ARM.extab
 *(.ARM.extab* .gnu.linkonce.armextab.*)

.ARM            0x08005174        0x8
                0x08005174                        __exidx_start = .
 *(.ARM.exidx*)
 .ARM.exidx     0x08005174        0x8 /opt/gcc-arm-none-eabi/bin/../lib/gcc/arm-none-eabi/13.2.1/../../../../arm-none-eabi/lib/thumb/v7e-m/nofp/libc_nano.a(libc_a-memchr.o)
 .ARM.exidx     0x0800517c        0x0 /opt/gcc-arm-none-eabi/bin/../lib/gcc/arm-none-eabi/13.2.1/../../../../arm-none-eabi/lib/thumb/v7e-m/nofp/libc_nano.a(libc_a-strlen.o)
                                  0x8 (size before relaxing)
                0x0800517c                        __exidx_end = .

.rel.dyn        0x0800517c        0x0
 .rel.iplt      0x0800517c        0x0 /opt/gcc-arm-none-eabi/bin/../lib/gcc/arm-none-eabi/13.2.1/thumb/v7e-m/nofp/crtbegin.o

.preinit_array  0x0800517c        0x0
                0x0800517c                        PROVIDE (__preinit_array_start = .)
 *(.preinit_array*)
                0x0800517c                        PROVIDE (__preinit_array_end = .)

.init_array     0x0800517c        0x4
                0x0800517c                        PROVIDE (__init_array_start = .)
 *(SORT_BY_NAME(.init_array.*))
 *(.init_array*)
 .init_array    0x0800517c        0x4 /opt/gcc-arm-none-eabi/bin/../lib/gcc/arm-none-eabi/13.2.1/thumb/v7e-m/nofp/crtbegin.o
                0x08005180                        PROVIDE (__init_array_end = .)

.fini_array     0x08005180        0x4
                [!provide]                        PROVIDE (__fini_array_start = .)
 *(SORT_BY_NAME(.fini_array.*))
 *(.fini_array*)
 .fini_array    0x08005180        0x4 /opt/gcc-arm-none-eabi/bin/../lib/gcc/arm-none-eabi/13.2.1/thumb/v7e-m/nofp/crtbegin.o
                [!provide]                        PROVIDE (__fini_array_end = .)
                0x08005184                        _sidata = LOADADDR (.data)

.data           0x20000000      0x1d4 load address 0x08005184
                0x20000000                        . = ALIGN (0x4)
                0x20000000                        _sdata = .
 *(.data)
 *(.data*)
 .data.__sglue  0x20000000        0xc /opt/gcc-arm-none-eabi/bin/../lib/gcc/arm-none-eabi/13.2.1/../../../../arm-none-eabi/lib/thumb/v7e-m/nofp/libc_nano.a(libc_a-findfp.o)
                0x20000000                __sglue
 .data._impure_ptr
                0x2000000c        0x4 /opt/gcc-arm-none-eabi/bin/../lib/gcc/arm-none-eabi/13.2.1/../../../../arm-none-eabi/lib/thumb/v7e-m/nofp/libc_nano.a(libc_a-impure.o)
                0x2000000c                _impure_ptr
 .data._impure_data
                0x20000010       0x4c /opt/gcc-arm-none-eabi/bin/../lib/gcc/arm-none-eabi/13.2.1/../../../../arm-none-eabi/lib/thumb/v7e-m/nofp/libc_nano.a(libc_a-impure.o)
                0x20000010                _impure_data
 .data.__global_locale
                0x2000005c      0x16c /opt/gcc-arm-none-eabi/bin/../lib/gcc/arm-none-eabi/13.2.1/../../../../arm-none-eabi/lib/thumb/v7e-m/nofp/libc_nano.a(libc_a-locale.o)
                0x2000005c                __global_locale
 .data.__heap_limit
                0x200001c8        0x4 /opt/gcc-arm-none-eabi/bin/../lib/gcc/arm-none-eabi/13.2.1/../../../../arm-none-eabi/lib/thumb/v7e-m/nofp/librdimon_nano.a(arm_librdimon_a-syscalls.o)
                0x200001c8                __heap_limit
 .data.supports_ext_stdout_stderr
                0x200001cc        0x4 /opt/gcc-arm-none-eabi/bin/../lib/gcc/arm-none-eabi/13.2.1/../../../../arm-none-eabi/lib/thumb/v7e-m/nofp/librdimon_nano.a(arm_librdimon_a-syscalls.o)
 .data.supports_ext_exit_extended
                0x200001d0        0x4 /opt/gcc-arm-none-eabi/bin/../lib/gcc/arm-none-eabi/13.2.1/../../../../arm-none-eabi/lib/thumb/v7e-m/nofp/librdimon_nano.a(arm_librdimon_a-syscalls.o)
                0x200001d4                        . = ALIGN (0x4)
                0x200001d4                        _edata = .

.tm_clone_table
                0x200001d4        0x0 load address 0x08005358
 .tm_clone_table
                0x200001d4        0x0 /opt/gcc-arm-none-eabi/bin/../lib/gcc/arm-none-eabi/13.2.1/thumb/v7e-m/nofp/crtbegin.o
 .tm_clone_table
                0x200001d4        0x0 /opt/gcc-arm-none-eabi/bin/../lib/gcc/arm-none-eabi/13.2.1/thumb/v7e-m/nofp/crtend.o

.igot.plt       0x200001d4        0x0 load address 0x08005358
 .igot.plt      0x200001d4        0x0 /opt/gcc-arm-none-eabi/bin/../lib/gcc/arm-none-eabi/13.2.1/thumb/v7e-m/nofp/crtbegin.o
                0x200001d4                        . = ALIGN (0x4)

.bss            0x200001d4      0x374 load address 0x08005358
                0x200001d4                        _sbss = .
                0x200001d4                        __bss_start__ = _sbss
 *(.bss)
 *(.bss*)
 .bss.completed.1
                0x200001d4        0x1 /opt/gcc-arm-none-eabi/bin/../lib/gcc/arm-none-eabi/13.2.1/thumb/v7e-m/nofp/crtbegin.o
 *fill*         0x200001d5        0x3 
 .bss.object.0  0x200001d8       0x18 /opt/gcc-arm-none-eabi/bin/../lib/gcc/arm-none-eabi/13.2.1/thumb/v7e-m/nofp/crtbegin.o
 .bss.__sf      0x200001f0      0x138 /opt/gcc-arm-none-eabi/bin/../lib/gcc/arm-none-eabi/13.2.1/../../../../arm-none-eabi/lib/thumb/v7e-m/nofp/libc_nano.a(libc_a-findfp.o)
                0x200001f0                __sf
 .bss.__stdio_exit_handler
                0x20000328        0x4 /opt/gcc-arm-none-eabi/bin/../lib/gcc/arm-none-eabi/13.2.1/../../../../arm-none-eabi/lib/thumb/v7e-m/nofp/libc_nano.a(libc_a-findfp.o)
                0x20000328                __stdio_exit_handler
 .bss.__lock___malloc_recursive_mutex
                0x2000032c        0x1 /opt/gcc-arm-none-eabi/bin/../lib/gcc/arm-none-eabi/13.2.1/../../../../arm-none-eabi/lib/thumb/v7e-m/nofp/libc_nano.a(libc_a-lock.o)
                0x2000032c                __lock___malloc_recursive_mutex
 .bss.__lock___sfp_recursive_mutex
                0x2000032d        0x1 /opt/gcc-arm-none-eabi/bin/../lib/gcc/arm-none-eabi/13.2.1/../../../../arm-none-eabi/lib/thumb/v7e-m/nofp/libc_nano.a(libc_a-lock.o)
                0x2000032d                __lock___sfp_recursive_mutex
 *fill*         0x2000032e        0x2 
 .bss.errno     0x20000330        0x4 /opt/gcc-arm-none-eabi/bin/../lib/gcc/arm-none-eabi/13.2.1/../../../../arm-none-eabi/lib/thumb/v7e-m/nofp/libc_nano.a(libc_a-reent.o)
                0x20000330                errno
 .bss.__malloc_sbrk_start
                0x20000334        0x4 /opt/gcc-arm-none-eabi/bin/../lib/gcc/arm-none-eabi/13.2.1/../../../../arm-none-eabi/lib/thumb/v7e-m/nofp/libc_nano.a(libc_a-mallocr.o)
                0x20000334                __malloc_sbrk_start
 .bss.__malloc_free_list
                0x20000338        0x4 /opt/gcc-arm-none-eabi/bin/../lib/gcc/arm-none-eabi/13.2.1/../../../../arm-none-eabi/lib/thumb/v7e-m/nofp/libc_nano.a(libc_a-mallocr.o)
                0x20000338                __malloc_free_list
 .bss.HMC_Data_Structure
                0x2000033c        0x6 CMakeFiles/Drone.elf.dir/HARDWARE/src/HMC5883L.c.o
                0x2000033c                HMC_Data_Structure
 .bss.MPU_Data_Structure
                0x20000342        0xc CMakeFiles/Drone.elf.dir/HARDWARE/src/MPU.c.o
                0x20000342                MPU_Data_Structure
 .bss.motor     0x2000034e        0x8 CMakeFiles/Drone.elf.dir/HARDWARE/src/Moter.c.o
                0x2000034e                motor
 .bss.receiver  0x20000356       0x14 CMakeFiles/Drone.elf.dir/HARDWARE/src/Receiver.c.o
                0x20000356                receiver
 .bss.Serial_RxFlag
                0x2000036a        0x1 CMakeFiles/Drone.elf.dir/HARDWARE/src/Serial.c.o
                0x2000036a                Serial_RxFlag
 .bss.Serial_RxData
                0x2000036b        0x1 CMakeFiles/Drone.elf.dir/HARDWARE/src/Serial.c.o
                0x2000036b                Serial_RxData
 .bss.OSTmrSemSignal
                0x2000036c        0x4 CMakeFiles/Drone.elf.dir/os/src/os_core.c.o
                0x2000036c                OSTmrSemSignal
 .bss.OSTime    0x20000370        0x4 CMakeFiles/Drone.elf.dir/os/src/os_core.c.o
                0x20000370                OSTime
 .bss.OSTickStepState
                0x20000374        0x1 CMakeFiles/Drone.elf.dir/os/src/os_core.c.o
                0x20000374                OSTickStepState
 *fill*         0x20000375        0x3 
 .bss.OSTCBPrioTbl
                0x20000378      0x100 CMakeFiles/Drone.elf.dir/os/src/os_core.c.o
                0x20000378                OSTCBPrioTbl
 .bss.OSTCBList
                0x20000478        0x4 CMakeFiles/Drone.elf.dir/os/src/os_core.c.o
                0x20000478                OSTCBList
 .bss.OSTCBHighRdy
                0x2000047c        0x4 CMakeFiles/Drone.elf.dir/os/src/os_core.c.o
                0x2000047c                OSTCBHighRdy
 .bss.OSTCBCur  0x20000480        0x4 CMakeFiles/Drone.elf.dir/os/src/os_core.c.o
                0x20000480                OSTCBCur
 .bss.OSRunning
                0x20000484        0x1 CMakeFiles/Drone.elf.dir/os/src/os_core.c.o
                0x20000484                OSRunning
 .bss.OSRdyTbl  0x20000485        0x8 CMakeFiles/Drone.elf.dir/os/src/os_core.c.o
                0x20000485                OSRdyTbl
 .bss.OSRdyGrp  0x2000048d        0x1 CMakeFiles/Drone.elf.dir/os/src/os_core.c.o
                0x2000048d                OSRdyGrp
 .bss.OSPrioHighRdy
                0x2000048e        0x1 CMakeFiles/Drone.elf.dir/os/src/os_core.c.o
                0x2000048e                OSPrioHighRdy
 .bss.OSPrioCur
                0x2000048f        0x1 CMakeFiles/Drone.elf.dir/os/src/os_core.c.o
                0x2000048f                OSPrioCur
 .bss.OSLockNesting
                0x20000490        0x1 CMakeFiles/Drone.elf.dir/os/src/os_core.c.o
                0x20000490                OSLockNesting
 .bss.OSIntNesting
                0x20000491        0x1 CMakeFiles/Drone.elf.dir/os/src/os_core.c.o
                0x20000491                OSIntNesting
 *fill*         0x20000492        0x2 
 .bss.OSCtxSwCtr
                0x20000494        0x4 CMakeFiles/Drone.elf.dir/os/src/os_core.c.o
                0x20000494                OSCtxSwCtr
 .bss.OS_KA_BASEPRI_Boundary
                0x20000498        0x4 CMakeFiles/Drone.elf.dir/os/src/os_cpu_c.c.o
                0x20000498                OS_KA_BASEPRI_Boundary
 .bss.OSTmrCtr  0x2000049c        0x2 CMakeFiles/Drone.elf.dir/os/src/os_cpu_c.c.o
 *fill*         0x2000049e        0x2 
 .bss.OS_CPU_ExceptStkBase
                0x200004a0        0x4 CMakeFiles/Drone.elf.dir/os/src/os_cpu_c.c.o
                0x200004a0                OS_CPU_ExceptStkBase
 .bss.heap_end.0
                0x200004a4        0x4 /opt/gcc-arm-none-eabi/bin/../lib/gcc/arm-none-eabi/13.2.1/../../../../arm-none-eabi/lib/thumb/v7e-m/nofp/librdimon_nano.a(arm_librdimon_a-syscalls.o)
 .bss.openfiles
                0x200004a8       0xa0 /opt/gcc-arm-none-eabi/bin/../lib/gcc/arm-none-eabi/13.2.1/../../../../arm-none-eabi/lib/thumb/v7e-m/nofp/librdimon_nano.a(arm_librdimon_a-syscalls.o)
 *(COMMON)
                0x20000548                        . = ALIGN (0x4)
                0x20000548                        _ebss = .
                0x20000548                        __bss_end__ = _ebss

._user_heap_stack
                0x20000548     0x1000 load address 0x08005358
                0x20000548                        . = ALIGN (0x4)
                0x20000548                        PROVIDE (end = .)
                [!provide]                        PROVIDE (_end = .)
                0x20000d48                        . = (. + _Min_Heap_Size)
 *fill*         0x20000548      0x800 
                0x20001548                        . = (. + _Min_Stack_Size)
 *fill*         0x20000d48      0x800 
                0x20001548                        . = ALIGN (0x4)

/DISCARD/
 libc.a(*)
 libm.a(*)
 libgcc.a(*)

.ARM.attributes
                0x00000000       0x2a
 *(.ARM.attributes)
 .ARM.attributes
                0x00000000       0x1e /opt/gcc-arm-none-eabi/bin/../lib/gcc/arm-none-eabi/13.2.1/thumb/v7e-m/nofp/crti.o
 .ARM.attributes
                0x0000001e       0x2e /opt/gcc-arm-none-eabi/bin/../lib/gcc/arm-none-eabi/13.2.1/thumb/v7e-m/nofp/crtbegin.o
 .ARM.attributes
                0x0000004c       0x2e /opt/gcc-arm-none-eabi/bin/../lib/gcc/arm-none-eabi/13.2.1/../../../../arm-none-eabi/lib/thumb/v7e-m/nofp/libc_nano.a(libc_a-init.o)
 .ARM.attributes
                0x0000007a       0x2e /opt/gcc-arm-none-eabi/bin/../lib/gcc/arm-none-eabi/13.2.1/../../../../arm-none-eabi/lib/thumb/v7e-m/nofp/libc_nano.a(libc_a-nano-vfprintf_float.o)
 .ARM.attributes
                0x000000a8       0x2e /opt/gcc-arm-none-eabi/bin/../lib/gcc/arm-none-eabi/13.2.1/../../../../arm-none-eabi/lib/thumb/v7e-m/nofp/libc_nano.a(libc_a-nano-vfprintf_i.o)
 .ARM.attributes
                0x000000d6       0x1c /opt/gcc-arm-none-eabi/bin/../lib/gcc/arm-none-eabi/13.2.1/../../../../arm-none-eabi/lib/thumb/v7e-m/nofp/libc_nano.a(libc_a-memchr.o)
 .ARM.attributes
                0x000000f2       0x2e /opt/gcc-arm-none-eabi/bin/../lib/gcc/arm-none-eabi/13.2.1/../../../../arm-none-eabi/lib/thumb/v7e-m/nofp/libc_nano.a(libc_a-findfp.o)
 .ARM.attributes
                0x00000120       0x17 /opt/gcc-arm-none-eabi/bin/../lib/gcc/arm-none-eabi/13.2.1/../../../../arm-none-eabi/lib/thumb/v7e-m/nofp/libc_nano.a(libc_a-strlen.o)
 .ARM.attributes
                0x00000137       0x2e /opt/gcc-arm-none-eabi/bin/../lib/gcc/arm-none-eabi/13.2.1/../../../../arm-none-eabi/lib/thumb/v7e-m/nofp/libc_nano.a(libc_a-stdio.o)
 .ARM.attributes
                0x00000165       0x2e /opt/gcc-arm-none-eabi/bin/../lib/gcc/arm-none-eabi/13.2.1/../../../../arm-none-eabi/lib/thumb/v7e-m/nofp/libc_nano.a(libc_a-dtoa.o)
 .ARM.attributes
                0x00000193       0x2e /opt/gcc-arm-none-eabi/bin/../lib/gcc/arm-none-eabi/13.2.1/../../../../arm-none-eabi/lib/thumb/v7e-m/nofp/libc_nano.a(libc_a-readr.o)
 .ARM.attributes
                0x000001c1       0x2e /opt/gcc-arm-none-eabi/bin/../lib/gcc/arm-none-eabi/13.2.1/../../../../arm-none-eabi/lib/thumb/v7e-m/nofp/libc_nano.a(libc_a-writer.o)
 .ARM.attributes
                0x000001ef       0x2e /opt/gcc-arm-none-eabi/bin/../lib/gcc/arm-none-eabi/13.2.1/../../../../arm-none-eabi/lib/thumb/v7e-m/nofp/libc_nano.a(libc_a-fwalk.o)
 .ARM.attributes
                0x0000021d       0x2e /opt/gcc-arm-none-eabi/bin/../lib/gcc/arm-none-eabi/13.2.1/../../../../arm-none-eabi/lib/thumb/v7e-m/nofp/libc_nano.a(libc_a-memset.o)
 .ARM.attributes
                0x0000024b       0x2e /opt/gcc-arm-none-eabi/bin/../lib/gcc/arm-none-eabi/13.2.1/../../../../arm-none-eabi/lib/thumb/v7e-m/nofp/libc_nano.a(libc_a-lock.o)
 .ARM.attributes
                0x00000279       0x2e /opt/gcc-arm-none-eabi/bin/../lib/gcc/arm-none-eabi/13.2.1/../../../../arm-none-eabi/lib/thumb/v7e-m/nofp/libc_nano.a(libc_a-localeconv.o)
 .ARM.attributes
                0x000002a7       0x2e /opt/gcc-arm-none-eabi/bin/../lib/gcc/arm-none-eabi/13.2.1/../../../../arm-none-eabi/lib/thumb/v7e-m/nofp/libc_nano.a(libc_a-closer.o)
 .ARM.attributes
                0x000002d5       0x2e /opt/gcc-arm-none-eabi/bin/../lib/gcc/arm-none-eabi/13.2.1/../../../../arm-none-eabi/lib/thumb/v7e-m/nofp/libc_nano.a(libc_a-reent.o)
 .ARM.attributes
                0x00000303       0x2e /opt/gcc-arm-none-eabi/bin/../lib/gcc/arm-none-eabi/13.2.1/../../../../arm-none-eabi/lib/thumb/v7e-m/nofp/libc_nano.a(libc_a-impure.o)
 .ARM.attributes
                0x00000331       0x2e /opt/gcc-arm-none-eabi/bin/../lib/gcc/arm-none-eabi/13.2.1/../../../../arm-none-eabi/lib/thumb/v7e-m/nofp/libc_nano.a(libc_a-fflush.o)
 .ARM.attributes
                0x0000035f       0x2e /opt/gcc-arm-none-eabi/bin/../lib/gcc/arm-none-eabi/13.2.1/../../../../arm-none-eabi/lib/thumb/v7e-m/nofp/libc_nano.a(libc_a-memcpy-stub.o)
 .ARM.attributes
                0x0000038d       0x2e /opt/gcc-arm-none-eabi/bin/../lib/gcc/arm-none-eabi/13.2.1/../../../../arm-none-eabi/lib/thumb/v7e-m/nofp/libc_nano.a(libc_a-malloc.o)
 .ARM.attributes
                0x000003bb       0x2e /opt/gcc-arm-none-eabi/bin/../lib/gcc/arm-none-eabi/13.2.1/../../../../arm-none-eabi/lib/thumb/v7e-m/nofp/libc_nano.a(libc_a-mallocr.o)
 .ARM.attributes
                0x000003e9       0x2e /opt/gcc-arm-none-eabi/bin/../lib/gcc/arm-none-eabi/13.2.1/../../../../arm-none-eabi/lib/thumb/v7e-m/nofp/libc_nano.a(libc_a-assert.o)
 .ARM.attributes
                0x00000417       0x2e /opt/gcc-arm-none-eabi/bin/../lib/gcc/arm-none-eabi/13.2.1/../../../../arm-none-eabi/lib/thumb/v7e-m/nofp/libc_nano.a(libc_a-lseekr.o)
 .ARM.attributes
                0x00000445       0x2e /opt/gcc-arm-none-eabi/bin/../lib/gcc/arm-none-eabi/13.2.1/../../../../arm-none-eabi/lib/thumb/v7e-m/nofp/libc_nano.a(libc_a-fprintf.o)
 .ARM.attributes
                0x00000473       0x2e /opt/gcc-arm-none-eabi/bin/../lib/gcc/arm-none-eabi/13.2.1/../../../../arm-none-eabi/lib/thumb/v7e-m/nofp/libc_nano.a(libc_a-mlock.o)
 .ARM.attributes
                0x000004a1       0x2e /opt/gcc-arm-none-eabi/bin/../lib/gcc/arm-none-eabi/13.2.1/../../../../arm-none-eabi/lib/thumb/v7e-m/nofp/libc_nano.a(libc_a-mprec.o)
 .ARM.attributes
                0x000004cf       0x2e /opt/gcc-arm-none-eabi/bin/../lib/gcc/arm-none-eabi/13.2.1/../../../../arm-none-eabi/lib/thumb/v7e-m/nofp/libc_nano.a(libc_a-callocr.o)
 .ARM.attributes
                0x000004fd       0x2e /opt/gcc-arm-none-eabi/bin/../lib/gcc/arm-none-eabi/13.2.1/../../../../arm-none-eabi/lib/thumb/v7e-m/nofp/libc_nano.a(libc_a-sbrkr.o)
 .ARM.attributes
                0x0000052b       0x2e /opt/gcc-arm-none-eabi/bin/../lib/gcc/arm-none-eabi/13.2.1/../../../../arm-none-eabi/lib/thumb/v7e-m/nofp/libc_nano.a(libc_a-freer.o)
 .ARM.attributes
                0x00000559       0x2e /opt/gcc-arm-none-eabi/bin/../lib/gcc/arm-none-eabi/13.2.1/../../../../arm-none-eabi/lib/thumb/v7e-m/nofp/libc_nano.a(libc_a-locale.o)
 .ARM.attributes
                0x00000587       0x2e /opt/gcc-arm-none-eabi/bin/../lib/gcc/arm-none-eabi/13.2.1/../../../../arm-none-eabi/lib/thumb/v7e-m/nofp/libc_nano.a(libc_a-nano-vfprintf.o)
 .ARM.attributes
                0x000005b5       0x2e /opt/gcc-arm-none-eabi/bin/../lib/gcc/arm-none-eabi/13.2.1/../../../../arm-none-eabi/lib/thumb/v7e-m/nofp/libc_nano.a(libc_a-wbuf.o)
 .ARM.attributes
                0x000005e3       0x2e /opt/gcc-arm-none-eabi/bin/../lib/gcc/arm-none-eabi/13.2.1/../../../../arm-none-eabi/lib/thumb/v7e-m/nofp/libc_nano.a(libc_a-wsetup.o)
 .ARM.attributes
                0x00000611       0x2e /opt/gcc-arm-none-eabi/bin/../lib/gcc/arm-none-eabi/13.2.1/../../../../arm-none-eabi/lib/thumb/v7e-m/nofp/libc_nano.a(libc_a-wctomb_r.o)
 .ARM.attributes
                0x0000063f       0x2e /opt/gcc-arm-none-eabi/bin/../lib/gcc/arm-none-eabi/13.2.1/../../../../arm-none-eabi/lib/thumb/v7e-m/nofp/libc_nano.a(libc_a-abort.o)
 .ARM.attributes
                0x0000066d       0x2e /opt/gcc-arm-none-eabi/bin/../lib/gcc/arm-none-eabi/13.2.1/../../../../arm-none-eabi/lib/thumb/v7e-m/nofp/libc_nano.a(libc_a-mbtowc_r.o)
 .ARM.attributes
                0x0000069b       0x2e /opt/gcc-arm-none-eabi/bin/../lib/gcc/arm-none-eabi/13.2.1/../../../../arm-none-eabi/lib/thumb/v7e-m/nofp/libc_nano.a(libc_a-ctype_.o)
 .ARM.attributes
                0x000006c9       0x2e /opt/gcc-arm-none-eabi/bin/../lib/gcc/arm-none-eabi/13.2.1/../../../../arm-none-eabi/lib/thumb/v7e-m/nofp/libc_nano.a(libc_a-makebuf.o)
 .ARM.attributes
                0x000006f7       0x2e /opt/gcc-arm-none-eabi/bin/../lib/gcc/arm-none-eabi/13.2.1/../../../../arm-none-eabi/lib/thumb/v7e-m/nofp/libc_nano.a(libc_a-signal.o)
 .ARM.attributes
                0x00000725       0x2e /opt/gcc-arm-none-eabi/bin/../lib/gcc/arm-none-eabi/13.2.1/../../../../arm-none-eabi/lib/thumb/v7e-m/nofp/libc_nano.a(libc_a-fstatr.o)
 .ARM.attributes
                0x00000753       0x2e /opt/gcc-arm-none-eabi/bin/../lib/gcc/arm-none-eabi/13.2.1/../../../../arm-none-eabi/lib/thumb/v7e-m/nofp/libc_nano.a(libc_a-isattyr.o)
 .ARM.attributes
                0x00000781       0x2e /opt/gcc-arm-none-eabi/bin/../lib/gcc/arm-none-eabi/13.2.1/../../../../arm-none-eabi/lib/thumb/v7e-m/nofp/libc_nano.a(libc_a-signalr.o)
 .ARM.attributes
                0x000007af       0x2e CMakeFiles/Drone.elf.dir/HARDWARE/src/HMC5883L.c.o
 .ARM.attributes
                0x000007dd       0x2e CMakeFiles/Drone.elf.dir/HARDWARE/src/MPU.c.o
 .ARM.attributes
                0x0000080b       0x2e CMakeFiles/Drone.elf.dir/HARDWARE/src/Moter.c.o
 .ARM.attributes
                0x00000839       0x2e CMakeFiles/Drone.elf.dir/HARDWARE/src/MyI2C.c.o
 .ARM.attributes
                0x00000867       0x2e CMakeFiles/Drone.elf.dir/HARDWARE/src/Receiver.c.o
 .ARM.attributes
                0x00000895       0x2e CMakeFiles/Drone.elf.dir/HARDWARE/src/Serial.c.o
 .ARM.attributes
                0x000008c3       0x2e CMakeFiles/Drone.elf.dir/SYSTEM/src/Delay.c.o
 .ARM.attributes
                0x000008f1       0x2e CMakeFiles/Drone.elf.dir/USER/src/main.c.o
 .ARM.attributes
                0x0000091f       0x2e CMakeFiles/Drone.elf.dir/USER/src/stm32f4xx_it.c.o
 .ARM.attributes
                0x0000094d       0x2e CMakeFiles/Drone.elf.dir/USER/src/system_stm32f4xx.c.o
 .ARM.attributes
                0x0000097b       0x2e CMakeFiles/Drone.elf.dir/os/src/app_hooks.c.o
 .ARM.attributes
                0x000009a9       0x2e CMakeFiles/Drone.elf.dir/os/src/os_core.c.o
 .ARM.attributes
                0x000009d7       0x2e CMakeFiles/Drone.elf.dir/os/src/os_cpu_c.c.o
 .ARM.attributes
                0x00000a05       0x2e CMakeFiles/Drone.elf.dir/os/src/os_sem.c.o
 .ARM.attributes
                0x00000a33       0x2e CMakeFiles/Drone.elf.dir/os/src/os_tmr.c.o
 .ARM.attributes
                0x00000a61       0x21 CMakeFiles/Drone.elf.dir/CORE/startup_stm32f401xe.s.o
 .ARM.attributes
                0x00000a82       0x1c CMakeFiles/Drone.elf.dir/os/os_cpu_a.s.o
 .ARM.attributes
                0x00000a9e       0x1e /opt/gcc-arm-none-eabi/bin/../lib/gcc/arm-none-eabi/13.2.1/thumb/v7e-m/nofp/libgcc.a(_arm_addsubdf3.o)
 .ARM.attributes
                0x00000abc       0x1e /opt/gcc-arm-none-eabi/bin/../lib/gcc/arm-none-eabi/13.2.1/thumb/v7e-m/nofp/libgcc.a(_arm_muldivdf3.o)
 .ARM.attributes
                0x00000ada       0x1e /opt/gcc-arm-none-eabi/bin/../lib/gcc/arm-none-eabi/13.2.1/thumb/v7e-m/nofp/libgcc.a(_arm_cmpdf2.o)
 .ARM.attributes
                0x00000af8       0x1e /opt/gcc-arm-none-eabi/bin/../lib/gcc/arm-none-eabi/13.2.1/thumb/v7e-m/nofp/libgcc.a(_arm_unorddf2.o)
 .ARM.attributes
                0x00000b16       0x1e /opt/gcc-arm-none-eabi/bin/../lib/gcc/arm-none-eabi/13.2.1/thumb/v7e-m/nofp/libgcc.a(_arm_fixdfsi.o)
 .ARM.attributes
                0x00000b34       0x1e /opt/gcc-arm-none-eabi/bin/../lib/gcc/arm-none-eabi/13.2.1/thumb/v7e-m/nofp/libgcc.a(_arm_addsubsf3.o)
 .ARM.attributes
                0x00000b52       0x1e /opt/gcc-arm-none-eabi/bin/../lib/gcc/arm-none-eabi/13.2.1/thumb/v7e-m/nofp/libgcc.a(_arm_muldivsf3.o)
 .ARM.attributes
                0x00000b70       0x1e /opt/gcc-arm-none-eabi/bin/../lib/gcc/arm-none-eabi/13.2.1/thumb/v7e-m/nofp/libgcc.a(_arm_fixsfsi.o)
 .ARM.attributes
                0x00000b8e       0x2e /opt/gcc-arm-none-eabi/bin/../lib/gcc/arm-none-eabi/13.2.1/../../../../arm-none-eabi/lib/thumb/v7e-m/nofp/librdimon_nano.a(arm_librdimon_a-_exit.o)
 .ARM.attributes
                0x00000bbc       0x2e /opt/gcc-arm-none-eabi/bin/../lib/gcc/arm-none-eabi/13.2.1/../../../../arm-none-eabi/lib/thumb/v7e-m/nofp/librdimon_nano.a(arm_librdimon_a-_kill.o)
 .ARM.attributes
                0x00000bea       0x2e /opt/gcc-arm-none-eabi/bin/../lib/gcc/arm-none-eabi/13.2.1/../../../../arm-none-eabi/lib/thumb/v7e-m/nofp/librdimon_nano.a(arm_librdimon_a-syscalls.o)
 .ARM.attributes
                0x00000c18       0x2e /opt/gcc-arm-none-eabi/bin/../lib/gcc/arm-none-eabi/13.2.1/../../../../arm-none-eabi/lib/thumb/v7e-m/nofp/libc_nano.a(libc_a-errno.o)
 .ARM.attributes
                0x00000c46       0x2e /opt/gcc-arm-none-eabi/bin/../lib/gcc/arm-none-eabi/13.2.1/thumb/v7e-m/nofp/crtend.o
 .ARM.attributes
                0x00000c74       0x1e /opt/gcc-arm-none-eabi/bin/../lib/gcc/arm-none-eabi/13.2.1/thumb/v7e-m/nofp/crtn.o
OUTPUT(Drone.elf elf32-littlearm)
LOAD linker stubs
LOAD /opt/gcc-arm-none-eabi/bin/../lib/gcc/arm-none-eabi/13.2.1/../../../../arm-none-eabi/lib/thumb/v7e-m/nofp/libc.a
LOAD /opt/gcc-arm-none-eabi/bin/../lib/gcc/arm-none-eabi/13.2.1/../../../../arm-none-eabi/lib/thumb/v7e-m/nofp/libm.a
LOAD /opt/gcc-arm-none-eabi/bin/../lib/gcc/arm-none-eabi/13.2.1/thumb/v7e-m/nofp/libgcc.a

.debug_frame    0x00000000     0x2140
 .debug_frame   0x00000000       0x2c /opt/gcc-arm-none-eabi/bin/../lib/gcc/arm-none-eabi/13.2.1/../../../../arm-none-eabi/lib/thumb/v7e-m/nofp/libc_nano.a(libc_a-init.o)
 .debug_frame   0x0000002c       0x94 /opt/gcc-arm-none-eabi/bin/../lib/gcc/arm-none-eabi/13.2.1/../../../../arm-none-eabi/lib/thumb/v7e-m/nofp/libc_nano.a(libc_a-nano-vfprintf_float.o)
 .debug_frame   0x000000c0       0x60 /opt/gcc-arm-none-eabi/bin/../lib/gcc/arm-none-eabi/13.2.1/../../../../arm-none-eabi/lib/thumb/v7e-m/nofp/libc_nano.a(libc_a-nano-vfprintf_i.o)
 .debug_frame   0x00000120      0x144 /opt/gcc-arm-none-eabi/bin/../lib/gcc/arm-none-eabi/13.2.1/../../../../arm-none-eabi/lib/thumb/v7e-m/nofp/libc_nano.a(libc_a-findfp.o)
 .debug_frame   0x00000264       0x88 /opt/gcc-arm-none-eabi/bin/../lib/gcc/arm-none-eabi/13.2.1/../../../../arm-none-eabi/lib/thumb/v7e-m/nofp/libc_nano.a(libc_a-stdio.o)
 .debug_frame   0x000002ec       0x70 /opt/gcc-arm-none-eabi/bin/../lib/gcc/arm-none-eabi/13.2.1/../../../../arm-none-eabi/lib/thumb/v7e-m/nofp/libc_nano.a(libc_a-dtoa.o)
 .debug_frame   0x0000035c       0x2c /opt/gcc-arm-none-eabi/bin/../lib/gcc/arm-none-eabi/13.2.1/../../../../arm-none-eabi/lib/thumb/v7e-m/nofp/libc_nano.a(libc_a-readr.o)
 .debug_frame   0x00000388       0x2c /opt/gcc-arm-none-eabi/bin/../lib/gcc/arm-none-eabi/13.2.1/../../../../arm-none-eabi/lib/thumb/v7e-m/nofp/libc_nano.a(libc_a-writer.o)
 .debug_frame   0x000003b4       0x34 /opt/gcc-arm-none-eabi/bin/../lib/gcc/arm-none-eabi/13.2.1/../../../../arm-none-eabi/lib/thumb/v7e-m/nofp/libc_nano.a(libc_a-fwalk.o)
 .debug_frame   0x000003e8       0x20 /opt/gcc-arm-none-eabi/bin/../lib/gcc/arm-none-eabi/13.2.1/../../../../arm-none-eabi/lib/thumb/v7e-m/nofp/libc_nano.a(libc_a-memset.o)
 .debug_frame   0x00000408       0xb0 /opt/gcc-arm-none-eabi/bin/../lib/gcc/arm-none-eabi/13.2.1/../../../../arm-none-eabi/lib/thumb/v7e-m/nofp/libc_nano.a(libc_a-lock.o)
 .debug_frame   0x000004b8       0x40 /opt/gcc-arm-none-eabi/bin/../lib/gcc/arm-none-eabi/13.2.1/../../../../arm-none-eabi/lib/thumb/v7e-m/nofp/libc_nano.a(libc_a-localeconv.o)
 .debug_frame   0x000004f8       0x2c /opt/gcc-arm-none-eabi/bin/../lib/gcc/arm-none-eabi/13.2.1/../../../../arm-none-eabi/lib/thumb/v7e-m/nofp/libc_nano.a(libc_a-closer.o)
 .debug_frame   0x00000524       0x38 /opt/gcc-arm-none-eabi/bin/../lib/gcc/arm-none-eabi/13.2.1/../../../../arm-none-eabi/lib/thumb/v7e-m/nofp/libc_nano.a(libc_a-reent.o)
 .debug_frame   0x0000055c       0x5c /opt/gcc-arm-none-eabi/bin/../lib/gcc/arm-none-eabi/13.2.1/../../../../arm-none-eabi/lib/thumb/v7e-m/nofp/libc_nano.a(libc_a-fflush.o)
 .debug_frame   0x000005b8       0x28 /opt/gcc-arm-none-eabi/bin/../lib/gcc/arm-none-eabi/13.2.1/../../../../arm-none-eabi/lib/thumb/v7e-m/nofp/libc_nano.a(libc_a-memcpy-stub.o)
 .debug_frame   0x000005e0       0x30 /opt/gcc-arm-none-eabi/bin/../lib/gcc/arm-none-eabi/13.2.1/../../../../arm-none-eabi/lib/thumb/v7e-m/nofp/libc_nano.a(libc_a-malloc.o)
 .debug_frame   0x00000610       0x50 /opt/gcc-arm-none-eabi/bin/../lib/gcc/arm-none-eabi/13.2.1/../../../../arm-none-eabi/lib/thumb/v7e-m/nofp/libc_nano.a(libc_a-mallocr.o)
 .debug_frame   0x00000660       0x40 /opt/gcc-arm-none-eabi/bin/../lib/gcc/arm-none-eabi/13.2.1/../../../../arm-none-eabi/lib/thumb/v7e-m/nofp/libc_nano.a(libc_a-assert.o)
 .debug_frame   0x000006a0       0x2c /opt/gcc-arm-none-eabi/bin/../lib/gcc/arm-none-eabi/13.2.1/../../../../arm-none-eabi/lib/thumb/v7e-m/nofp/libc_nano.a(libc_a-lseekr.o)
 .debug_frame   0x000006cc       0x64 /opt/gcc-arm-none-eabi/bin/../lib/gcc/arm-none-eabi/13.2.1/../../../../arm-none-eabi/lib/thumb/v7e-m/nofp/libc_nano.a(libc_a-fprintf.o)
 .debug_frame   0x00000730       0x30 /opt/gcc-arm-none-eabi/bin/../lib/gcc/arm-none-eabi/13.2.1/../../../../arm-none-eabi/lib/thumb/v7e-m/nofp/libc_nano.a(libc_a-mlock.o)
 .debug_frame   0x00000760      0x258 /opt/gcc-arm-none-eabi/bin/../lib/gcc/arm-none-eabi/13.2.1/../../../../arm-none-eabi/lib/thumb/v7e-m/nofp/libc_nano.a(libc_a-mprec.o)
 .debug_frame   0x000009b8       0x2c /opt/gcc-arm-none-eabi/bin/../lib/gcc/arm-none-eabi/13.2.1/../../../../arm-none-eabi/lib/thumb/v7e-m/nofp/libc_nano.a(libc_a-callocr.o)
 .debug_frame   0x000009e4       0x2c /opt/gcc-arm-none-eabi/bin/../lib/gcc/arm-none-eabi/13.2.1/../../../../arm-none-eabi/lib/thumb/v7e-m/nofp/libc_nano.a(libc_a-sbrkr.o)
 .debug_frame   0x00000a10       0x38 /opt/gcc-arm-none-eabi/bin/../lib/gcc/arm-none-eabi/13.2.1/../../../../arm-none-eabi/lib/thumb/v7e-m/nofp/libc_nano.a(libc_a-freer.o)
 .debug_frame   0x00000a48       0x48 /opt/gcc-arm-none-eabi/bin/../lib/gcc/arm-none-eabi/13.2.1/../../../../arm-none-eabi/lib/thumb/v7e-m/nofp/libc_nano.a(libc_a-locale.o)
 .debug_frame   0x00000a90       0xa8 /opt/gcc-arm-none-eabi/bin/../lib/gcc/arm-none-eabi/13.2.1/../../../../arm-none-eabi/lib/thumb/v7e-m/nofp/libc_nano.a(libc_a-nano-vfprintf.o)
 .debug_frame   0x00000b38       0x40 /opt/gcc-arm-none-eabi/bin/../lib/gcc/arm-none-eabi/13.2.1/../../../../arm-none-eabi/lib/thumb/v7e-m/nofp/libc_nano.a(libc_a-wbuf.o)
 .debug_frame   0x00000b78       0x2c /opt/gcc-arm-none-eabi/bin/../lib/gcc/arm-none-eabi/13.2.1/../../../../arm-none-eabi/lib/thumb/v7e-m/nofp/libc_nano.a(libc_a-wsetup.o)
 .debug_frame   0x00000ba4       0x3c /opt/gcc-arm-none-eabi/bin/../lib/gcc/arm-none-eabi/13.2.1/../../../../arm-none-eabi/lib/thumb/v7e-m/nofp/libc_nano.a(libc_a-wctomb_r.o)
 .debug_frame   0x00000be0       0x28 /opt/gcc-arm-none-eabi/bin/../lib/gcc/arm-none-eabi/13.2.1/../../../../arm-none-eabi/lib/thumb/v7e-m/nofp/libc_nano.a(libc_a-abort.o)
 .debug_frame   0x00000c08       0x48 /opt/gcc-arm-none-eabi/bin/../lib/gcc/arm-none-eabi/13.2.1/../../../../arm-none-eabi/lib/thumb/v7e-m/nofp/libc_nano.a(libc_a-mbtowc_r.o)
 .debug_frame   0x00000c50       0x58 /opt/gcc-arm-none-eabi/bin/../lib/gcc/arm-none-eabi/13.2.1/../../../../arm-none-eabi/lib/thumb/v7e-m/nofp/libc_nano.a(libc_a-makebuf.o)
 .debug_frame   0x00000ca8       0xcc /opt/gcc-arm-none-eabi/bin/../lib/gcc/arm-none-eabi/13.2.1/../../../../arm-none-eabi/lib/thumb/v7e-m/nofp/libc_nano.a(libc_a-signal.o)
 .debug_frame   0x00000d74       0x2c /opt/gcc-arm-none-eabi/bin/../lib/gcc/arm-none-eabi/13.2.1/../../../../arm-none-eabi/lib/thumb/v7e-m/nofp/libc_nano.a(libc_a-fstatr.o)
 .debug_frame   0x00000da0       0x2c /opt/gcc-arm-none-eabi/bin/../lib/gcc/arm-none-eabi/13.2.1/../../../../arm-none-eabi/lib/thumb/v7e-m/nofp/libc_nano.a(libc_a-isattyr.o)
 .debug_frame   0x00000dcc       0x3c /opt/gcc-arm-none-eabi/bin/../lib/gcc/arm-none-eabi/13.2.1/../../../../arm-none-eabi/lib/thumb/v7e-m/nofp/libc_nano.a(libc_a-signalr.o)
 .debug_frame   0x00000e08       0xec CMakeFiles/Drone.elf.dir/HARDWARE/src/HMC5883L.c.o
 .debug_frame   0x00000ef4       0xd4 CMakeFiles/Drone.elf.dir/HARDWARE/src/MPU.c.o
 .debug_frame   0x00000fc8       0x50 CMakeFiles/Drone.elf.dir/HARDWARE/src/Moter.c.o
 .debug_frame   0x00001018       0xfc CMakeFiles/Drone.elf.dir/HARDWARE/src/MyI2C.c.o
 .debug_frame   0x00001114       0x30 CMakeFiles/Drone.elf.dir/HARDWARE/src/Receiver.c.o
 .debug_frame   0x00001144       0x9c CMakeFiles/Drone.elf.dir/HARDWARE/src/Serial.c.o
 .debug_frame   0x000011e0       0x70 CMakeFiles/Drone.elf.dir/SYSTEM/src/Delay.c.o
 .debug_frame   0x00001250       0x2c CMakeFiles/Drone.elf.dir/USER/src/main.c.o
 .debug_frame   0x0000127c       0x80 CMakeFiles/Drone.elf.dir/USER/src/stm32f4xx_it.c.o
 .debug_frame   0x000012fc       0x38 CMakeFiles/Drone.elf.dir/USER/src/system_stm32f4xx.c.o
 .debug_frame   0x00001334       0x90 CMakeFiles/Drone.elf.dir/os/src/app_hooks.c.o
 .debug_frame   0x000013c4      0x30c CMakeFiles/Drone.elf.dir/os/src/os_core.c.o
 .debug_frame   0x000016d0      0x110 CMakeFiles/Drone.elf.dir/os/src/os_cpu_c.c.o
 .debug_frame   0x000017e0      0x114 CMakeFiles/Drone.elf.dir/os/src/os_sem.c.o
 .debug_frame   0x000018f4      0x17c CMakeFiles/Drone.elf.dir/os/src/os_tmr.c.o
 .debug_frame   0x00001a70       0xac /opt/gcc-arm-none-eabi/bin/../lib/gcc/arm-none-eabi/13.2.1/thumb/v7e-m/nofp/libgcc.a(_arm_addsubdf3.o)
 .debug_frame   0x00001b1c       0x50 /opt/gcc-arm-none-eabi/bin/../lib/gcc/arm-none-eabi/13.2.1/thumb/v7e-m/nofp/libgcc.a(_arm_muldivdf3.o)
 .debug_frame   0x00001b6c       0xc4 /opt/gcc-arm-none-eabi/bin/../lib/gcc/arm-none-eabi/13.2.1/thumb/v7e-m/nofp/libgcc.a(_arm_cmpdf2.o)
 .debug_frame   0x00001c30       0x20 /opt/gcc-arm-none-eabi/bin/../lib/gcc/arm-none-eabi/13.2.1/thumb/v7e-m/nofp/libgcc.a(_arm_unorddf2.o)
 .debug_frame   0x00001c50       0x24 /opt/gcc-arm-none-eabi/bin/../lib/gcc/arm-none-eabi/13.2.1/thumb/v7e-m/nofp/libgcc.a(_arm_fixdfsi.o)
 .debug_frame   0x00001c74       0x4c /opt/gcc-arm-none-eabi/bin/../lib/gcc/arm-none-eabi/13.2.1/thumb/v7e-m/nofp/libgcc.a(_arm_addsubsf3.o)
 .debug_frame   0x00001cc0       0x38 /opt/gcc-arm-none-eabi/bin/../lib/gcc/arm-none-eabi/13.2.1/thumb/v7e-m/nofp/libgcc.a(_arm_muldivsf3.o)
 .debug_frame   0x00001cf8       0x24 /opt/gcc-arm-none-eabi/bin/../lib/gcc/arm-none-eabi/13.2.1/thumb/v7e-m/nofp/libgcc.a(_arm_fixsfsi.o)
 .debug_frame   0x00001d1c       0x28 /opt/gcc-arm-none-eabi/bin/../lib/gcc/arm-none-eabi/13.2.1/../../../../arm-none-eabi/lib/thumb/v7e-m/nofp/librdimon_nano.a(arm_librdimon_a-_exit.o)
 .debug_frame   0x00001d44       0x40 /opt/gcc-arm-none-eabi/bin/../lib/gcc/arm-none-eabi/13.2.1/../../../../arm-none-eabi/lib/thumb/v7e-m/nofp/librdimon_nano.a(arm_librdimon_a-_kill.o)
 .debug_frame   0x00001d84      0x39c /opt/gcc-arm-none-eabi/bin/../lib/gcc/arm-none-eabi/13.2.1/../../../../arm-none-eabi/lib/thumb/v7e-m/nofp/librdimon_nano.a(arm_librdimon_a-syscalls.o)
 .debug_frame   0x00002120       0x20 /opt/gcc-arm-none-eabi/bin/../lib/gcc/arm-none-eabi/13.2.1/../../../../arm-none-eabi/lib/thumb/v7e-m/nofp/libc_nano.a(libc_a-errno.o)

.debug_line_str
                0x00000000      0x277
 .debug_line_str
                0x00000000      0x277 /opt/gcc-arm-none-eabi/bin/../lib/gcc/arm-none-eabi/13.2.1/../../../../arm-none-eabi/lib/thumb/v7e-m/nofp/libc_nano.a(libc_a-memchr.o)
                                 0xd7 (size before relaxing)
 .debug_line_str
                0x00000277       0xe1 /opt/gcc-arm-none-eabi/bin/../lib/gcc/arm-none-eabi/13.2.1/../../../../arm-none-eabi/lib/thumb/v7e-m/nofp/libc_nano.a(libc_a-strlen.o)
 .debug_line_str
                0x00000277       0x7f CMakeFiles/Drone.elf.dir/CORE/startup_stm32f401xe.s.o
 .debug_line_str
                0x00000277       0x72 CMakeFiles/Drone.elf.dir/os/os_cpu_a.s.o
 .debug_line_str
                0x00000277       0xc4 /opt/gcc-arm-none-eabi/bin/../lib/gcc/arm-none-eabi/13.2.1/thumb/v7e-m/nofp/libgcc.a(_arm_addsubdf3.o)
 .debug_line_str
                0x00000277       0xc4 /opt/gcc-arm-none-eabi/bin/../lib/gcc/arm-none-eabi/13.2.1/thumb/v7e-m/nofp/libgcc.a(_arm_muldivdf3.o)
 .debug_line_str
                0x00000277       0xc4 /opt/gcc-arm-none-eabi/bin/../lib/gcc/arm-none-eabi/13.2.1/thumb/v7e-m/nofp/libgcc.a(_arm_cmpdf2.o)
 .debug_line_str
                0x00000277       0xc4 /opt/gcc-arm-none-eabi/bin/../lib/gcc/arm-none-eabi/13.2.1/thumb/v7e-m/nofp/libgcc.a(_arm_unorddf2.o)
 .debug_line_str
                0x00000277       0xc4 /opt/gcc-arm-none-eabi/bin/../lib/gcc/arm-none-eabi/13.2.1/thumb/v7e-m/nofp/libgcc.a(_arm_fixdfsi.o)
 .debug_line_str
                0x00000277       0xc4 /opt/gcc-arm-none-eabi/bin/../lib/gcc/arm-none-eabi/13.2.1/thumb/v7e-m/nofp/libgcc.a(_arm_addsubsf3.o)
 .debug_line_str
                0x00000277       0xc4 /opt/gcc-arm-none-eabi/bin/../lib/gcc/arm-none-eabi/13.2.1/thumb/v7e-m/nofp/libgcc.a(_arm_muldivsf3.o)
 .debug_line_str
                0x00000277       0xc4 /opt/gcc-arm-none-eabi/bin/../lib/gcc/arm-none-eabi/13.2.1/thumb/v7e-m/nofp/libgcc.a(_arm_fixsfsi.o)

.debug_info     0x00000000     0x76ef
 .debug_info    0x00000000      0x68e CMakeFiles/Drone.elf.dir/HARDWARE/src/HMC5883L.c.o
 .debug_info    0x0000068e      0x66e CMakeFiles/Drone.elf.dir/HARDWARE/src/MPU.c.o
 .debug_info    0x00000cfc      0x63d CMakeFiles/Drone.elf.dir/HARDWARE/src/Moter.c.o
 .debug_info    0x00001339      0x61f CMakeFiles/Drone.elf.dir/HARDWARE/src/MyI2C.c.o
 .debug_info    0x00001958      0x6d5 CMakeFiles/Drone.elf.dir/HARDWARE/src/Receiver.c.o
 .debug_info    0x0000202d      0x93a CMakeFiles/Drone.elf.dir/HARDWARE/src/Serial.c.o
 .debug_info    0x00002967      0x1a8 CMakeFiles/Drone.elf.dir/SYSTEM/src/Delay.c.o
 .debug_info    0x00002b0f      0x455 CMakeFiles/Drone.elf.dir/USER/src/main.c.o
 .debug_info    0x00002f64       0xd1 CMakeFiles/Drone.elf.dir/USER/src/stm32f4xx_it.c.o
 .debug_info    0x00003035      0x617 CMakeFiles/Drone.elf.dir/USER/src/system_stm32f4xx.c.o
 .debug_info    0x0000364c      0x418 CMakeFiles/Drone.elf.dir/os/src/app_hooks.c.o
 .debug_info    0x00003a64     0x1b77 CMakeFiles/Drone.elf.dir/os/src/os_core.c.o
 .debug_info    0x000055db      0x82f CMakeFiles/Drone.elf.dir/os/src/os_cpu_c.c.o
 .debug_info    0x00005e0a      0xa4a CMakeFiles/Drone.elf.dir/os/src/os_sem.c.o
 .debug_info    0x00006854      0xe46 CMakeFiles/Drone.elf.dir/os/src/os_tmr.c.o
 .debug_info    0x0000769a       0x30 CMakeFiles/Drone.elf.dir/CORE/startup_stm32f401xe.s.o
 .debug_info    0x000076ca       0x25 CMakeFiles/Drone.elf.dir/os/os_cpu_a.s.o

.debug_abbrev   0x00000000     0x1bba
 .debug_abbrev  0x00000000      0x1c0 CMakeFiles/Drone.elf.dir/HARDWARE/src/HMC5883L.c.o
 .debug_abbrev  0x000001c0      0x1a5 CMakeFiles/Drone.elf.dir/HARDWARE/src/MPU.c.o
 .debug_abbrev  0x00000365      0x152 CMakeFiles/Drone.elf.dir/HARDWARE/src/Moter.c.o
 .debug_abbrev  0x000004b7      0x197 CMakeFiles/Drone.elf.dir/HARDWARE/src/MyI2C.c.o
 .debug_abbrev  0x0000064e      0x143 CMakeFiles/Drone.elf.dir/HARDWARE/src/Receiver.c.o
 .debug_abbrev  0x00000791      0x236 CMakeFiles/Drone.elf.dir/HARDWARE/src/Serial.c.o
 .debug_abbrev  0x000009c7      0x10e CMakeFiles/Drone.elf.dir/SYSTEM/src/Delay.c.o
 .debug_abbrev  0x00000ad5      0x145 CMakeFiles/Drone.elf.dir/USER/src/main.c.o
 .debug_abbrev  0x00000c1a       0x7a CMakeFiles/Drone.elf.dir/USER/src/stm32f4xx_it.c.o
 .debug_abbrev  0x00000c94      0x19a CMakeFiles/Drone.elf.dir/USER/src/system_stm32f4xx.c.o
 .debug_abbrev  0x00000e2e      0x11b CMakeFiles/Drone.elf.dir/os/src/app_hooks.c.o
 .debug_abbrev  0x00000f49      0x440 CMakeFiles/Drone.elf.dir/os/src/os_core.c.o
 .debug_abbrev  0x00001389      0x26b CMakeFiles/Drone.elf.dir/os/src/os_cpu_c.c.o
 .debug_abbrev  0x000015f4      0x269 CMakeFiles/Drone.elf.dir/os/src/os_sem.c.o
 .debug_abbrev  0x0000185d      0x325 CMakeFiles/Drone.elf.dir/os/src/os_tmr.c.o
 .debug_abbrev  0x00001b82       0x24 CMakeFiles/Drone.elf.dir/CORE/startup_stm32f401xe.s.o
 .debug_abbrev  0x00001ba6       0x14 CMakeFiles/Drone.elf.dir/os/os_cpu_a.s.o

.debug_loclists
                0x00000000     0x1ede
 .debug_loclists
                0x00000000      0x1fb CMakeFiles/Drone.elf.dir/HARDWARE/src/HMC5883L.c.o
 .debug_loclists
                0x000001fb      0x185 CMakeFiles/Drone.elf.dir/HARDWARE/src/MPU.c.o
 .debug_loclists
                0x00000380       0x4d CMakeFiles/Drone.elf.dir/HARDWARE/src/Moter.c.o
 .debug_loclists
                0x000003cd       0xfb CMakeFiles/Drone.elf.dir/HARDWARE/src/MyI2C.c.o
 .debug_loclists
                0x000004c8      0x17c CMakeFiles/Drone.elf.dir/HARDWARE/src/Serial.c.o
 .debug_loclists
                0x00000644       0x71 CMakeFiles/Drone.elf.dir/SYSTEM/src/Delay.c.o
 .debug_loclists
                0x000006b5       0x34 CMakeFiles/Drone.elf.dir/USER/src/main.c.o
 .debug_loclists
                0x000006e9       0xb3 CMakeFiles/Drone.elf.dir/USER/src/system_stm32f4xx.c.o
 .debug_loclists
                0x0000079c      0xb41 CMakeFiles/Drone.elf.dir/os/src/os_core.c.o
 .debug_loclists
                0x000012dd      0x239 CMakeFiles/Drone.elf.dir/os/src/os_cpu_c.c.o
 .debug_loclists
                0x00001516      0x531 CMakeFiles/Drone.elf.dir/os/src/os_sem.c.o
 .debug_loclists
                0x00001a47      0x497 CMakeFiles/Drone.elf.dir/os/src/os_tmr.c.o

.debug_aranges  0x00000000      0x580
 .debug_aranges
                0x00000000       0x50 CMakeFiles/Drone.elf.dir/HARDWARE/src/HMC5883L.c.o
 .debug_aranges
                0x00000050       0x50 CMakeFiles/Drone.elf.dir/HARDWARE/src/MPU.c.o
 .debug_aranges
                0x000000a0       0x30 CMakeFiles/Drone.elf.dir/HARDWARE/src/Moter.c.o
 .debug_aranges
                0x000000d0       0x68 CMakeFiles/Drone.elf.dir/HARDWARE/src/MyI2C.c.o
 .debug_aranges
                0x00000138       0x28 CMakeFiles/Drone.elf.dir/HARDWARE/src/Receiver.c.o
 .debug_aranges
                0x00000160       0x50 CMakeFiles/Drone.elf.dir/HARDWARE/src/Serial.c.o
 .debug_aranges
                0x000001b0       0x40 CMakeFiles/Drone.elf.dir/SYSTEM/src/Delay.c.o
 .debug_aranges
                0x000001f0       0x20 CMakeFiles/Drone.elf.dir/USER/src/main.c.o
 .debug_aranges
                0x00000210       0x50 CMakeFiles/Drone.elf.dir/USER/src/stm32f4xx_it.c.o
 .debug_aranges
                0x00000260       0x28 CMakeFiles/Drone.elf.dir/USER/src/system_stm32f4xx.c.o
 .debug_aranges
                0x00000288       0x58 CMakeFiles/Drone.elf.dir/os/src/app_hooks.c.o
 .debug_aranges
                0x000002e0       0xf8 CMakeFiles/Drone.elf.dir/os/src/os_core.c.o
 .debug_aranges
                0x000003d8       0x88 CMakeFiles/Drone.elf.dir/os/src/os_cpu_c.c.o
 .debug_aranges
                0x00000460       0x58 CMakeFiles/Drone.elf.dir/os/src/os_sem.c.o
 .debug_aranges
                0x000004b8       0x80 CMakeFiles/Drone.elf.dir/os/src/os_tmr.c.o
 .debug_aranges
                0x00000538       0x28 CMakeFiles/Drone.elf.dir/CORE/startup_stm32f401xe.s.o
 .debug_aranges
                0x00000560       0x20 CMakeFiles/Drone.elf.dir/os/os_cpu_a.s.o

.debug_rnglists
                0x00000000      0x429
 .debug_rnglists
                0x00000000       0x38 CMakeFiles/Drone.elf.dir/HARDWARE/src/HMC5883L.c.o
 .debug_rnglists
                0x00000038       0x37 CMakeFiles/Drone.elf.dir/HARDWARE/src/MPU.c.o
 .debug_rnglists
                0x0000006f       0x20 CMakeFiles/Drone.elf.dir/HARDWARE/src/Moter.c.o
 .debug_rnglists
                0x0000008f       0x49 CMakeFiles/Drone.elf.dir/HARDWARE/src/MyI2C.c.o
 .debug_rnglists
                0x000000d8       0x1a CMakeFiles/Drone.elf.dir/HARDWARE/src/Receiver.c.o
 .debug_rnglists
                0x000000f2       0x44 CMakeFiles/Drone.elf.dir/HARDWARE/src/Serial.c.o
 .debug_rnglists
                0x00000136       0x2b CMakeFiles/Drone.elf.dir/SYSTEM/src/Delay.c.o
 .debug_rnglists
                0x00000161       0x14 CMakeFiles/Drone.elf.dir/USER/src/main.c.o
 .debug_rnglists
                0x00000175       0x37 CMakeFiles/Drone.elf.dir/USER/src/stm32f4xx_it.c.o
 .debug_rnglists
                0x000001ac       0x1a CMakeFiles/Drone.elf.dir/USER/src/system_stm32f4xx.c.o
 .debug_rnglists
                0x000001c6       0x3d CMakeFiles/Drone.elf.dir/os/src/app_hooks.c.o
 .debug_rnglists
                0x00000203       0xfa CMakeFiles/Drone.elf.dir/os/src/os_core.c.o
 .debug_rnglists
                0x000002fd       0x61 CMakeFiles/Drone.elf.dir/os/src/os_cpu_c.c.o
 .debug_rnglists
                0x0000035e       0x3f CMakeFiles/Drone.elf.dir/os/src/os_sem.c.o
 .debug_rnglists
                0x0000039d       0x73 CMakeFiles/Drone.elf.dir/os/src/os_tmr.c.o
 .debug_rnglists
                0x00000410       0x19 CMakeFiles/Drone.elf.dir/CORE/startup_stm32f401xe.s.o

.debug_line     0x00000000     0x44d2
 .debug_line    0x00000000      0x412 CMakeFiles/Drone.elf.dir/HARDWARE/src/HMC5883L.c.o
 .debug_line    0x00000412      0x332 CMakeFiles/Drone.elf.dir/HARDWARE/src/MPU.c.o
 .debug_line    0x00000744      0x367 CMakeFiles/Drone.elf.dir/HARDWARE/src/Moter.c.o
 .debug_line    0x00000aab      0x3dc CMakeFiles/Drone.elf.dir/HARDWARE/src/MyI2C.c.o
 .debug_line    0x00000e87      0x317 CMakeFiles/Drone.elf.dir/HARDWARE/src/Receiver.c.o
 .debug_line    0x0000119e      0x47f CMakeFiles/Drone.elf.dir/HARDWARE/src/Serial.c.o
 .debug_line    0x0000161d      0x20d CMakeFiles/Drone.elf.dir/SYSTEM/src/Delay.c.o
 .debug_line    0x0000182a      0x214 CMakeFiles/Drone.elf.dir/USER/src/main.c.o